Archive member included because of file (symbol)

d:/winavr-20090313/bin/../lib/gcc/avr/4.3.2/avr51\libgcc.a(_mulsi3.o)
                              UART.o (__mulsi3)
d:/winavr-20090313/bin/../lib/gcc/avr/4.3.2/avr51\libgcc.a(_udivmodqi4.o)
                              f_menu.o (__udivmodqi4)
d:/winavr-20090313/bin/../lib/gcc/avr/4.3.2/avr51\libgcc.a(_divmodqi4.o)
                              f_menu.o (__divmodqi4)
d:/winavr-20090313/bin/../lib/gcc/avr/4.3.2/avr51\libgcc.a(_udivmodhi4.o)
                              f_menu.o (__udivmodhi4)
d:/winavr-20090313/bin/../lib/gcc/avr/4.3.2/avr51\libgcc.a(_divmodhi4.o)
                              f_menu.o (__divmodhi4)
d:/winavr-20090313/bin/../lib/gcc/avr/4.3.2/avr51\libgcc.a(_udivmodsi4.o)
                              f_menu.o (__udivmodsi4)
d:/winavr-20090313/bin/../lib/gcc/avr/4.3.2/avr51\libgcc.a(_exit.o)
                              d:/winavr-20090313/bin/../lib/gcc/avr/4.3.2/../../../../avr/lib/avr51/crtm128.o (exit)
d:/winavr-20090313/bin/../lib/gcc/avr/4.3.2/avr51\libgcc.a(_clear_bss.o)
                              master4.o (__do_clear_bss)
d:/winavr-20090313/bin/../lib/gcc/avr/4.3.2/../../../../avr/lib/avr51\libc.a(atoi.o)
                              f_menu.o (atoi)
d:/winavr-20090313/bin/../lib/gcc/avr/4.3.2/../../../../avr/lib/avr51\libc.a(strcpy_P.o)
                              f_menu.o (strcpy_P)
d:/winavr-20090313/bin/../lib/gcc/avr/4.3.2/../../../../avr/lib/avr51\libc.a(strcmp.o)
                              f_menu.o (strcmp)
d:/winavr-20090313/bin/../lib/gcc/avr/4.3.2/../../../../avr/lib/avr51\libc.a(strcpy.o)
                              f_menu.o (strcpy)
d:/winavr-20090313/bin/../lib/gcc/avr/4.3.2/../../../../avr/lib/avr51\libc.a(eerd_block.o)
                              f_menu.o (__eerd_block)
d:/winavr-20090313/bin/../lib/gcc/avr/4.3.2/../../../../avr/lib/avr51\libc.a(eewr_block.o)
                              f_menu.o (__eewr_block)
d:/winavr-20090313/bin/../lib/gcc/avr/4.3.2/../../../../avr/lib/avr51\libc.a(mul10.o)
                              d:/winavr-20090313/bin/../lib/gcc/avr/4.3.2/../../../../avr/lib/avr51\libc.a(atoi.o) (__mulhi_const_10)
d:/winavr-20090313/bin/../lib/gcc/avr/4.3.2/../../../../avr/lib/avr51\libc.a(sprintf_p.o)
                              f_menu.o (sprintf_P)
d:/winavr-20090313/bin/../lib/gcc/avr/4.3.2/../../../../avr/lib/avr51\libc.a(vfprintf_std.o)
                              d:/winavr-20090313/bin/../lib/gcc/avr/4.3.2/../../../../avr/lib/avr51\libc.a(sprintf_p.o) (vfprintf)
d:/winavr-20090313/bin/../lib/gcc/avr/4.3.2/../../../../avr/lib/avr51\libc.a(strnlen_P.o)
                              d:/winavr-20090313/bin/../lib/gcc/avr/4.3.2/../../../../avr/lib/avr51\libc.a(vfprintf_std.o) (strnlen_P)
d:/winavr-20090313/bin/../lib/gcc/avr/4.3.2/../../../../avr/lib/avr51\libc.a(strnlen.o)
                              d:/winavr-20090313/bin/../lib/gcc/avr/4.3.2/../../../../avr/lib/avr51\libc.a(vfprintf_std.o) (strnlen)
d:/winavr-20090313/bin/../lib/gcc/avr/4.3.2/../../../../avr/lib/avr51\libc.a(fputc.o)
                              d:/winavr-20090313/bin/../lib/gcc/avr/4.3.2/../../../../avr/lib/avr51\libc.a(vfprintf_std.o) (fputc)
d:/winavr-20090313/bin/../lib/gcc/avr/4.3.2/../../../../avr/lib/avr51\libc.a(ultoa_invert.o)
                              d:/winavr-20090313/bin/../lib/gcc/avr/4.3.2/../../../../avr/lib/avr51\libc.a(vfprintf_std.o) (__ultoa_invert)
d:/winavr-20090313/bin/../lib/gcc/avr/4.3.2/avr51\libgcc.a(_prologue.o)
                              d:/winavr-20090313/bin/../lib/gcc/avr/4.3.2/../../../../avr/lib/avr51\libc.a(eerd_block.o) (__prologue_saves__)
d:/winavr-20090313/bin/../lib/gcc/avr/4.3.2/avr51\libgcc.a(_epilogue.o)
                              d:/winavr-20090313/bin/../lib/gcc/avr/4.3.2/../../../../avr/lib/avr51\libc.a(eerd_block.o) (__epilogue_restores__)

Allocating common symbols
Common symbol       size              file

strGainPoints       0x9               f_menu.o
strLoyCardHolder    0x1f              f_menu.o
strPresetType       0x2               f_menu.o
strBalanceCode      0x2               f_menu.o
strLoyCardID        0x15              f_menu.o
__timercount        0x1               master4.o
strSurcharge        0xa               f_menu.o
__sec_flag          0x1               master4.o
strStandReceived    0x1e              f_menu.o
__sec_sign          0x1               master4.o
strCardHolder       0x29              f_menu.o
strTime             0x9               f_menu.o
LocalAccountFIP     0x5               f_menu.o
__command           0x32              master4.o
strBalanceTypePrint
                    0x1a              f_menu.o
__spi_istransmit    0x1               master4.o
strVolume           0x9               f_menu.o
strLoyCurrMonConsumeA
                    0xb               f_menu.o
CardType            0x1               f_menu.o
strStatus           0x2               f_menu.o
strMeterVolume      0xe               f_menu.o
strLoyRedeemPoints  0x9               f_menu.o
strBalanceType      0x2               f_menu.o
iExt                0x2               master4.o
strRef4             0x15              f_menu.o
__spi_i             0x1               SPI.o
strSystemDate       0x9               f_menu.o
strOdometer         0xa               f_menu.o
strCorporateName    0x1f              f_menu.o
strIFT_ID           0x3               f_menu.o
PrintBuffer         0x191             f_menu.o
strMOPName          0x15              f_menu.o
strGeniusCode       0xb               f_menu.o
AcknoledgeCommand   0x1               f_menu.o
strPrice            0x9               f_menu.o
PoolCmd             0x1               f_menu.o
RecPumpData         0x1a8             f_menu.o
strPaymentType      0x3               f_menu.o
__command_flag      0x1               master4.o
strInvoiceNumber    0xb               f_menu.o
strProduct          0xf               f_menu.o
NozzleID            0x1               f_menu.o
strDate             0xb               f_menu.o
__sec_count         0x1               master4.o
strCompName         0x15              f_menu.o
CurrentShiftDateTime
                    0x14              f_menu.o
CurrentShift        0x1               f_menu.o
strFreeMessageLine2
                    0x16              f_menu.o
__command_set       0x1               master4.o
strFIP_ID           0x3               f_menu.o
__timer             0x1               master4.o
strCurrentTime      0x14              f_menu.o
strKeyStamp         0xb               f_menu.o
strClientIP         0x11              f_menu.o
strSurchargeDesc    0x15              f_menu.o
strApprovalCode     0x7               f_menu.o
strServerIP         0x11              f_menu.o
strTotalVolume      0x14              f_menu.o
__spi_char          0x1               SPI.o
EDCType             0x1               f_menu.o
strDescription      0x10              f_menu.o
strFreeMessageLine3
                    0x16              f_menu.o
strNozzle           0x3               f_menu.o
strLoyCurrentPoints
                    0x9               f_menu.o
ShiftDateTime       0x14              f_menu.o
strSurchargeAmount  0xb               f_menu.o
strSerialFlow       0x14              f_menu.o
__timeout           0x1               master4.o
strProductID        0x3               f_menu.o
strSystemTime       0x9               f_menu.o
strRef3             0x15              f_menu.o
strFreeMessageLine1
                    0x16              f_menu.o
strTotalMoney       0x14              f_menu.o
strMeterAmount      0xe               f_menu.o
strIslandID         0x3               f_menu.o
strLicPlate         0xb               f_menu.o
strDeltaVolume      0xf               f_menu.o
strPrevPoints       0x9               f_menu.o
rcv_trans           0x26c             f_menu.o
strCardID           0x15              f_menu.o
strRef2             0x15              f_menu.o
strAmount           0xb               f_menu.o
IsMessage03         0x1               f_menu.o
strDateTime         0x14              f_menu.o
strSeqNum           0x3               f_menu.o
__package           0x82              master4.o
PoolMsg             0x1               f_menu.o
IncomingTransaction
                    0x2               f_menu.o
strFreeMessageLine4
                    0x16              f_menu.o
AcknoledgePump      0x1               f_menu.o
strLoyCurrMonConsumeV
                    0xb               f_menu.o
strBalance          0x12              f_menu.o
strCorporateID      0x15              f_menu.o
strBalanceValue     0xe               f_menu.o
strDeltaMoney       0xf               f_menu.o
lcdteks             0x14              master4.o
strVoucherNum       0x15              f_menu.o
strRFID             0xa               f_menu.o
strRestoreCode      0xb               f_menu.o
strMOPType          0x2               f_menu.o
strShift            0x2               f_menu.o
strReceiptNum       0x7               f_menu.o
strAprovalCode      0x7               f_menu.o
strLoyExpiry        0xb               f_menu.o
strPrintCount       0x3               f_menu.o
__sec_par           0x1               master4.o
strTranNo           0x7               f_menu.o
IsPowerOn           0x1               master4.o
strRef1             0x15              f_menu.o
strCardType         0x10              f_menu.o

Memory Configuration

Name             Origin             Length             Attributes
text             0x00000000         0x00020000         xr
data             0x00800060         0x0000ffa0         rw !x
eeprom           0x00810000         0x00010000         rw !x
fuse             0x00820000         0x00000400         rw !x
lock             0x00830000         0x00000400         rw !x
signature        0x00840000         0x00000400         rw !x
*default*        0x00000000         0xffffffff

Linker script and memory map

Address of section .data set to 0x800100
LOAD d:/winavr-20090313/bin/../lib/gcc/avr/4.3.2/../../../../avr/lib/avr51/crtm128.o
LOAD master4.o
LOAD f_menu.o
LOAD LCD.o
LOAD KEYPAD.o
LOAD SPI.o
LOAD RTC.o
LOAD UART.o
LOAD d:/winavr-20090313/bin/../lib/gcc/avr/4.3.2/avr51\libgcc.a
LOAD d:/winavr-20090313/bin/../lib/gcc/avr/4.3.2/../../../../avr/lib/avr51\libc.a
LOAD d:/winavr-20090313/bin/../lib/gcc/avr/4.3.2/avr51\libgcc.a

.hash
 *(.hash)

.dynsym
 *(.dynsym)

.dynstr
 *(.dynstr)

.gnu.version
 *(.gnu.version)

.gnu.version_d
 *(.gnu.version_d)

.gnu.version_r
 *(.gnu.version_r)

.rel.init
 *(.rel.init)

.rela.init
 *(.rela.init)

.rel.text
 *(.rel.text)
 *(.rel.text.*)
 *(.rel.gnu.linkonce.t*)

.rela.text
 *(.rela.text)
 *(.rela.text.*)
 *(.rela.gnu.linkonce.t*)

.rel.fini
 *(.rel.fini)

.rela.fini
 *(.rela.fini)

.rel.rodata
 *(.rel.rodata)
 *(.rel.rodata.*)
 *(.rel.gnu.linkonce.r*)

.rela.rodata
 *(.rela.rodata)
 *(.rela.rodata.*)
 *(.rela.gnu.linkonce.r*)

.rel.data
 *(.rel.data)
 *(.rel.data.*)
 *(.rel.gnu.linkonce.d*)

.rela.data
 *(.rela.data)
 *(.rela.data.*)
 *(.rela.gnu.linkonce.d*)

.rel.ctors
 *(.rel.ctors)

.rela.ctors
 *(.rela.ctors)

.rel.dtors
 *(.rel.dtors)

.rela.dtors
 *(.rela.dtors)

.rel.got
 *(.rel.got)

.rela.got
 *(.rela.got)

.rel.bss
 *(.rel.bss)

.rela.bss
 *(.rela.bss)

.rel.plt
 *(.rel.plt)

.rela.plt
 *(.rela.plt)

.text           0x00000000    0x1722a
 *(.vectors)
 .vectors       0x00000000       0x8c d:/winavr-20090313/bin/../lib/gcc/avr/4.3.2/../../../../avr/lib/avr51/crtm128.o
                0x00000000                __vectors
                0x00000000                __vector_default
 *(.vectors)
 *(.progmem.gcc*)
 .progmem.gcc_sw_table
                0x0000008c      0x1ce f_menu.o
 *(.progmem*)
 .progmem.data  0x0000025a       0x7a master4.o
                0x0000025a                __logo
 .progmem.data  0x000002d4     0x20d8 f_menu.o
                0x000002d4                __prodloc
                0x00000315                strDispenserName3
                0x000002e0                __prntloc
                0x000002f8                __hostloc
                0x00000320                strDispenserName4
                0x00000328                strDispenserName5
                0x000002ec                __prntlmt
                0x0000030c                strDispenserName2
                0x000002f2                __prntstr
                0x00000308                strDispenserName1
                0x000002fe                MaxKeyHit
                0x0000032b                DefListDispenserName
 .progmem.data  0x000023ac       0x54 LCD.o
 .progmem.data  0x00002400       0x82 KEYPAD.o
                0x00002478                __maxchar
                0x00002400                __alphanum
                0x00002482                . = ALIGN (0x2)
                0x00002482                __trampolines_start = .
 *(.trampolines)
 .trampolines   0x00002482        0x0 linker stubs
 *(.trampolines*)
                0x00002482                __trampolines_end = .
 *(.jumptables)
 *(.jumptables*)
 *(.lowtext)
 *(.lowtext*)
                0x00002482                __ctors_start = .
 *(.ctors)
                0x00002482                __ctors_end = .
                0x00002482                __dtors_start = .
 *(.dtors)
                0x00002482                __dtors_end = .
 SORT(*)(.ctors)
 SORT(*)(.dtors)
 *(.init0)
 .init0         0x00002482        0x0 d:/winavr-20090313/bin/../lib/gcc/avr/4.3.2/../../../../avr/lib/avr51/crtm128.o
                0x00002482                __init
 *(.init0)
 *(.init1)
 *(.init1)
 *(.init2)
 .init2         0x00002482        0xc d:/winavr-20090313/bin/../lib/gcc/avr/4.3.2/../../../../avr/lib/avr51/crtm128.o
 *(.init2)
 *(.init3)
 *(.init3)
 *(.init4)
 .init4         0x0000248e       0x1a d:/winavr-20090313/bin/../lib/gcc/avr/4.3.2/../../../../avr/lib/avr51/crtm128.o
                0x0000248e                __do_copy_data
 .init4         0x000024a8       0x10 d:/winavr-20090313/bin/../lib/gcc/avr/4.3.2/avr51\libgcc.a(_clear_bss.o)
                0x000024a8                __do_clear_bss
 *(.init4)
 *(.init5)
 *(.init5)
 *(.init6)
 *(.init6)
 *(.init7)
 *(.init7)
 *(.init8)
 *(.init8)
 *(.init9)
 .init9         0x000024b8        0x8 d:/winavr-20090313/bin/../lib/gcc/avr/4.3.2/../../../../avr/lib/avr51/crtm128.o
 *(.init9)
 *(.text)
 .text          0x000024c0        0x4 d:/winavr-20090313/bin/../lib/gcc/avr/4.3.2/../../../../avr/lib/avr51/crtm128.o
                0x000024c0                __vector_22
                0x000024c0                __vector_28
                0x000024c0                __vector_1
                0x000024c0                __vector_32
                0x000024c0                __vector_34
                0x000024c0                __vector_24
                0x000024c0                __bad_interrupt
                0x000024c0                __vector_6
                0x000024c0                __vector_31
                0x000024c0                __vector_3
                0x000024c0                __vector_23
                0x000024c0                __vector_25
                0x000024c0                __vector_11
                0x000024c0                __vector_13
                0x000024c0                __vector_19
                0x000024c0                __vector_7
                0x000024c0                __vector_27
                0x000024c0                __vector_5
                0x000024c0                __vector_33
                0x000024c0                __vector_4
                0x000024c0                __vector_9
                0x000024c0                __vector_2
                0x000024c0                __vector_21
                0x000024c0                __vector_15
                0x000024c0                __vector_29
                0x000024c0                __vector_8
                0x000024c0                __vector_26
                0x000024c0                __vector_14
                0x000024c0                __vector_10
                0x000024c0                __vector_16
                0x000024c0                __vector_20
 .text          0x000024c4      0x128 master4.o
                0x000025e2                main
                0x0000252a                SystemInit
                0x000024c4                systemOnReset
 .text          0x000025ec    0x13586 f_menu.o
                0x0001258e                FMenuReprint
                0x00004512                CreateReport
                0x0000a948                FreePrinting
                0x00002ae2                charToHex
                0x000031e6                IdentifyMessage
                0x000027a0                ScanEDCFlow
                0x00009a4c                InitPrinter
                0x00002e48                StrPosPaste
                0x00002cae                InitStandalone
                0x0000ed48                _menu_pump
                0x00002924                ScanRFIDFlow
                0x00005300                ResetTotalizer
                0x00004f3c                GetTotalizerMoney
                0x000090b4                FSettingHost
                0x00003fb6                UpdateClientIP
                0x000048f2                PstrCopy
                0x00004928                SpaceOnly
                0x00003562                SetIncomingTransStatus
                0x0000e7bc                SendSlaveCommand
                0x000113f8                FSettingProduct
                0x00013184                SetBaudRate
                0x0000974c                _menu_printer
                0x00004d2c                procMessage57
                0x00009e0e                sendMessage92
                0x00004086                GenerateStandaloneTransData
                0x00009a06                SendPrint
                0x00008dba                _menu_host
                0x00003560                GeniusSendPumpPreset
                0x000100e4                TestUserInput
                0x000037cc                UpdateSeqNum
                0x000062f2                WrapCode
                0x00004840                IsMoreThan
                0x00002c12                TestLocalAccount
                0x00009b50                PrintDoubleHeight
                0x000045ee                AddList
                0x0000a7ba                sendMessage10
                0x00002614                __vector_12
                0x00002bb6                StringCopy
                0x0000521a                SaveTotalizerCurrentToLast
                0x00003822                UpdateIFT_ID
                0x00003792                leadingZero
                0x000061e8                CountTotalizerSatus
                0x000047dc                IsMinus
                0x00008536                procMessage99
                0x000030d8                FillChar
                0x0000e7ea                FSettingPumpID
                0x0000c53a                FMenuShift
                0x00002cb0                DisplayQueueFIP
                0x00005b14                NormalizeOverflow
                0x00006a2a                FormatPrice
                0x0000355e                GeniusSendResumePump
                0x00003e68                SelectMark
                0x00004fb0                GetTransactionMoney
                0x0000344c                Chr
                0x00002ac8                Str
                0x00002cb8                systemEDC
                0x00002d58                FCloseDay
                0x00012408                FMenuPassword
                0x00009fcc                sendMessage90
                0x000090bc                _menu_pumpprodinput
                0x0000eda2                FMenuPumpType
                0x0000df04                FSettingPumpPooling
                0x00010932                FTestCalculation
                0x0000306c                procMessage81
                0x0000a480                sendMessage28
                0x00011810                FMenuSettingFooter
                0x000030f2                ProcMessage91
                0x000043da                SumChecksum
                0x000059ae                CalcMultiply
                0x00004c98                RemSpaceLag
                0x000061b4                AddCharLag
                0x0000a880                sendMessage04
                0x0000bcca                procMessage11
                0x00010558                FSettingDec
                0x000035c6                GetIncomingTransStatus
                0x000131f0                FSettingSystem
                0x00003876                MasterReset
                0x00002ac2                High
                0x00006244                RemoveChar
                0x00003bc2                GetFIPAddr
                0x000127fa                FMenuAdmin
                0x00008410                __vector_30
                0x00002b2c                strToInt
                0x00002e04                GetLocAccStatus
                0x00002e88                CharPosCopy
                0x00003e00                SaveToEEPROM
                0x00002cba                GeniusCalc
                0x0000348a                GetBorderValue
                0x00002e14                FTestRemZero
                0x0000a11a                sendMessage58
                0x0000355a                GeniusSendPumpStatus
                0x00002abc                systemRestart
                0x00002d5c                FMenuSettingPassword
                0x000053b0                AddZeroLag
                0x00003462                GetTabSpace
                0x00009b1c                PrintNormalHeight
                0x00011ecc                FMenuAdminSettings
                0x00004ad0                FormatDate
                0x00006094                StrAlignCenter
                0x0000e3da                DisplayIdle
                0x00005fac                systemGeniusProtocol
                0x00011fda                FMenuMaster
                0x00002790                SendPoolingCommand
                0x00006a44                systemGenerateReport
                0x00008ca6                _scr_pump
                0x000069f6                FormatVolume
                0x00004c02                RemSpaceLead
                0x0000c09a                FCloseShift
                0x0000fa24                __vector_17
                0x000128e4                FMenuChangeMOP
                0x00004e46                clearString
                0x00003d40                GetTotalizerData
                0x0000a6b0                sendMessage22
                0x000152be                SaveConfigParameter
                0x00004b72                RemZeroLead
                0x000035fe                SetDispenser
                0x00002c14                BackLightTrig
                0x000053e6                StrCalc
                0x0000355c                GeniusSendStopPump
                0x0000d402                ValidateGeniusCode
                0x00008bd4                _scr_idle
                0x0000c9da                FSettingDatetime
                0x00002c2a                FBackLight
                0x0000441a                IsGeniusCommand
                0x00009b84                PaperCut
                0x00002eb2                procMessage09
                0x00015700                FMenuIdle
                0x000036a6                ComposeDatetime
                0x0000ceec                FMenuLoyalty
                0x00002d62                IncValue
                0x00002d1e                CountNoPumpSatus
                0x00003cec                GetPumpID
                0x00004e6e                AddZeroLead
                0x0000ef2a                FSettingPump
                0x0000e6b2                SendEDCMessage
                0x00002aae                system_beep
                0x0000f8d8                ScanStandaloneFlow
                0x000089a8                GetMessageID
                0x0000a598                sendMessage24
                0x000068ce                FormatDecimal
                0x00002cb2                ShowMessage
                0x00014e8a                SendConfigParamater
                0x000137ac                InitComport
                0x00002c5c                GetBaudrate
                0x00002d86                zeroIP
                0x000089e6                FTestChar
                0x000033e4                RawToStr
                0x000069dc                FormatTotalizerMoney
                0x000032ca                _f_inttostr
                0x0000ae74                PrintIdle
                0x00002d74                DecValue
                0x000080fe                GenerateTransactionNum
                0x00002d60                menu_product
                0x000047e6                RemoveMinus
                0x00002f48                procMessage23
                0x00002be2                StringCopyPos
                0x0000d470                FMenuSettingServerIP
                0x00005d8c                GeniusSendLastTransaction
                0x00002b92                ViewCardID
                0x000060e8                AddCharLead
                0x0000a2ca                sendMessage32
                0x0000432e                PrintStandalone
                0x00005c80                AddSpaceLag
                0x00002cb4                CalcLRC
                0x00004654                ClearList
                0x0000d3be                ValidateRestoreCode
                0x00002e92                procMessage00
                0x0000efb2                InitializeConnection
                0x0000343c                CalcPlus
                0x000080aa                UpdateCardID
                0x000138ba                sendMessage56
                0x00002722                RePrintStandalone
                0x0000467c                CalcSegmen
                0x00013a0e                FMenuLocalAccount
                0x00005cb6                GetProductName
                0x00003b28                procMessage21
                0x00006674                GeneratePrintInit
                0x000033a8                StrToRaw
                0x000048c0                IsZerroAll
                0x00002b3e                intToStr
                0x00006a10                FormatMoney
                0x00004f76                GetTotalizerVolume
                0x0000957a                _f_punctuation
                0x00003430                CalcMinus
                0x000069b8                NormalizeDecimal
                0x000029c8                ScanCommand
                0x00002726                GetPumpStatusLabel
                0x000063c6                GenerateKeyStamp
                0x0000e668                systemMaster
                0x000094fa                system_stop
                0x00009530                systemForceType
                0x00004962                RemDecimal
                0x0000930e                FMenuPumpLabel
                0x000029cc                ConfigProtocol
                0x000092bc                _menu_pumpprod
                0x00008316                GeniusProtocol
                0x00005024                GetTransactionVolume
                0x00008a94                DisplayPumpStatus
                0x00009bbe                sendMessage98
                0x0000c6a4                _menu_datetime
                0x0000bcc0                systemPrinting
                0x0000e69c                EDCSendByte
                0x0001352e                FMenuSettings
                0x0000f7ba                StoreStandaloneTotalizerData
                0x000064ee                GenerateGeniusCode
                0x00003502                InserBorder
                0x0000c9e2                menu_FIP
                0x000049a2                GetProductPrice
                0x00005bb2                AddSpaceLead
                0x000081e6                GetParameter
                0x00009cc0                sendMessage94
                0x00006762                FormatCurrency
                0x0000e382                DisplayTicker
                0x0000f2ec                StoreStandaloneTransData
                0x000099fe                FSettingPrinter
                0x00010e12                FSettingOperator
                0x00002abe                Low
                0x0000c5f6                DisplayDateTime
                0x0000ed3e                _menu_pumpid
                0x00003458                Ord
                0x000047a6                GetMinusPos
                0x000069c2                FormatTotalizerVolume
                0x00003c30                UpdateStandaloneStatus
                0x00010b56                FMenuTicket
                0x00002d1a                FSubMenuAdmin
                0x00002e16                StrPosCopy
                0x00002d5a                FLockPump
                0x00011b6e                FMenuSettingHeader
                0x000136dc                FMenuAuthorization
                0x00005098                SetTotalizerData
                0x0000e67e                systemSlave
                0x0000cd04                FMenuEDCTransaction
                0x00002986                __vector_18
                0x000044a4                Pos
                0x000032b0                Tab
                0x000156b4                systemConfigProtocol
                0x0000d984                FMenuSettingClientIP
                0x00008b60                FViewFreeMessage
                0x0000de98                DisplayStandaloneSequence
                0x0000fa96                UserInput
                0x00009a36                CarriegeReturn
                0x00002c84                InitMemory
                0x00003ee6                UpdateServerIP
                0x00002922                ScanHiddenKeyFlow
 .text          0x00015b72      0x2be LCD.o
                0x00015c98                lcd_xy
                0x00015d28                lcd_printf
                0x00015d82                lcd_clear
                0x00015c7e                lcd_string
                0x00015dc6                lcd_cgram
                0x00015cd0                lcd_print
                0x00015bc4                lcd_init
                0x00015c4c                _lcd
                0x00015db4                lcd_put
                0x00015e02                ClearMem
                0x00015b72                lcd_command
 .text          0x00015e30      0x384 KEYPAD.o
                0x00015f72                _table_alphanum
                0x00015e8a                _key_crr
                0x00015e30                _key_hit
                0x00015ece                _key_btn
                0x0001600c                _key_scan
 .text          0x000161b4      0x26a SPI.o
                0x00016208                _spi
                0x000163c2                _spi_command
                0x000161b4                _spi_init
                0x00016212                _spi_rx
                0x000161da                _spi_enable
                0x00016242                _spi_tx
                0x00016300                _spi_interrupt
                0x000162a8                _spi_txnum
 .text          0x0001641e      0x30a RTC.o
                0x000165a2                _datetime
                0x000166e2                _day
                0x0001641e                _rtc
 .text          0x00016728      0x362 UART.o
                0x00016886                Int2Str
                0x00016964                Str2Int
                0x000167e4                _uart_print
                0x00016784                _uart_init
                0x000167aa                _uart
                0x00016728                _uart_baudrate
                0x00016834                _uart_printf
 .text          0x00016a8a        0x0 d:/winavr-20090313/bin/../lib/gcc/avr/4.3.2/avr51\libgcc.a(_mulsi3.o)
 .text          0x00016a8a        0x0 d:/winavr-20090313/bin/../lib/gcc/avr/4.3.2/avr51\libgcc.a(_udivmodqi4.o)
 .text          0x00016a8a        0x0 d:/winavr-20090313/bin/../lib/gcc/avr/4.3.2/avr51\libgcc.a(_divmodqi4.o)
 .text          0x00016a8a        0x0 d:/winavr-20090313/bin/../lib/gcc/avr/4.3.2/avr51\libgcc.a(_udivmodhi4.o)
 .text          0x00016a8a        0x0 d:/winavr-20090313/bin/../lib/gcc/avr/4.3.2/avr51\libgcc.a(_divmodhi4.o)
 .text          0x00016a8a        0x0 d:/winavr-20090313/bin/../lib/gcc/avr/4.3.2/avr51\libgcc.a(_udivmodsi4.o)
 .text          0x00016a8a        0x0 d:/winavr-20090313/bin/../lib/gcc/avr/4.3.2/avr51\libgcc.a(_exit.o)
 .text          0x00016a8a        0x0 d:/winavr-20090313/bin/../lib/gcc/avr/4.3.2/avr51\libgcc.a(_clear_bss.o)
 .text          0x00016a8a       0x3c d:/winavr-20090313/bin/../lib/gcc/avr/4.3.2/../../../../avr/lib/avr51\libc.a(atoi.o)
                0x00016a8a                atoi
 .text          0x00016ac6        0xe d:/winavr-20090313/bin/../lib/gcc/avr/4.3.2/../../../../avr/lib/avr51\libc.a(strcpy_P.o)
                0x00016ac6                strcpy_P
 .text          0x00016ad4       0x12 d:/winavr-20090313/bin/../lib/gcc/avr/4.3.2/../../../../avr/lib/avr51\libc.a(strcmp.o)
                0x00016ad4                strcmp
 .text          0x00016ae6        0xe d:/winavr-20090313/bin/../lib/gcc/avr/4.3.2/../../../../avr/lib/avr51\libc.a(strcpy.o)
                0x00016ae6                strcpy
 .text          0x00016af4       0x38 d:/winavr-20090313/bin/../lib/gcc/avr/4.3.2/../../../../avr/lib/avr51\libc.a(eerd_block.o)
                0x00016af4                __eerd_block
 .text          0x00016b2c       0x38 d:/winavr-20090313/bin/../lib/gcc/avr/4.3.2/../../../../avr/lib/avr51\libc.a(eewr_block.o)
                0x00016b2c                __eewr_block
 .text          0x00016b64       0x10 d:/winavr-20090313/bin/../lib/gcc/avr/4.3.2/../../../../avr/lib/avr51\libc.a(mul10.o)
                0x00016b64                __mulhi_const_10
 .text          0x00016b74       0x48 d:/winavr-20090313/bin/../lib/gcc/avr/4.3.2/../../../../avr/lib/avr51\libc.a(sprintf_p.o)
                0x00016b74                sprintf_P
 .text          0x00016bbc      0x3ba d:/winavr-20090313/bin/../lib/gcc/avr/4.3.2/../../../../avr/lib/avr51\libc.a(vfprintf_std.o)
                0x00016bbc                vfprintf
 .text          0x00016f76       0x16 d:/winavr-20090313/bin/../lib/gcc/avr/4.3.2/../../../../avr/lib/avr51\libc.a(strnlen_P.o)
                0x00016f76                strnlen_P
 .text          0x00016f8c       0x16 d:/winavr-20090313/bin/../lib/gcc/avr/4.3.2/../../../../avr/lib/avr51\libc.a(strnlen.o)
                0x00016f8c                strnlen
 .text          0x00016fa2       0x58 d:/winavr-20090313/bin/../lib/gcc/avr/4.3.2/../../../../avr/lib/avr51\libc.a(fputc.o)
                0x00016fa2                fputc
 .text          0x00016ffa       0xbc d:/winavr-20090313/bin/../lib/gcc/avr/4.3.2/../../../../avr/lib/avr51\libc.a(ultoa_invert.o)
                0x00016ffa                __ultoa_invert
 .text          0x000170b6        0x0 d:/winavr-20090313/bin/../lib/gcc/avr/4.3.2/avr51\libgcc.a(_prologue.o)
 .text          0x000170b6        0x0 d:/winavr-20090313/bin/../lib/gcc/avr/4.3.2/avr51\libgcc.a(_epilogue.o)
                0x000170b6                . = ALIGN (0x2)
 *(.text.*)
 .text.libgcc   0x000170b6       0x3e d:/winavr-20090313/bin/../lib/gcc/avr/4.3.2/avr51\libgcc.a(_mulsi3.o)
                0x000170b6                __mulsi3
 .text.libgcc   0x000170f4       0x18 d:/winavr-20090313/bin/../lib/gcc/avr/4.3.2/avr51\libgcc.a(_udivmodqi4.o)
                0x000170f4                __udivmodqi4
 .text.libgcc   0x0001710c       0x1a d:/winavr-20090313/bin/../lib/gcc/avr/4.3.2/avr51\libgcc.a(_divmodqi4.o)
                0x0001710c                __divmodqi4
 .text.libgcc   0x00017126       0x28 d:/winavr-20090313/bin/../lib/gcc/avr/4.3.2/avr51\libgcc.a(_udivmodhi4.o)
                0x00017126                __udivmodhi4
 .text.libgcc   0x0001714e       0x26 d:/winavr-20090313/bin/../lib/gcc/avr/4.3.2/avr51\libgcc.a(_divmodhi4.o)
                0x0001714e                __divmodhi4
                0x0001714e                _div
 .text.libgcc   0x00017174       0x44 d:/winavr-20090313/bin/../lib/gcc/avr/4.3.2/avr51\libgcc.a(_udivmodsi4.o)
                0x00017174                __udivmodsi4
 .text.libgcc   0x000171b8        0x0 d:/winavr-20090313/bin/../lib/gcc/avr/4.3.2/avr51\libgcc.a(_exit.o)
 .text.libgcc   0x000171b8        0x0 d:/winavr-20090313/bin/../lib/gcc/avr/4.3.2/avr51\libgcc.a(_clear_bss.o)
 .text.libgcc   0x000171b8       0x38 d:/winavr-20090313/bin/../lib/gcc/avr/4.3.2/avr51\libgcc.a(_prologue.o)
                0x000171b8                __prologue_saves__
 .text.libgcc   0x000171f0       0x36 d:/winavr-20090313/bin/../lib/gcc/avr/4.3.2/avr51\libgcc.a(_epilogue.o)
                0x000171f0                __epilogue_restores__
                0x00017226                . = ALIGN (0x2)
 *(.fini9)
 .fini9         0x00017226        0x0 d:/winavr-20090313/bin/../lib/gcc/avr/4.3.2/avr51\libgcc.a(_exit.o)
                0x00017226                exit
                0x00017226                _exit
 *(.fini9)
 *(.fini8)
 *(.fini8)
 *(.fini7)
 *(.fini7)
 *(.fini6)
 *(.fini6)
 *(.fini5)
 *(.fini5)
 *(.fini4)
 *(.fini4)
 *(.fini3)
 *(.fini3)
 *(.fini2)
 *(.fini2)
 *(.fini1)
 *(.fini1)
 *(.fini0)
 .fini0         0x00017226        0x4 d:/winavr-20090313/bin/../lib/gcc/avr/4.3.2/avr51\libgcc.a(_exit.o)
 *(.fini0)
                0x0001722a                _etext = .

.data           0x00800100       0x5e load address 0x0001722a
                0x00800100                PROVIDE (__data_start, .)
 *(.data)
 .data          0x00800100        0x0 d:/winavr-20090313/bin/../lib/gcc/avr/4.3.2/../../../../avr/lib/avr51/crtm128.o
 .data          0x00800100        0x0 master4.o
 .data          0x00800100       0x5e f_menu.o
                0x00800123                IsSetPumpType
                0x00800111                IsNewPumpStatus
                0x00800112                strPumpStatus
                0x00800110                IFType
                0x00800124                MsgCode
 .data          0x0080015e        0x0 LCD.o
 .data          0x0080015e        0x0 KEYPAD.o
 .data          0x0080015e        0x0 SPI.o
 .data          0x0080015e        0x0 RTC.o
 .data          0x0080015e        0x0 UART.o
 .data          0x0080015e        0x0 d:/winavr-20090313/bin/../lib/gcc/avr/4.3.2/avr51\libgcc.a(_mulsi3.o)
 .data          0x0080015e        0x0 d:/winavr-20090313/bin/../lib/gcc/avr/4.3.2/avr51\libgcc.a(_udivmodqi4.o)
 .data          0x0080015e        0x0 d:/winavr-20090313/bin/../lib/gcc/avr/4.3.2/avr51\libgcc.a(_divmodqi4.o)
 .data          0x0080015e        0x0 d:/winavr-20090313/bin/../lib/gcc/avr/4.3.2/avr51\libgcc.a(_udivmodhi4.o)
 .data          0x0080015e        0x0 d:/winavr-20090313/bin/../lib/gcc/avr/4.3.2/avr51\libgcc.a(_divmodhi4.o)
 .data          0x0080015e        0x0 d:/winavr-20090313/bin/../lib/gcc/avr/4.3.2/avr51\libgcc.a(_udivmodsi4.o)
 .data          0x0080015e        0x0 d:/winavr-20090313/bin/../lib/gcc/avr/4.3.2/avr51\libgcc.a(_exit.o)
 .data          0x0080015e        0x0 d:/winavr-20090313/bin/../lib/gcc/avr/4.3.2/avr51\libgcc.a(_clear_bss.o)
 .data          0x0080015e        0x0 d:/winavr-20090313/bin/../lib/gcc/avr/4.3.2/../../../../avr/lib/avr51\libc.a(atoi.o)
 .data          0x0080015e        0x0 d:/winavr-20090313/bin/../lib/gcc/avr/4.3.2/../../../../avr/lib/avr51\libc.a(strcpy_P.o)
 .data          0x0080015e        0x0 d:/winavr-20090313/bin/../lib/gcc/avr/4.3.2/../../../../avr/lib/avr51\libc.a(strcmp.o)
 .data          0x0080015e        0x0 d:/winavr-20090313/bin/../lib/gcc/avr/4.3.2/../../../../avr/lib/avr51\libc.a(strcpy.o)
 .data          0x0080015e        0x0 d:/winavr-20090313/bin/../lib/gcc/avr/4.3.2/../../../../avr/lib/avr51\libc.a(eerd_block.o)
 .data          0x0080015e        0x0 d:/winavr-20090313/bin/../lib/gcc/avr/4.3.2/../../../../avr/lib/avr51\libc.a(eewr_block.o)
 .data          0x0080015e        0x0 d:/winavr-20090313/bin/../lib/gcc/avr/4.3.2/../../../../avr/lib/avr51\libc.a(mul10.o)
 .data          0x0080015e        0x0 d:/winavr-20090313/bin/../lib/gcc/avr/4.3.2/../../../../avr/lib/avr51\libc.a(sprintf_p.o)
 .data          0x0080015e        0x0 d:/winavr-20090313/bin/../lib/gcc/avr/4.3.2/../../../../avr/lib/avr51\libc.a(vfprintf_std.o)
 .data          0x0080015e        0x0 d:/winavr-20090313/bin/../lib/gcc/avr/4.3.2/../../../../avr/lib/avr51\libc.a(strnlen_P.o)
 .data          0x0080015e        0x0 d:/winavr-20090313/bin/../lib/gcc/avr/4.3.2/../../../../avr/lib/avr51\libc.a(strnlen.o)
 .data          0x0080015e        0x0 d:/winavr-20090313/bin/../lib/gcc/avr/4.3.2/../../../../avr/lib/avr51\libc.a(fputc.o)
 .data          0x0080015e        0x0 d:/winavr-20090313/bin/../lib/gcc/avr/4.3.2/../../../../avr/lib/avr51\libc.a(ultoa_invert.o)
 .data          0x0080015e        0x0 d:/winavr-20090313/bin/../lib/gcc/avr/4.3.2/avr51\libgcc.a(_prologue.o)
 .data          0x0080015e        0x0 d:/winavr-20090313/bin/../lib/gcc/avr/4.3.2/avr51\libgcc.a(_epilogue.o)
 *(.data*)
 *(.rodata)
 *(.rodata*)
 *(.gnu.linkonce.d*)
                0x0080015e                . = ALIGN (0x2)
                0x0080015e                _edata = .
                0x0080015e                PROVIDE (__data_end, .)

.bss            0x0080015e      0xd31
                0x0080015e                PROVIDE (__bss_start, .)
 *(.bss)
 .bss           0x0080015e        0x0 d:/winavr-20090313/bin/../lib/gcc/avr/4.3.2/../../../../avr/lib/avr51/crtm128.o
 .bss           0x0080015e        0x1 master4.o
                0x0080015e                IsMMCExist
 .bss           0x0080015f      0x25f f_menu.o
                0x008001d0                Shift
                0x00800162                CurrentPumpStatus
                0x008001a5                TimTicker
                0x008001b7                IsMessage11
                0x008001cb                cmdPrint
                0x008001da                PumpID
                0x00800199                IsGenerateReport
                0x00800192                IsReprintTicket
                0x0080015f                PumpCountMax
                0x008001ad                IsViewFillingFIP
                0x008001ce                StatusEDC
                0x0080019c                char_count
                0x00800197                IsControlPooling
                0x008001a6                TimPressed
                0x008001bb                IsMessage10
                0x008001ae                IsSendMessageEDC
                0x008001be                IsMessage91
                0x008001ca                IsBusyFreePrinting
                0x008001bd                IsMessage81
                0x008001af                IsRFIDDetected
                0x008001b9                IsMessage23
                0x008001c2                IsNoTransaction
                0x00800160                ActivePump
                0x008001a4                nLocalAccount
                0x008001b4                IsStandaloneTrans
                0x008001c8                IsBusyIdlePrinting
                0x00800182                ReprintReady
                0x008001c1                IsAdvanzStartupInfo
                0x008001ab                IsClearMessage
                0x00800198                IsConfigFlow
                0x008001ac                IsWaitDisplay
                0x0080019b                IsNewPacket
                0x008001c4                IsBusyMsg11
                0x00800193                iSequencePooling
                0x008001c6                ConfigCommand
                0x008001b6                IsMessage99
                0x008001ba                IsMessage09
                0x008001d2                TimLocAcc
                0x00800161                DispenserBrand
                0x008001a2                TimBackLight
                0x008001b1                IsPrintApprovalCode
                0x008001c5                IsTotalizerReceived
                0x008001b8                IsMessage21
                0x008001a7                TimDisplay
                0x008001b3                IsStandAloneDetected
                0x00800172                PrintedStatus
                0x008001c0                IsCompleteFilling
                0x008001aa                IsShowMessage
                0x008001c9                IsBusyPrint
                0x008001a0                LengthMessage81
                0x008001bf                IsFreePrinting
                0x008001d1                SeqNum
                0x0080019e                transLength
                0x008001c7                IsPrintERROR
                0x008001d4                iRFID
                0x00800196                IsPoolingRestarted
                0x008001d6                TimBeep
                0x008001bc                IsMessage57
                0x008001b5                IsMessage00
                0x008001c3                IsPrinting
                0x0080019a                IsFinishPrintingTotalizer
                0x008001cf                MOPType
                0x008001b0                IsEDCApproved
                0x008001d8                ProcTimeOut
                0x008001b2                IsVoidTransaction
                0x00800195                IsStandaloneAcknoledge
                0x008001cc                TimPrintBusy
                0x008001a8                TimSend
                0x00800194                IsNewPoolingSequence
 .bss           0x008003be        0x0 LCD.o
 .bss           0x008003be        0x6 KEYPAD.o
                0x008003c1                __pad_loop
                0x008003bf                __key_light
                0x008003c2                __key_shift
                0x008003c3                __key_shfcnt
                0x008003c0                __key_lgtcnt
                0x008003be                __lock_num
 .bss           0x008003c4        0x2 SPI.o
                0x008003c4                __spi_isstart
                0x008003c5                __spi_ismessage
 .bss           0x008003c6        0x0 RTC.o
 .bss           0x008003c6        0x0 UART.o
 .bss           0x008003c6        0x0 d:/winavr-20090313/bin/../lib/gcc/avr/4.3.2/avr51\libgcc.a(_mulsi3.o)
 .bss           0x008003c6        0x0 d:/winavr-20090313/bin/../lib/gcc/avr/4.3.2/avr51\libgcc.a(_udivmodqi4.o)
 .bss           0x008003c6        0x0 d:/winavr-20090313/bin/../lib/gcc/avr/4.3.2/avr51\libgcc.a(_divmodqi4.o)
 .bss           0x008003c6        0x0 d:/winavr-20090313/bin/../lib/gcc/avr/4.3.2/avr51\libgcc.a(_udivmodhi4.o)
 .bss           0x008003c6        0x0 d:/winavr-20090313/bin/../lib/gcc/avr/4.3.2/avr51\libgcc.a(_divmodhi4.o)
 .bss           0x008003c6        0x0 d:/winavr-20090313/bin/../lib/gcc/avr/4.3.2/avr51\libgcc.a(_udivmodsi4.o)
 .bss           0x008003c6        0x0 d:/winavr-20090313/bin/../lib/gcc/avr/4.3.2/avr51\libgcc.a(_exit.o)
 .bss           0x008003c6        0x0 d:/winavr-20090313/bin/../lib/gcc/avr/4.3.2/avr51\libgcc.a(_clear_bss.o)
 .bss           0x008003c6        0x0 d:/winavr-20090313/bin/../lib/gcc/avr/4.3.2/../../../../avr/lib/avr51\libc.a(atoi.o)
 .bss           0x008003c6        0x0 d:/winavr-20090313/bin/../lib/gcc/avr/4.3.2/../../../../avr/lib/avr51\libc.a(strcpy_P.o)
 .bss           0x008003c6        0x0 d:/winavr-20090313/bin/../lib/gcc/avr/4.3.2/../../../../avr/lib/avr51\libc.a(strcmp.o)
 .bss           0x008003c6        0x0 d:/winavr-20090313/bin/../lib/gcc/avr/4.3.2/../../../../avr/lib/avr51\libc.a(strcpy.o)
 .bss           0x008003c6        0x0 d:/winavr-20090313/bin/../lib/gcc/avr/4.3.2/../../../../avr/lib/avr51\libc.a(eerd_block.o)
 .bss           0x008003c6        0x0 d:/winavr-20090313/bin/../lib/gcc/avr/4.3.2/../../../../avr/lib/avr51\libc.a(eewr_block.o)
 .bss           0x008003c6        0x0 d:/winavr-20090313/bin/../lib/gcc/avr/4.3.2/../../../../avr/lib/avr51\libc.a(mul10.o)
 .bss           0x008003c6        0x0 d:/winavr-20090313/bin/../lib/gcc/avr/4.3.2/../../../../avr/lib/avr51\libc.a(sprintf_p.o)
 .bss           0x008003c6        0x0 d:/winavr-20090313/bin/../lib/gcc/avr/4.3.2/../../../../avr/lib/avr51\libc.a(vfprintf_std.o)
 .bss           0x008003c6        0x0 d:/winavr-20090313/bin/../lib/gcc/avr/4.3.2/../../../../avr/lib/avr51\libc.a(strnlen_P.o)
 .bss           0x008003c6        0x0 d:/winavr-20090313/bin/../lib/gcc/avr/4.3.2/../../../../avr/lib/avr51\libc.a(strnlen.o)
 .bss           0x008003c6        0x0 d:/winavr-20090313/bin/../lib/gcc/avr/4.3.2/../../../../avr/lib/avr51\libc.a(fputc.o)
 .bss           0x008003c6        0x0 d:/winavr-20090313/bin/../lib/gcc/avr/4.3.2/../../../../avr/lib/avr51\libc.a(ultoa_invert.o)
 .bss           0x008003c6        0x0 d:/winavr-20090313/bin/../lib/gcc/avr/4.3.2/avr51\libgcc.a(_prologue.o)
 .bss           0x008003c6        0x0 d:/winavr-20090313/bin/../lib/gcc/avr/4.3.2/avr51\libgcc.a(_epilogue.o)
 *(.bss*)
 *(COMMON)
 COMMON         0x008003c6       0xd5 master4.o
                0x008003c6                __timercount
                0x008003c7                __sec_flag
                0x008003c8                __sec_sign
                0x008003c9                __command
                0x008003fb                __spi_istransmit
                0x008003fc                iExt
                0x008003fe                __command_flag
                0x008003ff                __sec_count
                0x00800400                __command_set
                0x00800401                __timer
                0x00800402                __timeout
                0x00800403                __package
                0x00800485                lcdteks
                0x00800499                __sec_par
                0x0080049a                IsPowerOn
 COMMON         0x0080049b      0x9f2 f_menu.o
                0x0080049b                strGainPoints
                0x008004a4                strLoyCardHolder
                0x008004c3                strPresetType
                0x008004c5                strBalanceCode
                0x008004c7                strLoyCardID
                0x008004dc                strSurcharge
                0x008004e6                strStandReceived
                0x00800504                strCardHolder
                0x0080052d                strTime
                0x00800536                LocalAccountFIP
                0x0080053b                strBalanceTypePrint
                0x00800555                strVolume
                0x0080055e                strLoyCurrMonConsumeA
                0x00800569                CardType
                0x0080056a                strStatus
                0x0080056c                strMeterVolume
                0x0080057a                strLoyRedeemPoints
                0x00800583                strBalanceType
                0x00800585                strRef4
                0x0080059a                strSystemDate
                0x008005a3                strOdometer
                0x008005ad                strCorporateName
                0x008005cc                strIFT_ID
                0x008005cf                PrintBuffer
                0x00800760                strMOPName
                0x00800775                strGeniusCode
                0x00800780                AcknoledgeCommand
                0x00800781                strPrice
                0x0080078a                PoolCmd
                0x0080078b                RecPumpData
                0x00800933                strPaymentType
                0x00800936                strInvoiceNumber
                0x00800941                strProduct
                0x00800950                NozzleID
                0x00800951                strDate
                0x0080095c                strCompName
                0x00800971                CurrentShiftDateTime
                0x00800985                CurrentShift
                0x00800986                strFreeMessageLine2
                0x0080099c                strFIP_ID
                0x0080099f                strCurrentTime
                0x008009b3                strKeyStamp
                0x008009be                strClientIP
                0x008009cf                strSurchargeDesc
                0x008009e4                strApprovalCode
                0x008009eb                strServerIP
                0x008009fc                strTotalVolume
                0x00800a10                EDCType
                0x00800a11                strDescription
                0x00800a21                strFreeMessageLine3
                0x00800a37                strNozzle
                0x00800a3a                strLoyCurrentPoints
                0x00800a43                ShiftDateTime
                0x00800a57                strSurchargeAmount
                0x00800a62                strSerialFlow
                0x00800a76                strProductID
                0x00800a79                strSystemTime
                0x00800a82                strRef3
                0x00800a97                strFreeMessageLine1
                0x00800aad                strTotalMoney
                0x00800ac1                strMeterAmount
                0x00800acf                strIslandID
                0x00800ad2                strLicPlate
                0x00800add                strDeltaVolume
                0x00800aec                strPrevPoints
                0x00800af5                rcv_trans
                0x00800d61                strCardID
                0x00800d76                strRef2
                0x00800d8b                strAmount
                0x00800d96                IsMessage03
                0x00800d97                strDateTime
                0x00800dab                strSeqNum
                0x00800dae                PoolMsg
                0x00800daf                IncomingTransaction
                0x00800db1                strFreeMessageLine4
                0x00800dc7                AcknoledgePump
                0x00800dc8                strLoyCurrMonConsumeV
                0x00800dd3                strBalance
                0x00800de5                strCorporateID
                0x00800dfa                strBalanceValue
                0x00800e08                strDeltaMoney
                0x00800e17                strVoucherNum
                0x00800e2c                strRFID
                0x00800e36                strRestoreCode
                0x00800e41                strMOPType
                0x00800e43                strShift
                0x00800e45                strReceiptNum
                0x00800e4c                strAprovalCode
                0x00800e53                strLoyExpiry
                0x00800e5e                strPrintCount
                0x00800e61                strTranNo
                0x00800e68                strRef1
                0x00800e7d                strCardType
 COMMON         0x00800e8d        0x2 SPI.o
                0x00800e8d                __spi_i
                0x00800e8e                __spi_char
                0x00800e8f                PROVIDE (__bss_end, .)
                0x0001722a                __data_load_start = LOADADDR (.data)
                0x00017288                __data_load_end = (__data_load_start + SIZEOF (.data))

.noinit         0x00800e8f        0x0
                0x00800e8f                PROVIDE (__noinit_start, .)
 *(.noinit*)
                0x00800e8f                PROVIDE (__noinit_end, .)
                0x00800e8f                _end = .
                0x00800e8f                PROVIDE (__heap_start, .)

.eeprom         0x00810000      0x857
 *(.eeprom*)
 .eeprom        0x00810000      0x857 f_menu.o
                0x00810032                DefPrintScrollSpace
                0x0081003f                DefCurrencyMark
                0x008100bb                DefProductName
                0x0081014b                DefLoyaltyLabel
                0x00810001                DefSpvPassword
                0x00810030                DefPrinterType
                0x00810227                DefHeaderFooter
                0x00810028                DefClientIP
                0x00810055                DefNozzleMap
                0x00810843                DefLastShiftDateTime
                0x0081004d                DefPumpLabel
                0x00810147                DefPoolingSendTimeout
                0x008103c3                TotalVolume
                0x0081002c                DefServerIP
                0x008103c2                DefHGMode
                0x00810033                DefPrintAutoCut
                0x00810603                TotalMoney
                0x00810039                DefDecimalPrice
                0x00810031                DefPrintScrollEnd
                0x00810140                DefBaudrate
                0x0081014a                DefSequenceTimeout
                0x00810137                DefDispenserBrand
                0x00810034                DefPrintLogo
                0x00810135                DefPrintInitialize
                0x00810085                DefProductPrice
                0x00810038                DefNotifScreen
                0x00810146                DefPoolingTryResend
                0x0081000b                DefSysPassword
                0x00810138                DefTransactionNumber
                0x00810136                DefInitIFT
                0x00810045                DefPumpMap
                0x00810015                DefOperatorName
                0x00810109                DefBankName
                0x0081003d                DefDecimalTotalMoney
                0x00810149                DefActivePump
                0x008103c1                DefPrintMoney
                0x00810000                DefIFT_ID
                0x0081003c                DefDecimalTotalVolume
                0x0081013f                DefShift
                0x00810037                DefShowDateTime
                0x0081003a                DefDecimalVolume
                0x00810144                DefPoolingPumpMax
                0x00810040                DefMarkMap
                0x0081003b                DefDecimalMoney
                0x00810145                DefPoolingNoPumpCount
                0x0081003e                DefDecimalMark
                0x00810036                DefConnectionHost
                0x00810035                DefPrintSize
                0x00810148                DefPoolingDelayNextPump
                0x00810857                __eeprom_end = .

.fuse
 *(.fuse)
 *(.lfuse)
 *(.hfuse)
 *(.efuse)

.lock
 *(.lock*)

.signature
 *(.signature*)

.stab
 *(.stab)

.stabstr
 *(.stabstr)

.stab.excl
 *(.stab.excl)

.stab.exclstr
 *(.stab.exclstr)

.stab.index
 *(.stab.index)

.stab.indexstr
 *(.stab.indexstr)

.comment
 *(.comment)

.debug
 *(.debug)

.line
 *(.line)

.debug_srcinfo
 *(.debug_srcinfo)

.debug_sfnames
 *(.debug_sfnames)

.debug_aranges  0x00000000       0xe0
 *(.debug_aranges)
 .debug_aranges
                0x00000000       0x20 master4.o
 .debug_aranges
                0x00000020       0x20 f_menu.o
 .debug_aranges
                0x00000040       0x20 LCD.o
 .debug_aranges
                0x00000060       0x20 KEYPAD.o
 .debug_aranges
                0x00000080       0x20 SPI.o
 .debug_aranges
                0x000000a0       0x20 RTC.o
 .debug_aranges
                0x000000c0       0x20 UART.o

.debug_pubnames
                0x00000000     0x2750
 *(.debug_pubnames)
 .debug_pubnames
                0x00000000      0x136 master4.o
 .debug_pubnames
                0x00000136     0x2248 f_menu.o
 .debug_pubnames
                0x0000237e       0xa4 LCD.o
 .debug_pubnames
                0x00002422      0x16a KEYPAD.o
 .debug_pubnames
                0x0000258c      0x11b SPI.o
 .debug_pubnames
                0x000026a7       0x32 RTC.o
 .debug_pubnames
                0x000026d9       0x77 UART.o

.debug_info     0x00000000    0x13729
 *(.debug_info)
 .debug_info    0x00000000      0x4f0 master4.o
 .debug_info    0x000004f0    0x11b00 f_menu.o
 .debug_info    0x00011ff0      0x759 LCD.o
 .debug_info    0x00012749      0x5cc KEYPAD.o
 .debug_info    0x00012d15      0x4c3 SPI.o
 .debug_info    0x000131d8      0x173 RTC.o
 .debug_info    0x0001334b      0x3de UART.o
 *(.gnu.linkonce.wi.*)

.debug_abbrev   0x00000000      0xc3b
 *(.debug_abbrev)
 .debug_abbrev  0x00000000      0x168 master4.o
 .debug_abbrev  0x00000168      0x436 f_menu.o
 .debug_abbrev  0x0000059e      0x151 LCD.o
 .debug_abbrev  0x000006ef      0x1a3 KEYPAD.o
 .debug_abbrev  0x00000892      0x192 SPI.o
 .debug_abbrev  0x00000a24       0xe0 RTC.o
 .debug_abbrev  0x00000b04      0x137 UART.o

.debug_line     0x00000000     0xe1dd
 *(.debug_line)
 .debug_line    0x00000000      0x2d6 master4.o
 .debug_line    0x000002d6     0xcbba f_menu.o
 .debug_line    0x0000ce90      0x464 LCD.o
 .debug_line    0x0000d2f4      0x404 KEYPAD.o
 .debug_line    0x0000d6f8      0x4c5 SPI.o
 .debug_line    0x0000dbbd      0x2c5 RTC.o
 .debug_line    0x0000de82      0x35b UART.o

.debug_frame    0x00000000     0x1220
 *(.debug_frame)
 .debug_frame   0x00000000       0x40 master4.o
 .debug_frame   0x00000040      0xf70 f_menu.o
 .debug_frame   0x00000fb0       0xc0 LCD.o
 .debug_frame   0x00001070       0x60 KEYPAD.o
 .debug_frame   0x000010d0       0x90 SPI.o
 .debug_frame   0x00001160       0x40 RTC.o
 .debug_frame   0x000011a0       0x80 UART.o

.debug_str      0x00000000     0x5343
 *(.debug_str)
 .debug_str     0x00000000      0x487 master4.o
                                0x4c0 (size before relaxing)
 .debug_str     0x00000487     0x4c1d f_menu.o
                               0x5397 (size before relaxing)
 .debug_str     0x000050a4       0x78 LCD.o
                                0x1a3 (size before relaxing)
 .debug_str     0x0000511c       0xb4 KEYPAD.o
                                0x255 (size before relaxing)
 .debug_str     0x000051d0       0xb6 SPI.o
                                0x1ff (size before relaxing)
 .debug_str     0x00005286       0x32 RTC.o
                                0x105 (size before relaxing)
 .debug_str     0x000052b8       0x8b UART.o
                                0x1d0 (size before relaxing)

.debug_loc      0x00000000     0x765d
 *(.debug_loc)
 .debug_loc     0x00000000       0x30 master4.o
 .debug_loc     0x00000030     0x6541 f_menu.o
 .debug_loc     0x00006571      0x486 LCD.o
 .debug_loc     0x000069f7      0x41e KEYPAD.o
 .debug_loc     0x00006e15      0x261 SPI.o
 .debug_loc     0x00007076      0x13e RTC.o
 .debug_loc     0x000071b4      0x4a9 UART.o

.debug_macinfo
 *(.debug_macinfo)
OUTPUT(master4.elf elf32-avr)
LOAD linker stubs

.debug_ranges   0x00000000      0x6f0
 .debug_ranges  0x00000000      0x600 f_menu.o
 .debug_ranges  0x00000600       0xd8 KEYPAD.o
 .debug_ranges  0x000006d8       0x18 SPI.o
