Archive member included because of file (symbol)

d:/winavr-20100110/bin/../lib/gcc/avr/4.3.3/avr51\libgcc.a(_mulsi3.o)
                              UART.o (__mulsi3)
d:/winavr-20100110/bin/../lib/gcc/avr/4.3.3/avr51\libgcc.a(_udivmodqi4.o)
                              f_menu.o (__udivmodqi4)
d:/winavr-20100110/bin/../lib/gcc/avr/4.3.3/avr51\libgcc.a(_divmodqi4.o)
                              f_menu.o (__divmodqi4)
d:/winavr-20100110/bin/../lib/gcc/avr/4.3.3/avr51\libgcc.a(_udivmodhi4.o)
                              f_menu.o (__udivmodhi4)
d:/winavr-20100110/bin/../lib/gcc/avr/4.3.3/avr51\libgcc.a(_divmodhi4.o)
                              f_menu.o (__divmodhi4)
d:/winavr-20100110/bin/../lib/gcc/avr/4.3.3/avr51\libgcc.a(_udivmodsi4.o)
                              UART.o (__udivmodsi4)
d:/winavr-20100110/bin/../lib/gcc/avr/4.3.3/avr51\libgcc.a(_exit.o)
                              d:/winavr-20100110/bin/../lib/gcc/avr/4.3.3/../../../../avr/lib/avr51/crtm128.o (exit)
d:/winavr-20100110/bin/../lib/gcc/avr/4.3.3/avr51\libgcc.a(_clear_bss.o)
                              master4.o (__do_clear_bss)
d:/winavr-20100110/bin/../lib/gcc/avr/4.3.3/../../../../avr/lib/avr51\libc.a(atoi.o)
                              f_menu.o (atoi)
d:/winavr-20100110/bin/../lib/gcc/avr/4.3.3/../../../../avr/lib/avr51\libc.a(strcpy_P.o)
                              f_menu.o (strcpy_P)
d:/winavr-20100110/bin/../lib/gcc/avr/4.3.3/../../../../avr/lib/avr51\libc.a(strcmp.o)
                              f_menu.o (strcmp)
d:/winavr-20100110/bin/../lib/gcc/avr/4.3.3/../../../../avr/lib/avr51\libc.a(mul10.o)
                              d:/winavr-20100110/bin/../lib/gcc/avr/4.3.3/../../../../avr/lib/avr51\libc.a(atoi.o) (__mulhi_const_10)
d:/winavr-20100110/bin/../lib/gcc/avr/4.3.3/../../../../avr/lib/avr51\libc.a(sprintf_p.o)
                              f_menu.o (sprintf_P)
d:/winavr-20100110/bin/../lib/gcc/avr/4.3.3/../../../../avr/lib/avr51\libc.a(vfprintf_std.o)
                              d:/winavr-20100110/bin/../lib/gcc/avr/4.3.3/../../../../avr/lib/avr51\libc.a(sprintf_p.o) (vfprintf)
d:/winavr-20100110/bin/../lib/gcc/avr/4.3.3/../../../../avr/lib/avr51\libc.a(eerd_block_atmega128.o)
                              f_menu.o (__eerd_block_m128)
d:/winavr-20100110/bin/../lib/gcc/avr/4.3.3/../../../../avr/lib/avr51\libc.a(eerd_byte_atmega128.o)
                              f_menu.o (__eerd_byte_m128)
d:/winavr-20100110/bin/../lib/gcc/avr/4.3.3/../../../../avr/lib/avr51\libc.a(eewr_block_atmega128.o)
                              f_menu.o (__eewr_block_m128)
d:/winavr-20100110/bin/../lib/gcc/avr/4.3.3/../../../../avr/lib/avr51\libc.a(eewr_byte_atmega128.o)
                              f_menu.o (__eewr_byte_m128)
d:/winavr-20100110/bin/../lib/gcc/avr/4.3.3/../../../../avr/lib/avr51\libc.a(strnlen_P.o)
                              d:/winavr-20100110/bin/../lib/gcc/avr/4.3.3/../../../../avr/lib/avr51\libc.a(vfprintf_std.o) (strnlen_P)
d:/winavr-20100110/bin/../lib/gcc/avr/4.3.3/../../../../avr/lib/avr51\libc.a(strnlen.o)
                              d:/winavr-20100110/bin/../lib/gcc/avr/4.3.3/../../../../avr/lib/avr51\libc.a(vfprintf_std.o) (strnlen)
d:/winavr-20100110/bin/../lib/gcc/avr/4.3.3/../../../../avr/lib/avr51\libc.a(fputc.o)
                              d:/winavr-20100110/bin/../lib/gcc/avr/4.3.3/../../../../avr/lib/avr51\libc.a(vfprintf_std.o) (fputc)
d:/winavr-20100110/bin/../lib/gcc/avr/4.3.3/../../../../avr/lib/avr51\libc.a(ultoa_invert.o)
                              d:/winavr-20100110/bin/../lib/gcc/avr/4.3.3/../../../../avr/lib/avr51\libc.a(vfprintf_std.o) (__ultoa_invert)

Allocating common symbols
Common symbol       size              file

strGainPoints       0x9               f_menu.o
strLoyCardHolder    0x1f              f_menu.o
strPresetType       0x2               f_menu.o
strBalanceCode      0x2               f_menu.o
strLoyCardID        0x15              f_menu.o
__timercount        0x1               master4.o
strSurcharge        0xa               f_menu.o
__sec_flag          0x1               master4.o
strStandReceived    0x1e              f_menu.o
__sec_sign          0x1               master4.o
strCardHolder       0x29              f_menu.o
strTime             0x9               f_menu.o
LocalAccountFIP     0x5               f_menu.o
strBalanceTypePrint
                    0x1a              f_menu.o
strVolume           0x9               f_menu.o
strLoyCurrMonConsumeA
                    0xb               f_menu.o
CardType            0x1               f_menu.o
strStatus           0x2               f_menu.o
strMeterVolume      0xe               f_menu.o
strLoyRedeemPoints  0x9               f_menu.o
strBalanceType      0x2               f_menu.o
strRef4             0x15              f_menu.o
strSystemDate       0x9               f_menu.o
strOdometer         0xa               f_menu.o
strCorporateName    0x1f              f_menu.o
PrintBuffer         0x191             f_menu.o
strMOPName          0x15              f_menu.o
strGeniusCode       0xb               f_menu.o
AcknoledgeCommand   0x1               f_menu.o
strPrice            0x9               f_menu.o
PoolCmd             0x1               f_menu.o
RecPumpData         0x1a8             f_menu.o
strPaymentType      0x3               f_menu.o
strInvoiceNumber    0xb               f_menu.o
strProduct          0xf               f_menu.o
NozzleID            0x1               f_menu.o
strDate             0xb               f_menu.o
__sec_count         0x1               master4.o
strCompName         0x15              f_menu.o
CurrentShiftDateTime
                    0x14              f_menu.o
CurrentShift        0x1               f_menu.o
strFreeMessageLine2
                    0x16              f_menu.o
strFIP_ID           0x3               f_menu.o
__timer             0x1               master4.o
strCurrentTime      0x14              f_menu.o
strKeyStamp         0xb               f_menu.o
strSurchargeDesc    0x15              f_menu.o
strApprovalCode     0x7               f_menu.o
strTotalVolume      0x14              f_menu.o
EDCType             0x1               f_menu.o
strDescription      0x10              f_menu.o
strFreeMessageLine3
                    0x16              f_menu.o
strNozzle           0x3               f_menu.o
strLoyCurrentPoints
                    0x9               f_menu.o
ShiftDateTime       0x14              f_menu.o
strSurchargeAmount  0xb               f_menu.o
strSerialFlow       0x14              f_menu.o
__timeout           0x1               master4.o
strProductID        0x3               f_menu.o
strSystemTime       0x9               f_menu.o
strRef3             0x15              f_menu.o
strFreeMessageLine1
                    0x16              f_menu.o
strTotalMoney       0x14              f_menu.o
strPrint            0x2d              f_menu.o
strMeterAmount      0xe               f_menu.o
strIslandID         0x3               f_menu.o
strLicPlate         0xb               f_menu.o
strDeltaVolume      0xf               f_menu.o
strPrevPoints       0x9               f_menu.o
rcv_trans           0x26c             f_menu.o
strCardID           0x15              f_menu.o
strRef2             0x15              f_menu.o
strAmount           0xb               f_menu.o
IsMessage03         0x1               f_menu.o
strDateTime         0x14              f_menu.o
PoolMsg             0x1               f_menu.o
IncomingTransaction
                    0x2               f_menu.o
strFreeMessageLine4
                    0x16              f_menu.o
AcknoledgePump      0x1               f_menu.o
strLoyCurrMonConsumeV
                    0xb               f_menu.o
strBalance          0x12              f_menu.o
strCorporateID      0x15              f_menu.o
strBalanceValue     0xe               f_menu.o
strDeltaMoney       0xf               f_menu.o
strVoucherNum       0x15              f_menu.o
strRFID             0xa               f_menu.o
strRestoreCode      0xb               f_menu.o
strMOPType          0x2               f_menu.o
strShift            0x2               f_menu.o
strReceiptNum       0x7               f_menu.o
strAprovalCode      0x7               f_menu.o
TimSend             0x1               f_menu.o
strLoyExpiry        0xb               f_menu.o
strPrintCount       0x3               f_menu.o
__sec_par           0x1               master4.o
strTranNo           0x7               f_menu.o
IsPowerOn           0x1               master4.o
strRef1             0x15              f_menu.o
strCardType         0x10              f_menu.o

Memory Configuration

Name             Origin             Length             Attributes
text             0x00000000         0x00020000         xr
data             0x00800060         0x0000ffa0         rw !x
eeprom           0x00810000         0x00010000         rw !x
fuse             0x00820000         0x00000400         rw !x
lock             0x00830000         0x00000400         rw !x
signature        0x00840000         0x00000400         rw !x
*default*        0x00000000         0xffffffff

Linker script and memory map

Address of section .data set to 0x800100
LOAD d:/winavr-20100110/bin/../lib/gcc/avr/4.3.3/../../../../avr/lib/avr51/crtm128.o
LOAD master4.o
LOAD f_menu.o
LOAD LCD.o
LOAD KEYPAD.o
LOAD SPI.o
LOAD RTC.o
LOAD UART.o
LOAD d:/winavr-20100110/bin/../lib/gcc/avr/4.3.3/avr51\libgcc.a
LOAD d:/winavr-20100110/bin/../lib/gcc/avr/4.3.3/../../../../avr/lib/avr51\libc.a
LOAD d:/winavr-20100110/bin/../lib/gcc/avr/4.3.3/avr51\libgcc.a

.hash
 *(.hash)

.dynsym
 *(.dynsym)

.dynstr
 *(.dynstr)

.gnu.version
 *(.gnu.version)

.gnu.version_d
 *(.gnu.version_d)

.gnu.version_r
 *(.gnu.version_r)

.rel.init
 *(.rel.init)

.rela.init
 *(.rela.init)

.rel.text
 *(.rel.text)
 *(.rel.text.*)
 *(.rel.gnu.linkonce.t*)

.rela.text
 *(.rela.text)
 *(.rela.text.*)
 *(.rela.gnu.linkonce.t*)

.rel.fini
 *(.rel.fini)

.rela.fini
 *(.rela.fini)

.rel.rodata
 *(.rel.rodata)
 *(.rel.rodata.*)
 *(.rel.gnu.linkonce.r*)

.rela.rodata
 *(.rela.rodata)
 *(.rela.rodata.*)
 *(.rela.gnu.linkonce.r*)

.rel.data
 *(.rel.data)
 *(.rel.data.*)
 *(.rel.gnu.linkonce.d*)

.rela.data
 *(.rela.data)
 *(.rela.data.*)
 *(.rela.gnu.linkonce.d*)

.rel.ctors
 *(.rel.ctors)

.rela.ctors
 *(.rela.ctors)

.rel.dtors
 *(.rel.dtors)

.rela.dtors
 *(.rela.dtors)

.rel.got
 *(.rel.got)

.rela.got
 *(.rela.got)

.rel.bss
 *(.rel.bss)

.rela.bss
 *(.rela.bss)

.rel.plt
 *(.rel.plt)

.rela.plt
 *(.rela.plt)

.text           0x00000000    0x15b14
 *(.vectors)
 .vectors       0x00000000       0x8c d:/winavr-20100110/bin/../lib/gcc/avr/4.3.3/../../../../avr/lib/avr51/crtm128.o
                0x00000000                __vectors
                0x00000000                __vector_default
 *(.vectors)
 *(.progmem.gcc*)
 .progmem.gcc_sw_table
                0x0000008c      0x1f0 f_menu.o
 *(.progmem*)
 .progmem.data  0x0000027c       0x32 master4.o
 .progmem.data  0x000002ae     0x226c f_menu.o
                0x000002ae                __prodloc
                0x000002ef                strDispenserName3
                0x000002ba                __prntloc
                0x000002d2                __hostloc
                0x000002fa                strDispenserName4
                0x00000302                strDispenserName5
                0x000002c6                __prntlmt
                0x000002e6                strDispenserName2
                0x000002cc                __prntstr
                0x000002e2                strDispenserName1
                0x000002d8                MaxKeyHit
                0x00000305                DefListDispenserName
 .progmem.data  0x0000251a       0x54 LCD.o
 .progmem.data  0x0000256e       0x82 KEYPAD.o
                0x000025e6                __maxchar
                0x0000256e                __alphanum
                0x000025f0                . = ALIGN (0x2)
                0x000025f0                __trampolines_start = .
 *(.trampolines)
 .trampolines   0x000025f0        0x0 linker stubs
 *(.trampolines*)
                0x000025f0                __trampolines_end = .
 *(.jumptables)
 *(.jumptables*)
 *(.lowtext)
 *(.lowtext*)
                0x000025f0                __ctors_start = .
 *(.ctors)
                0x000025f0                __ctors_end = .
                0x000025f0                __dtors_start = .
 *(.dtors)
                0x000025f0                __dtors_end = .
 SORT(*)(.ctors)
 SORT(*)(.dtors)
 *(.init0)
 .init0         0x000025f0        0x0 d:/winavr-20100110/bin/../lib/gcc/avr/4.3.3/../../../../avr/lib/avr51/crtm128.o
                0x000025f0                __init
 *(.init0)
 *(.init1)
 *(.init1)
 *(.init2)
 .init2         0x000025f0        0xc d:/winavr-20100110/bin/../lib/gcc/avr/4.3.3/../../../../avr/lib/avr51/crtm128.o
 *(.init2)
 *(.init3)
 *(.init3)
 *(.init4)
 .init4         0x000025fc       0x1a d:/winavr-20100110/bin/../lib/gcc/avr/4.3.3/../../../../avr/lib/avr51/crtm128.o
                0x000025fc                __do_copy_data
 .init4         0x00002616       0x10 d:/winavr-20100110/bin/../lib/gcc/avr/4.3.3/avr51\libgcc.a(_clear_bss.o)
                0x00002616                __do_clear_bss
 *(.init4)
 *(.init5)
 *(.init5)
 *(.init6)
 *(.init6)
 *(.init7)
 *(.init7)
 *(.init8)
 *(.init8)
 *(.init9)
 .init9         0x00002626        0x8 d:/winavr-20100110/bin/../lib/gcc/avr/4.3.3/../../../../avr/lib/avr51/crtm128.o
 *(.init9)
 *(.text)
 .text          0x0000262e        0x4 d:/winavr-20100110/bin/../lib/gcc/avr/4.3.3/../../../../avr/lib/avr51/crtm128.o
                0x0000262e                __vector_22
                0x0000262e                __vector_28
                0x0000262e                __vector_1
                0x0000262e                __vector_32
                0x0000262e                __vector_34
                0x0000262e                __vector_24
                0x0000262e                __bad_interrupt
                0x0000262e                __vector_6
                0x0000262e                __vector_31
                0x0000262e                __vector_3
                0x0000262e                __vector_23
                0x0000262e                __vector_25
                0x0000262e                __vector_11
                0x0000262e                __vector_13
                0x0000262e                __vector_19
                0x0000262e                __vector_7
                0x0000262e                __vector_27
                0x0000262e                __vector_5
                0x0000262e                __vector_33
                0x0000262e                __vector_4
                0x0000262e                __vector_9
                0x0000262e                __vector_2
                0x0000262e                __vector_21
                0x0000262e                __vector_15
                0x0000262e                __vector_29
                0x0000262e                __vector_8
                0x0000262e                __vector_26
                0x0000262e                __vector_14
                0x0000262e                __vector_10
                0x0000262e                __vector_16
                0x0000262e                __vector_20
 .text          0x00002632      0x172 master4.o
                0x0000279a                main
                0x000026e2                SystemInit
                0x00002632                systemOnReset
 .text          0x000027a4    0x11fae f_menu.o
                0x000118c8                FMenuReprint
                0x0000476a                CreateReport
                0x000124b6                FreePrinting
                0x00002c30                charToHex
                0x000032c2                IdentifyMessage
                0x000028f6                ScanEDCFlow
                0x00008a54                InitPrinter
                0x00002f24                StrPosPaste
                0x00002d8a                InitStandalone
                0x0000c47e                _menu_pump
                0x00002a76                ScanRFIDFlow
                0x00005548                ResetTotalizer
                0x00005188                GetTotalizerMoney
                0x00009a3c                FSettingHost
                0x00002cc2                UpdateClientIP
                0x00004b4a                PstrCopy
                0x00004b80                SpaceOnly
                0x00003564                SetIncomingTransStatus
                0x0000bf22                SendSlaveCommand
                0x0000daa4                FSettingProduct
                0x0000edbe                SetBaudRate
                0x00009a44                _menu_printer
                0x00004f78                procMessage57
                0x0000fcf4                sendMessage92
                0x000042ec                GenerateStandaloneTransData
                0x00008a0e                SendPrint
                0x0000975e                _menu_host
                0x00003562                GeniusSendPumpPreset
                0x0000355a                TestUserInput
                0x00002cc8                UpdateSeqNum
                0x0000651a                WrapCode
                0x00004a98                IsMoreThan
                0x00002d4a                TestLocalAccount
                0x00008b48                PrintDoubleHeight
                0x00004846                AddList
                0x000121ba                sendMessage10
                0x000027a4                __vector_12
                0x00002cee                StringCopy
                0x00005462                SaveTotalizerCurrentToLast
                0x00002cc6                UpdateIFT_ID
                0x000036ec                leadingZero
                0x00006410                CountTotalizerSatus
                0x00004a34                IsMinus
                0x0000855e                procMessage99
                0x000031b4                FillChar
                0x0000bf50                FSettingPumpID
                0x0000a4f6                FMenuShift
                0x00002d8c                DisplayQueueFIP
                0x00005d5c                NormalizeOverflow
                0x00006c1e                FormatPrice
                0x00003560                GeniusSendResumePump
                0x00004272                SelectMark
                0x000051fc                GetTransactionMoney
                0x0000344a                Chr
                0x00002c16                Str
                0x00002d94                systemEDC
                0x00002e34                FCloseDay
                0x0000ec46                FMenuPassword
                0x0000fcfc                sendMessage90
                0x00009d38                _menu_pumpprodinput
                0x0000c4d8                FMenuPumpType
                0x0000b6ea                FSettingPumpPooling
                0x00003460                FTestCalculation
                0x00003148                procMessage81
                0x000118c0                sendMessage28
                0x0000de98                FMenuSettingFooter
                0x000031ce                ProcMessage91
                0x00004632                SumChecksum
                0x00005bf6                CalcMultiply
                0x00004ee4                RemSpaceLag
                0x000063dc                AddCharLag
                0x000124ae                sendMessage04
                0x00008ba8                procMessage11
                0x0000a19a                FSettingDec
                0x000035c8                GetIncomingTransStatus
                0x0000ee14                FSettingSystem
                0x000037bc                MasterReset
                0x00002c10                High
                0x0000646c                RemoveChar
                0x00003fea                GetFIPAddr
                0x00011b46                FMenuAdmin
                0x00008438                __vector_30
                0x00002c5c                strToInt
                0x00002ee0                GetLocAccStatus
                0x00002f64                CharPosCopy
                0x00004214                SaveToEEPROM
                0x00002d96                GeniusCalc
                0x0000348a                GetBorderValue
                0x00002ef0                FTestRemZero
                0x0000fed6                sendMessage58
                0x0000355c                GeniusSendPumpStatus
                0x00002c0a                systemRestart
                0x00002e38                FMenuSettingPassword
                0x000055f8                AddZeroLag
                0x00003462                GetTabSpace
                0x00008b1c                PrintNormalHeight
                0x0000e530                FMenuAdminSettings
                0x00004d1c                FormatDate
                0x000062bc                StrAlignCenter
                0x0000bb48                DisplayIdle
                0x000061ec                systemGeniusProtocol
                0x0000e63e                FMenuMaster
                0x000028e6                SendPoolingCommand
                0x00006c3a                systemGenerateReport
                0x00008e92                _scr_pump
                0x00006be6                FormatVolume
                0x00004e4e                RemSpaceLead
                0x000092fa                FCloseShift
                0x0000ce1c                __vector_17
                0x00011058                FMenuChangeMOP
                0x00005092                clearString
                0x00004158                GetTotalizerData
                0x00011cfc                sendMessage22
                0x00013f18                SaveConfigParameter
                0x00004dbe                RemZeroLead
                0x00003f34                SetDispenser
                0x00002d4c                BackLightTrig
                0x0000562e                StrCalc
                0x0000355e                GeniusSendStopPump
                0x00008e24                ValidateGeniusCode
                0x0000a956                FSettingDatetime
                0x00004672                IsGeniusCommand
                0x00008b74                PaperCut
                0x00002f8e                procMessage09
                0x00014336                FMenuIdle
                0x00003600                ComposeDatetime
                0x00011d04                FMenuLoyalty
                0x00002e3e                IncValue
                0x00002dfa                CountNoPumpSatus
                0x00004108                GetPumpID
                0x000050ba                AddZeroLead
                0x0000c640                FSettingPump
                0x0000be18                SendEDCMessage
                0x00002c00                system_beep
                0x0000ccd0                ScanStandaloneFlow
                0x000089d0                GetMessageID
                0x00011cf4                sendMessage24
                0x00006aba                FormatDecimal
                0x00002d8e                ShowMessage
                0x00013b1c                SendConfigParamater
                0x0000f28e                InitComport
                0x00002d62                GetBaudrate
                0x0000915c                DisplayScreenIdle
                0x00002e62                zeroIP
                0x00009016                FTestChar
                0x000033e2                RawToStr
                0x00006bca                FormatTotalizerMoney
                0x00012c00                PrintIdle
                0x00002e50                DecValue
                0x00008130                GenerateTransactionNum
                0x00002e3c                menu_product
                0x00004a3e                RemoveMinus
                0x00003024                procMessage23
                0x00002d1a                StringCopyPos
                0x0000ac6a                FMenuSettingServerIP
                0x00005fd0                GeniusSendLastTransaction
                0x00002cca                ViewCardID
                0x00006310                AddCharLead
                0x00011050                sendMessage32
                0x0000458a                PrintStandalone
                0x00005ec8                AddSpaceLag
                0x00002d90                CalcLRC
                0x000048ac                ClearList
                0x00008de0                ValidateRestoreCode
                0x00002f6e                procMessage00
                0x000121c8                InitializeConnection
                0x0000343a                CalcPlus
                0x000080dc                UpdateCardID
                0x0000fede                sendMessage56
                0x00002878                RePrintStandalone
                0x000048d4                CalcSegmen
                0x0000fee6                FMenuLocalAccount
                0x00005efe                GetProductName
                0x00003726                procMessage21
                0x0000686c                GeneratePrintInit
                0x000033a6                StrToRaw
                0x00004b18                IsZerroAll
                0x00002c6e                intToStr
                0x00006c02                FormatMoney
                0x000051c2                GetTotalizerVolume
                0x0000f380                IFTSendMessage
                0x0000342e                CalcMinus
                0x00006ba4                NormalizeDecimal
                0x00002b1a                ScanCommand
                0x0000287c                GetPumpStatusLabel
                0x000065ee                GenerateKeyStamp
                0x0000bdce                systemMaster
                0x0000a5b2                system_stop
                0x0000a5e2                systemForceType
                0x00004bba                RemDecimal
                0x00009fb8                FMenuPumpLabel
                0x00002b1e                ConfigProtocol
                0x00009f92                _menu_pumpprod
                0x0000833e                GeniusProtocol
                0x00005270                GetTransactionVolume
                0x0000922e                DisplayPumpStatus
                0x0000fa08                sendMessage98
                0x0000a620                _menu_datetime
                0x00013b12                systemPrinting
                0x0000be02                EDCSendByte
                0x0000f0fc                FMenuSettings
                0x0000cb8e                StoreStandaloneTotalizerData
                0x00006716                GenerateGeniusCode
                0x00003502                InserBorder
                0x0000a95e                menu_FIP
                0x00004bfc                GetProductPrice
                0x00005dfa                AddSpaceLead
                0x0000820e                GetParameter
                0x0000fcec                sendMessage94
                0x0000695a                FormatCurrency
                0x0000bb14                DisplayTicker
                0x0000c6c8                StoreStandaloneTransData
                0x00009d30                FSettingPrinter
                0x0000d4d6                FSettingOperator
                0x00002c0c                Low
                0x000090ae                DisplayDateTime
                0x0000c474                _menu_pumpid
                0x00003456                Ord
                0x000049fe                GetMinusPos
                0x00006bae                FormatTotalizerVolume
                0x00004054                UpdateStandaloneStatus
                0x0000fa56                FMenuTicket
                0x00002df6                FSubMenuAdmin
                0x00002ef2                StrPosCopy
                0x00002e36                FLockPump
                0x0000e1e4                FMenuSettingHeader
                0x00011c30                FMenuAuthorization
                0x000052e4                SetTotalizerData
                0x0000bde4                systemSlave
                0x0000fd04                FMenuEDCTransaction
                0x00002ad8                __vector_18
                0x000046fc                Pos
                0x0000338c                Tab
                0x000142ea                systemConfigProtocol
                0x0000b174                FMenuSettingClientIP
                0x00008fa2                FViewFreeMessage
                0x0000b67e                DisplayStandaloneSequence
                0x0000ce8e                UserInput
                0x00008a3e                CarriegeReturn
                0x00003fd0                InitMemory
                0x00002cc4                UpdateServerIP
                0x00002a74                ScanHiddenKeyFlow
 .text          0x00014752      0x2be LCD.o
                0x00014878                lcd_xy
                0x00014908                lcd_printf
                0x00014962                lcd_clear
                0x0001485e                lcd_string
                0x000149a6                lcd_cgram
                0x000148b0                lcd_print
                0x000147a4                lcd_init
                0x0001482c                _lcd
                0x00014994                lcd_put
                0x000149e2                ClearMem
                0x00014752                lcd_command
 .text          0x00014a10      0x2bc KEYPAD.o
                0x00014b52                _table_alphanum
                0x00014a6a                _key_crr
                0x00014a10                _key_hit
                0x00014aae                _key_btn
                0x00014bec                _key_scan
 .text          0x00014ccc       0x5e SPI.o
                0x00014d20                _spi
                0x00014ccc                _spi_init
                0x00014cf2                _spi_enable
 .text          0x00014d2a      0x30a RTC.o
                0x00014eae                _datetime
                0x00014fee                _day
                0x00014d2a                _rtc
 .text          0x00015034      0x362 UART.o
                0x00015192                Int2Str
                0x000150f0                uart_print
                0x00015270                Str2Int
                0x00015090                uart_init
                0x00015034                uart_baudrate
                0x00015140                uart_printf
                0x000150b6                uart
 .text          0x00015396        0x0 d:/winavr-20100110/bin/../lib/gcc/avr/4.3.3/avr51\libgcc.a(_mulsi3.o)
 .text          0x00015396        0x0 d:/winavr-20100110/bin/../lib/gcc/avr/4.3.3/avr51\libgcc.a(_udivmodqi4.o)
 .text          0x00015396        0x0 d:/winavr-20100110/bin/../lib/gcc/avr/4.3.3/avr51\libgcc.a(_divmodqi4.o)
 .text          0x00015396        0x0 d:/winavr-20100110/bin/../lib/gcc/avr/4.3.3/avr51\libgcc.a(_udivmodhi4.o)
 .text          0x00015396        0x0 d:/winavr-20100110/bin/../lib/gcc/avr/4.3.3/avr51\libgcc.a(_divmodhi4.o)
 .text          0x00015396        0x0 d:/winavr-20100110/bin/../lib/gcc/avr/4.3.3/avr51\libgcc.a(_udivmodsi4.o)
 .text          0x00015396        0x0 d:/winavr-20100110/bin/../lib/gcc/avr/4.3.3/avr51\libgcc.a(_exit.o)
 .text          0x00015396        0x0 d:/winavr-20100110/bin/../lib/gcc/avr/4.3.3/avr51\libgcc.a(_clear_bss.o)
 .text          0x00015396        0x0 d:/winavr-20100110/bin/../lib/gcc/avr/4.3.3/../../../../avr/lib/avr51\libc.a(atoi.o)
 .text          0x00015396        0x0 d:/winavr-20100110/bin/../lib/gcc/avr/4.3.3/../../../../avr/lib/avr51\libc.a(strcpy_P.o)
 .text          0x00015396        0x0 d:/winavr-20100110/bin/../lib/gcc/avr/4.3.3/../../../../avr/lib/avr51\libc.a(strcmp.o)
 .text          0x00015396        0x0 d:/winavr-20100110/bin/../lib/gcc/avr/4.3.3/../../../../avr/lib/avr51\libc.a(mul10.o)
 .text          0x00015396        0x0 d:/winavr-20100110/bin/../lib/gcc/avr/4.3.3/../../../../avr/lib/avr51\libc.a(sprintf_p.o)
 .text          0x00015396        0x0 d:/winavr-20100110/bin/../lib/gcc/avr/4.3.3/../../../../avr/lib/avr51\libc.a(vfprintf_std.o)
 .text          0x00015396        0x0 d:/winavr-20100110/bin/../lib/gcc/avr/4.3.3/../../../../avr/lib/avr51\libc.a(eerd_block_atmega128.o)
 .text          0x00015396        0x0 d:/winavr-20100110/bin/../lib/gcc/avr/4.3.3/../../../../avr/lib/avr51\libc.a(eerd_byte_atmega128.o)
 .text          0x00015396        0x0 d:/winavr-20100110/bin/../lib/gcc/avr/4.3.3/../../../../avr/lib/avr51\libc.a(eewr_block_atmega128.o)
 .text          0x00015396        0x0 d:/winavr-20100110/bin/../lib/gcc/avr/4.3.3/../../../../avr/lib/avr51\libc.a(eewr_byte_atmega128.o)
 .text          0x00015396        0x0 d:/winavr-20100110/bin/../lib/gcc/avr/4.3.3/../../../../avr/lib/avr51\libc.a(strnlen_P.o)
 .text          0x00015396        0x0 d:/winavr-20100110/bin/../lib/gcc/avr/4.3.3/../../../../avr/lib/avr51\libc.a(strnlen.o)
 .text          0x00015396        0x0 d:/winavr-20100110/bin/../lib/gcc/avr/4.3.3/../../../../avr/lib/avr51\libc.a(fputc.o)
 .text          0x00015396        0x0 d:/winavr-20100110/bin/../lib/gcc/avr/4.3.3/../../../../avr/lib/avr51\libc.a(ultoa_invert.o)
                0x00015396                . = ALIGN (0x2)
 *(.text.*)
 .text.libgcc   0x00015396       0x3e d:/winavr-20100110/bin/../lib/gcc/avr/4.3.3/avr51\libgcc.a(_mulsi3.o)
                0x00015396                __mulsi3
 .text.libgcc   0x000153d4       0x18 d:/winavr-20100110/bin/../lib/gcc/avr/4.3.3/avr51\libgcc.a(_udivmodqi4.o)
                0x000153d4                __udivmodqi4
 .text.libgcc   0x000153ec       0x1a d:/winavr-20100110/bin/../lib/gcc/avr/4.3.3/avr51\libgcc.a(_divmodqi4.o)
                0x000153ec                __divmodqi4
 .text.libgcc   0x00015406       0x28 d:/winavr-20100110/bin/../lib/gcc/avr/4.3.3/avr51\libgcc.a(_udivmodhi4.o)
                0x00015406                __udivmodhi4
 .text.libgcc   0x0001542e       0x26 d:/winavr-20100110/bin/../lib/gcc/avr/4.3.3/avr51\libgcc.a(_divmodhi4.o)
                0x0001542e                __divmodhi4
                0x0001542e                _div
 .text.libgcc   0x00015454       0x44 d:/winavr-20100110/bin/../lib/gcc/avr/4.3.3/avr51\libgcc.a(_udivmodsi4.o)
                0x00015454                __udivmodsi4
 .text.libgcc   0x00015498        0x0 d:/winavr-20100110/bin/../lib/gcc/avr/4.3.3/avr51\libgcc.a(_exit.o)
 .text.libgcc   0x00015498        0x0 d:/winavr-20100110/bin/../lib/gcc/avr/4.3.3/avr51\libgcc.a(_clear_bss.o)
 .text.avr-libc
                0x00015498       0x3c d:/winavr-20100110/bin/../lib/gcc/avr/4.3.3/../../../../avr/lib/avr51\libc.a(atoi.o)
                0x00015498                atoi
 .text.avr-libc
                0x000154d4        0xe d:/winavr-20100110/bin/../lib/gcc/avr/4.3.3/../../../../avr/lib/avr51\libc.a(strcpy_P.o)
                0x000154d4                strcpy_P
 .text.avr-libc
                0x000154e2       0x12 d:/winavr-20100110/bin/../lib/gcc/avr/4.3.3/../../../../avr/lib/avr51\libc.a(strcmp.o)
                0x000154e2                strcmp
 .text.avr-libc
                0x000154f4       0x10 d:/winavr-20100110/bin/../lib/gcc/avr/4.3.3/../../../../avr/lib/avr51\libc.a(mul10.o)
                0x000154f4                __mulhi_const_10
 .text.avr-libc
                0x00015504       0x62 d:/winavr-20100110/bin/../lib/gcc/avr/4.3.3/../../../../avr/lib/avr51\libc.a(sprintf_p.o)
                0x00015504                sprintf_P
 .text.avr-libc
                0x00015566      0x40c d:/winavr-20100110/bin/../lib/gcc/avr/4.3.3/../../../../avr/lib/avr51\libc.a(vfprintf_std.o)
                0x00015566                vfprintf
 .text.avr-libc
                0x00015972       0x20 d:/winavr-20100110/bin/../lib/gcc/avr/4.3.3/../../../../avr/lib/avr51\libc.a(eerd_block_atmega128.o)
                0x00015976                __eerd_blraw_m128
                0x00015972                __eerd_block_m128
 .text.avr-libc
                0x00015992       0x10 d:/winavr-20100110/bin/../lib/gcc/avr/4.3.3/../../../../avr/lib/avr51\libc.a(eerd_byte_atmega128.o)
                0x00015992                __eerd_byte_m128
 .text.avr-libc
                0x000159a2       0x14 d:/winavr-20100110/bin/../lib/gcc/avr/4.3.3/../../../../avr/lib/avr51\libc.a(eewr_block_atmega128.o)
                0x000159a2                __eewr_block_m128
 .text.avr-libc
                0x000159b6       0x1a d:/winavr-20100110/bin/../lib/gcc/avr/4.3.3/../../../../avr/lib/avr51\libc.a(eewr_byte_atmega128.o)
                0x000159b8                __eewr_r18_m128
                0x000159b6                __eewr_byte_m128
 .text.avr-libc
                0x000159d0       0x16 d:/winavr-20100110/bin/../lib/gcc/avr/4.3.3/../../../../avr/lib/avr51\libc.a(strnlen_P.o)
                0x000159d0                strnlen_P
 .text.avr-libc
                0x000159e6       0x16 d:/winavr-20100110/bin/../lib/gcc/avr/4.3.3/../../../../avr/lib/avr51\libc.a(strnlen.o)
                0x000159e6                strnlen
 .text.avr-libc
                0x000159fc       0x58 d:/winavr-20100110/bin/../lib/gcc/avr/4.3.3/../../../../avr/lib/avr51\libc.a(fputc.o)
                0x000159fc                fputc
 .text.avr-libc
                0x00015a54       0xbc d:/winavr-20100110/bin/../lib/gcc/avr/4.3.3/../../../../avr/lib/avr51\libc.a(ultoa_invert.o)
                0x00015a54                __ultoa_invert
                0x00015b10                . = ALIGN (0x2)
 *(.fini9)
 .fini9         0x00015b10        0x0 d:/winavr-20100110/bin/../lib/gcc/avr/4.3.3/avr51\libgcc.a(_exit.o)
                0x00015b10                exit
                0x00015b10                _exit
 *(.fini9)
 *(.fini8)
 *(.fini8)
 *(.fini7)
 *(.fini7)
 *(.fini6)
 *(.fini6)
 *(.fini5)
 *(.fini5)
 *(.fini4)
 *(.fini4)
 *(.fini3)
 *(.fini3)
 *(.fini2)
 *(.fini2)
 *(.fini1)
 *(.fini1)
 *(.fini0)
 .fini0         0x00015b10        0x4 d:/winavr-20100110/bin/../lib/gcc/avr/4.3.3/avr51\libgcc.a(_exit.o)
 *(.fini0)
                0x00015b14                _etext = .

.data           0x00800100       0x5c load address 0x00015b14
                0x00800100                PROVIDE (__data_start, .)
 *(.data)
 .data          0x00800100        0x0 d:/winavr-20100110/bin/../lib/gcc/avr/4.3.3/../../../../avr/lib/avr51/crtm128.o
 .data          0x00800100        0x0 master4.o
 .data          0x00800100       0x5c f_menu.o
                0x00800123                IsSetPumpType
                0x00800113                ReprintReady
                0x00800101                IsNewPumpStatus
                0x00800102                strPumpStatus
                0x00800100                IFType
                0x00800124                MsgCode
 .data          0x0080015c        0x0 LCD.o
 .data          0x0080015c        0x0 KEYPAD.o
 .data          0x0080015c        0x0 SPI.o
 .data          0x0080015c        0x0 RTC.o
 .data          0x0080015c        0x0 UART.o
 .data          0x0080015c        0x0 d:/winavr-20100110/bin/../lib/gcc/avr/4.3.3/avr51\libgcc.a(_mulsi3.o)
 .data          0x0080015c        0x0 d:/winavr-20100110/bin/../lib/gcc/avr/4.3.3/avr51\libgcc.a(_udivmodqi4.o)
 .data          0x0080015c        0x0 d:/winavr-20100110/bin/../lib/gcc/avr/4.3.3/avr51\libgcc.a(_divmodqi4.o)
 .data          0x0080015c        0x0 d:/winavr-20100110/bin/../lib/gcc/avr/4.3.3/avr51\libgcc.a(_udivmodhi4.o)
 .data          0x0080015c        0x0 d:/winavr-20100110/bin/../lib/gcc/avr/4.3.3/avr51\libgcc.a(_divmodhi4.o)
 .data          0x0080015c        0x0 d:/winavr-20100110/bin/../lib/gcc/avr/4.3.3/avr51\libgcc.a(_udivmodsi4.o)
 .data          0x0080015c        0x0 d:/winavr-20100110/bin/../lib/gcc/avr/4.3.3/avr51\libgcc.a(_exit.o)
 .data          0x0080015c        0x0 d:/winavr-20100110/bin/../lib/gcc/avr/4.3.3/avr51\libgcc.a(_clear_bss.o)
 .data          0x0080015c        0x0 d:/winavr-20100110/bin/../lib/gcc/avr/4.3.3/../../../../avr/lib/avr51\libc.a(atoi.o)
 .data          0x0080015c        0x0 d:/winavr-20100110/bin/../lib/gcc/avr/4.3.3/../../../../avr/lib/avr51\libc.a(strcpy_P.o)
 .data          0x0080015c        0x0 d:/winavr-20100110/bin/../lib/gcc/avr/4.3.3/../../../../avr/lib/avr51\libc.a(strcmp.o)
 .data          0x0080015c        0x0 d:/winavr-20100110/bin/../lib/gcc/avr/4.3.3/../../../../avr/lib/avr51\libc.a(mul10.o)
 .data          0x0080015c        0x0 d:/winavr-20100110/bin/../lib/gcc/avr/4.3.3/../../../../avr/lib/avr51\libc.a(sprintf_p.o)
 .data          0x0080015c        0x0 d:/winavr-20100110/bin/../lib/gcc/avr/4.3.3/../../../../avr/lib/avr51\libc.a(vfprintf_std.o)
 .data          0x0080015c        0x0 d:/winavr-20100110/bin/../lib/gcc/avr/4.3.3/../../../../avr/lib/avr51\libc.a(eerd_block_atmega128.o)
 .data          0x0080015c        0x0 d:/winavr-20100110/bin/../lib/gcc/avr/4.3.3/../../../../avr/lib/avr51\libc.a(eerd_byte_atmega128.o)
 .data          0x0080015c        0x0 d:/winavr-20100110/bin/../lib/gcc/avr/4.3.3/../../../../avr/lib/avr51\libc.a(eewr_block_atmega128.o)
 .data          0x0080015c        0x0 d:/winavr-20100110/bin/../lib/gcc/avr/4.3.3/../../../../avr/lib/avr51\libc.a(eewr_byte_atmega128.o)
 .data          0x0080015c        0x0 d:/winavr-20100110/bin/../lib/gcc/avr/4.3.3/../../../../avr/lib/avr51\libc.a(strnlen_P.o)
 .data          0x0080015c        0x0 d:/winavr-20100110/bin/../lib/gcc/avr/4.3.3/../../../../avr/lib/avr51\libc.a(strnlen.o)
 .data          0x0080015c        0x0 d:/winavr-20100110/bin/../lib/gcc/avr/4.3.3/../../../../avr/lib/avr51\libc.a(fputc.o)
 .data          0x0080015c        0x0 d:/winavr-20100110/bin/../lib/gcc/avr/4.3.3/../../../../avr/lib/avr51\libc.a(ultoa_invert.o)
 *(.data*)
 *(.rodata)
 *(.rodata*)
 *(.gnu.linkonce.d*)
                0x0080015c                . = ALIGN (0x2)
                0x0080015c                _edata = .
                0x0080015c                PROVIDE (__data_end, .)

.bss            0x0080015c      0xb57
                0x0080015c                PROVIDE (__bss_start, .)
 *(.bss)
 .bss           0x0080015c        0x0 d:/winavr-20100110/bin/../lib/gcc/avr/4.3.3/../../../../avr/lib/avr51/crtm128.o
 .bss           0x0080015c        0x0 master4.o
 .bss           0x0080015c      0x151 f_menu.o
                0x008001b9                Shift
                0x0080015f                CurrentPumpStatus
                0x00800190                TimTicker
                0x008001a0                IsMessage11
                0x008001b5                cmdPrint
                0x008001bd                PumpID
                0x00800186                IsGenerateReport
                0x0080017f                IsReprintTicket
                0x0080015c                PumpCountMax
                0x00800196                IsViewFillingFIP
                0x008001b7                StatusEDC
                0x00800189                char_count
                0x00800184                IsControlPooling
                0x00800191                TimPressed
                0x008001a4                IsMessage10
                0x00800197                IsSendMessageEDC
                0x008001a7                IsMessage91
                0x008001b4                IsBusyFreePrinting
                0x008001a6                IsMessage81
                0x00800198                IsRFIDDetected
                0x008001a2                IsMessage23
                0x008001ab                IsNoTransaction
                0x0080015d                ActivePump
                0x0080018f                nLocalAccount
                0x0080019d                IsStandaloneTrans
                0x008001b2                IsBusyIdlePrinting
                0x008001aa                IsAdvanzStartupInfo
                0x00800194                IsClearMessage
                0x00800185                IsConfigFlow
                0x00800195                IsWaitDisplay
                0x00800188                IsNewPacket
                0x008001ad                IsBusyMsg11
                0x00800180                iSequencePooling
                0x008001b0                ConfigCommand
                0x0080019f                IsMessage99
                0x008001a3                IsMessage09
                0x008001ba                TimLocAcc
                0x0080015e                DispenserBrand
                0x0080019a                IsPrintApprovalCode
                0x008001af                IsTotalizerReceived
                0x008001a1                IsMessage21
                0x00800192                TimDisplay
                0x0080019c                IsStandAloneDetected
                0x0080016f                PrintedStatus
                0x008001a9                IsCompleteFilling
                0x00800193                IsShowMessage
                0x008001b3                IsBusyPrint
                0x0080018d                LengthMessage81
                0x008001a8                IsFreePrinting
                0x008001ae                SeqNum
                0x0080018b                transLength
                0x008001b1                IsPrintERROR
                0x00800183                IsPoolingRestarted
                0x008001bc                TimBeep
                0x008001a5                IsMessage57
                0x0080019e                IsMessage00
                0x008001ac                IsPrinting
                0x00800187                IsFinishPrintingTotalizer
                0x008001b8                MOPType
                0x00800199                IsEDCApproved
                0x008001bb                ProcTimeOut
                0x0080019b                IsVoidTransaction
                0x00800182                IsStandaloneAcknoledge
                0x008001b6                TimPrintBusy
                0x00800181                IsNewPoolingSequence
 .bss           0x008002ad        0x0 LCD.o
 .bss           0x008002ad        0x6 KEYPAD.o
                0x008002b0                __pad_loop
                0x008002ae                __key_light
                0x008002b1                __key_shift
                0x008002b2                __key_shfcnt
                0x008002af                __key_lgtcnt
                0x008002ad                __lock_num
 .bss           0x008002b3        0x0 SPI.o
 .bss           0x008002b3        0x0 RTC.o
 .bss           0x008002b3        0x0 UART.o
 .bss           0x008002b3        0x0 d:/winavr-20100110/bin/../lib/gcc/avr/4.3.3/avr51\libgcc.a(_mulsi3.o)
 .bss           0x008002b3        0x0 d:/winavr-20100110/bin/../lib/gcc/avr/4.3.3/avr51\libgcc.a(_udivmodqi4.o)
 .bss           0x008002b3        0x0 d:/winavr-20100110/bin/../lib/gcc/avr/4.3.3/avr51\libgcc.a(_divmodqi4.o)
 .bss           0x008002b3        0x0 d:/winavr-20100110/bin/../lib/gcc/avr/4.3.3/avr51\libgcc.a(_udivmodhi4.o)
 .bss           0x008002b3        0x0 d:/winavr-20100110/bin/../lib/gcc/avr/4.3.3/avr51\libgcc.a(_divmodhi4.o)
 .bss           0x008002b3        0x0 d:/winavr-20100110/bin/../lib/gcc/avr/4.3.3/avr51\libgcc.a(_udivmodsi4.o)
 .bss           0x008002b3        0x0 d:/winavr-20100110/bin/../lib/gcc/avr/4.3.3/avr51\libgcc.a(_exit.o)
 .bss           0x008002b3        0x0 d:/winavr-20100110/bin/../lib/gcc/avr/4.3.3/avr51\libgcc.a(_clear_bss.o)
 .bss           0x008002b3        0x0 d:/winavr-20100110/bin/../lib/gcc/avr/4.3.3/../../../../avr/lib/avr51\libc.a(atoi.o)
 .bss           0x008002b3        0x0 d:/winavr-20100110/bin/../lib/gcc/avr/4.3.3/../../../../avr/lib/avr51\libc.a(strcpy_P.o)
 .bss           0x008002b3        0x0 d:/winavr-20100110/bin/../lib/gcc/avr/4.3.3/../../../../avr/lib/avr51\libc.a(strcmp.o)
 .bss           0x008002b3        0x0 d:/winavr-20100110/bin/../lib/gcc/avr/4.3.3/../../../../avr/lib/avr51\libc.a(mul10.o)
 .bss           0x008002b3        0x0 d:/winavr-20100110/bin/../lib/gcc/avr/4.3.3/../../../../avr/lib/avr51\libc.a(sprintf_p.o)
 .bss           0x008002b3        0x0 d:/winavr-20100110/bin/../lib/gcc/avr/4.3.3/../../../../avr/lib/avr51\libc.a(vfprintf_std.o)
 .bss           0x008002b3        0x0 d:/winavr-20100110/bin/../lib/gcc/avr/4.3.3/../../../../avr/lib/avr51\libc.a(eerd_block_atmega128.o)
 .bss           0x008002b3        0x0 d:/winavr-20100110/bin/../lib/gcc/avr/4.3.3/../../../../avr/lib/avr51\libc.a(eerd_byte_atmega128.o)
 .bss           0x008002b3        0x0 d:/winavr-20100110/bin/../lib/gcc/avr/4.3.3/../../../../avr/lib/avr51\libc.a(eewr_block_atmega128.o)
 .bss           0x008002b3        0x0 d:/winavr-20100110/bin/../lib/gcc/avr/4.3.3/../../../../avr/lib/avr51\libc.a(eewr_byte_atmega128.o)
 .bss           0x008002b3        0x0 d:/winavr-20100110/bin/../lib/gcc/avr/4.3.3/../../../../avr/lib/avr51\libc.a(strnlen_P.o)
 .bss           0x008002b3        0x0 d:/winavr-20100110/bin/../lib/gcc/avr/4.3.3/../../../../avr/lib/avr51\libc.a(strnlen.o)
 .bss           0x008002b3        0x0 d:/winavr-20100110/bin/../lib/gcc/avr/4.3.3/../../../../avr/lib/avr51\libc.a(fputc.o)
 .bss           0x008002b3        0x0 d:/winavr-20100110/bin/../lib/gcc/avr/4.3.3/../../../../avr/lib/avr51\libc.a(ultoa_invert.o)
 *(.bss*)
 *(COMMON)
 COMMON         0x008002b3        0x8 master4.o
                0x008002b3                __timercount
                0x008002b4                __sec_flag
                0x008002b5                __sec_sign
                0x008002b6                __sec_count
                0x008002b7                __timer
                0x008002b8                __timeout
                0x008002b9                __sec_par
                0x008002ba                IsPowerOn
 COMMON         0x008002bb      0x9f8 f_menu.o
                0x008002bb                strGainPoints
                0x008002c4                strLoyCardHolder
                0x008002e3                strPresetType
                0x008002e5                strBalanceCode
                0x008002e7                strLoyCardID
                0x008002fc                strSurcharge
                0x00800306                strStandReceived
                0x00800324                strCardHolder
                0x0080034d                strTime
                0x00800356                LocalAccountFIP
                0x0080035b                strBalanceTypePrint
                0x00800375                strVolume
                0x0080037e                strLoyCurrMonConsumeA
                0x00800389                CardType
                0x0080038a                strStatus
                0x0080038c                strMeterVolume
                0x0080039a                strLoyRedeemPoints
                0x008003a3                strBalanceType
                0x008003a5                strRef4
                0x008003ba                strSystemDate
                0x008003c3                strOdometer
                0x008003cd                strCorporateName
                0x008003ec                PrintBuffer
                0x0080057d                strMOPName
                0x00800592                strGeniusCode
                0x0080059d                AcknoledgeCommand
                0x0080059e                strPrice
                0x008005a7                PoolCmd
                0x008005a8                RecPumpData
                0x00800750                strPaymentType
                0x00800753                strInvoiceNumber
                0x0080075e                strProduct
                0x0080076d                NozzleID
                0x0080076e                strDate
                0x00800779                strCompName
                0x0080078e                CurrentShiftDateTime
                0x008007a2                CurrentShift
                0x008007a3                strFreeMessageLine2
                0x008007b9                strFIP_ID
                0x008007bc                strCurrentTime
                0x008007d0                strKeyStamp
                0x008007db                strSurchargeDesc
                0x008007f0                strApprovalCode
                0x008007f7                strTotalVolume
                0x0080080b                EDCType
                0x0080080c                strDescription
                0x0080081c                strFreeMessageLine3
                0x00800832                strNozzle
                0x00800835                strLoyCurrentPoints
                0x0080083e                ShiftDateTime
                0x00800852                strSurchargeAmount
                0x0080085d                strSerialFlow
                0x00800871                strProductID
                0x00800874                strSystemTime
                0x0080087d                strRef3
                0x00800892                strFreeMessageLine1
                0x008008a8                strTotalMoney
                0x008008bc                strPrint
                0x008008e9                strMeterAmount
                0x008008f7                strIslandID
                0x008008fa                strLicPlate
                0x00800905                strDeltaVolume
                0x00800914                strPrevPoints
                0x0080091d                rcv_trans
                0x00800b89                strCardID
                0x00800b9e                strRef2
                0x00800bb3                strAmount
                0x00800bbe                IsMessage03
                0x00800bbf                strDateTime
                0x00800bd3                PoolMsg
                0x00800bd4                IncomingTransaction
                0x00800bd6                strFreeMessageLine4
                0x00800bec                AcknoledgePump
                0x00800bed                strLoyCurrMonConsumeV
                0x00800bf8                strBalance
                0x00800c0a                strCorporateID
                0x00800c1f                strBalanceValue
                0x00800c2d                strDeltaMoney
                0x00800c3c                strVoucherNum
                0x00800c51                strRFID
                0x00800c5b                strRestoreCode
                0x00800c66                strMOPType
                0x00800c68                strShift
                0x00800c6a                strReceiptNum
                0x00800c71                strAprovalCode
                0x00800c78                TimSend
                0x00800c79                strLoyExpiry
                0x00800c84                strPrintCount
                0x00800c87                strTranNo
                0x00800c8e                strRef1
                0x00800ca3                strCardType
                0x00800cb3                PROVIDE (__bss_end, .)
                0x00015b14                __data_load_start = LOADADDR (.data)
                0x00015b70                __data_load_end = (__data_load_start + SIZEOF (.data))

.noinit         0x00800cb3        0x0
                0x00800cb3                PROVIDE (__noinit_start, .)
 *(.noinit*)
                0x00800cb3                PROVIDE (__noinit_end, .)
                0x00800cb3                _end = .
                0x00800cb3                PROVIDE (__heap_start, .)

.eeprom         0x00810000      0x857
 *(.eeprom*)
 .eeprom        0x00810000      0x857 f_menu.o
                0x00810032                DefPrintScrollSpace
                0x0081003f                DefCurrencyMark
                0x008100bb                DefProductName
                0x0081014b                DefLoyaltyLabel
                0x00810001                DefSpvPassword
                0x00810030                DefPrinterType
                0x00810227                DefHeaderFooter
                0x00810028                DefClientIP
                0x00810055                DefNozzleMap
                0x00810843                DefLastShiftDateTime
                0x0081004d                DefPumpLabel
                0x00810147                DefPoolingSendTimeout
                0x008103c3                TotalVolume
                0x0081002c                DefServerIP
                0x008103c2                DefHGMode
                0x00810033                DefPrintAutoCut
                0x00810603                TotalMoney
                0x00810039                DefDecimalPrice
                0x00810031                DefPrintScrollEnd
                0x00810140                DefBaudrate
                0x0081014a                DefSequenceTimeout
                0x00810137                DefDispenserBrand
                0x00810034                DefPrintLogo
                0x00810135                DefPrintInitialize
                0x00810085                DefProductPrice
                0x00810038                DefNotifScreen
                0x00810146                DefPoolingTryResend
                0x0081000b                DefSysPassword
                0x00810138                DefTransactionNumber
                0x00810136                DefInitIFT
                0x00810045                DefPumpMap
                0x00810015                DefOperatorName
                0x00810109                DefBankName
                0x0081003d                DefDecimalTotalMoney
                0x00810149                DefActivePump
                0x008103c1                DefPrintMoney
                0x00810000                DefIFT_ID
                0x0081003c                DefDecimalTotalVolume
                0x0081013f                DefShift
                0x00810037                DefShowDateTime
                0x0081003a                DefDecimalVolume
                0x00810144                DefPoolingPumpMax
                0x00810040                DefMarkMap
                0x0081003b                DefDecimalMoney
                0x00810145                DefPoolingNoPumpCount
                0x0081003e                DefDecimalMark
                0x00810036                DefConnectionHost
                0x00810035                DefPrintSize
                0x00810148                DefPoolingDelayNextPump
                0x00810857                __eeprom_end = .

.fuse
 *(.fuse)
 *(.lfuse)
 *(.hfuse)
 *(.efuse)

.lock
 *(.lock*)

.signature
 *(.signature*)

.stab
 *(.stab)

.stabstr
 *(.stabstr)

.stab.excl
 *(.stab.excl)

.stab.exclstr
 *(.stab.exclstr)

.stab.index
 *(.stab.index)

.stab.indexstr
 *(.stab.indexstr)

.comment
 *(.comment)

.debug
 *(.debug)

.line
 *(.line)

.debug_srcinfo
 *(.debug_srcinfo)

.debug_sfnames
 *(.debug_sfnames)

.debug_aranges  0x00000000       0xe0
 *(.debug_aranges)
 .debug_aranges
                0x00000000       0x20 master4.o
 .debug_aranges
                0x00000020       0x20 f_menu.o
 .debug_aranges
                0x00000040       0x20 LCD.o
 .debug_aranges
                0x00000060       0x20 KEYPAD.o
 .debug_aranges
                0x00000080       0x20 SPI.o
 .debug_aranges
                0x000000a0       0x20 RTC.o
 .debug_aranges
                0x000000c0       0x20 UART.o

.debug_pubnames
                0x00000000     0x24d7
 *(.debug_pubnames)
 .debug_pubnames
                0x00000000       0xb1 master4.o
 .debug_pubnames
                0x000000b1     0x2191 f_menu.o
 .debug_pubnames
                0x00002242       0xa4 LCD.o
 .debug_pubnames
                0x000022e6      0x114 KEYPAD.o
 .debug_pubnames
                0x000023fa       0x39 SPI.o
 .debug_pubnames
                0x00002433       0x32 RTC.o
 .debug_pubnames
                0x00002465       0x72 UART.o

.debug_info     0x00000000    0x10394
 *(.debug_info)
 .debug_info    0x00000000      0x454 master4.o
 .debug_info    0x00000454     0xecde f_menu.o
 .debug_info    0x0000f132      0x759 LCD.o
 .debug_info    0x0000f88b      0x40c KEYPAD.o
 .debug_info    0x0000fc97      0x1ac SPI.o
 .debug_info    0x0000fe43      0x173 RTC.o
 .debug_info    0x0000ffb6      0x3de UART.o
 *(.gnu.linkonce.wi.*)

.debug_abbrev   0x00000000      0xb11
 *(.debug_abbrev)
 .debug_abbrev  0x00000000      0x168 master4.o
 .debug_abbrev  0x00000168      0x3f2 f_menu.o
 .debug_abbrev  0x0000055a      0x151 LCD.o
 .debug_abbrev  0x000006ab      0x161 KEYPAD.o
 .debug_abbrev  0x0000080c       0xee SPI.o
 .debug_abbrev  0x000008fa       0xe0 RTC.o
 .debug_abbrev  0x000009da      0x137 UART.o

.debug_line     0x00000000     0xc409
 *(.debug_line)
 .debug_line    0x00000000      0x332 master4.o
 .debug_line    0x00000332     0xb157 f_menu.o
 .debug_line    0x0000b489      0x461 LCD.o
 .debug_line    0x0000b8ea      0x346 KEYPAD.o
 .debug_line    0x0000bc30      0x1bf SPI.o
 .debug_line    0x0000bdef      0x2c2 RTC.o
 .debug_line    0x0000c0b1      0x358 UART.o

.debug_frame    0x00000000     0x1190
 *(.debug_frame)
 .debug_frame   0x00000000       0x40 master4.o
 .debug_frame   0x00000040      0xf30 f_menu.o
 .debug_frame   0x00000f70       0xc0 LCD.o
 .debug_frame   0x00001030       0x60 KEYPAD.o
 .debug_frame   0x00001090       0x40 SPI.o
 .debug_frame   0x000010d0       0x40 RTC.o
 .debug_frame   0x00001110       0x80 UART.o

.debug_str      0x00000000     0x525e
 *(.debug_str)
 .debug_str     0x00000000      0x49a master4.o
                                0x4db (size before relaxing)
 .debug_str     0x0000049a     0x4b82 f_menu.o
                               0x5308 (size before relaxing)
 .debug_str     0x0000501c       0x81 LCD.o
                                0x1c2 (size before relaxing)
 .debug_str     0x0000509d       0xb4 KEYPAD.o
                                0x232 (size before relaxing)
 .debug_str     0x00005151       0x3e SPI.o
                                0x152 (size before relaxing)
 .debug_str     0x0000518f       0x38 RTC.o
                                0x124 (size before relaxing)
 .debug_str     0x000051c7       0x97 UART.o
                                0x1ea (size before relaxing)

.debug_loc      0x00000000     0x6ca4
 *(.debug_loc)
 .debug_loc     0x00000000       0x30 master4.o
 .debug_loc     0x00000030     0x5ded f_menu.o
 .debug_loc     0x00005e1d      0x486 LCD.o
 .debug_loc     0x000062a3      0x3a8 KEYPAD.o
 .debug_loc     0x0000664b       0x72 SPI.o
 .debug_loc     0x000066bd      0x13e RTC.o
 .debug_loc     0x000067fb      0x4a9 UART.o

.debug_macinfo
 *(.debug_macinfo)
OUTPUT(master4.elf elf32-avr)
LOAD linker stubs

.debug_ranges   0x00000000      0x498
 .debug_ranges  0x00000000      0x450 f_menu.o
 .debug_ranges  0x00000450       0x48 KEYPAD.o
