Archive member included because of file (symbol)

d:/winavr-20090313/bin/../lib/gcc/avr/4.3.2/avr51\libgcc.a(_mulsi3.o)
                              UART.o (__mulsi3)
d:/winavr-20090313/bin/../lib/gcc/avr/4.3.2/avr51\libgcc.a(_udivmodqi4.o)
                              f_menu.o (__udivmodqi4)
d:/winavr-20090313/bin/../lib/gcc/avr/4.3.2/avr51\libgcc.a(_divmodqi4.o)
                              f_menu.o (__divmodqi4)
d:/winavr-20090313/bin/../lib/gcc/avr/4.3.2/avr51\libgcc.a(_udivmodhi4.o)
                              f_menu.o (__udivmodhi4)
d:/winavr-20090313/bin/../lib/gcc/avr/4.3.2/avr51\libgcc.a(_divmodhi4.o)
                              f_menu.o (__divmodhi4)
d:/winavr-20090313/bin/../lib/gcc/avr/4.3.2/avr51\libgcc.a(_udivmodsi4.o)
                              UART.o (__udivmodsi4)
d:/winavr-20090313/bin/../lib/gcc/avr/4.3.2/avr51\libgcc.a(_exit.o)
                              d:/winavr-20090313/bin/../lib/gcc/avr/4.3.2/../../../../avr/lib/avr51/crtm128.o (exit)
d:/winavr-20090313/bin/../lib/gcc/avr/4.3.2/avr51\libgcc.a(_clear_bss.o)
                              master4.o (__do_clear_bss)
d:/winavr-20090313/bin/../lib/gcc/avr/4.3.2/../../../../avr/lib/avr51\libc.a(atoi.o)
                              f_menu.o (atoi)
d:/winavr-20090313/bin/../lib/gcc/avr/4.3.2/../../../../avr/lib/avr51\libc.a(strcpy_P.o)
                              f_menu.o (strcpy_P)
d:/winavr-20090313/bin/../lib/gcc/avr/4.3.2/../../../../avr/lib/avr51\libc.a(strcmp.o)
                              f_menu.o (strcmp)
d:/winavr-20090313/bin/../lib/gcc/avr/4.3.2/../../../../avr/lib/avr51\libc.a(eerd_block.o)
                              f_menu.o (__eerd_block)
d:/winavr-20090313/bin/../lib/gcc/avr/4.3.2/../../../../avr/lib/avr51\libc.a(eewr_block.o)
                              f_menu.o (__eewr_block)
d:/winavr-20090313/bin/../lib/gcc/avr/4.3.2/../../../../avr/lib/avr51\libc.a(mul10.o)
                              d:/winavr-20090313/bin/../lib/gcc/avr/4.3.2/../../../../avr/lib/avr51\libc.a(atoi.o) (__mulhi_const_10)
d:/winavr-20090313/bin/../lib/gcc/avr/4.3.2/../../../../avr/lib/avr51\libc.a(sprintf_p.o)
                              f_menu.o (sprintf_P)
d:/winavr-20090313/bin/../lib/gcc/avr/4.3.2/../../../../avr/lib/avr51\libc.a(vfprintf_std.o)
                              d:/winavr-20090313/bin/../lib/gcc/avr/4.3.2/../../../../avr/lib/avr51\libc.a(sprintf_p.o) (vfprintf)
d:/winavr-20090313/bin/../lib/gcc/avr/4.3.2/../../../../avr/lib/avr51\libc.a(strnlen_P.o)
                              d:/winavr-20090313/bin/../lib/gcc/avr/4.3.2/../../../../avr/lib/avr51\libc.a(vfprintf_std.o) (strnlen_P)
d:/winavr-20090313/bin/../lib/gcc/avr/4.3.2/../../../../avr/lib/avr51\libc.a(strnlen.o)
                              d:/winavr-20090313/bin/../lib/gcc/avr/4.3.2/../../../../avr/lib/avr51\libc.a(vfprintf_std.o) (strnlen)
d:/winavr-20090313/bin/../lib/gcc/avr/4.3.2/../../../../avr/lib/avr51\libc.a(fputc.o)
                              d:/winavr-20090313/bin/../lib/gcc/avr/4.3.2/../../../../avr/lib/avr51\libc.a(vfprintf_std.o) (fputc)
d:/winavr-20090313/bin/../lib/gcc/avr/4.3.2/../../../../avr/lib/avr51\libc.a(ultoa_invert.o)
                              d:/winavr-20090313/bin/../lib/gcc/avr/4.3.2/../../../../avr/lib/avr51\libc.a(vfprintf_std.o) (__ultoa_invert)
d:/winavr-20090313/bin/../lib/gcc/avr/4.3.2/avr51\libgcc.a(_prologue.o)
                              d:/winavr-20090313/bin/../lib/gcc/avr/4.3.2/../../../../avr/lib/avr51\libc.a(eerd_block.o) (__prologue_saves__)
d:/winavr-20090313/bin/../lib/gcc/avr/4.3.2/avr51\libgcc.a(_epilogue.o)
                              d:/winavr-20090313/bin/../lib/gcc/avr/4.3.2/../../../../avr/lib/avr51\libc.a(eerd_block.o) (__epilogue_restores__)

Allocating common symbols
Common symbol       size              file

strGainPoints       0x9               f_menu.o
strLoyCardHolder    0x1f              f_menu.o
strPresetType       0x2               f_menu.o
strBalanceCode      0x2               f_menu.o
strLoyCardID        0x15              f_menu.o
__timercount        0x1               master4.o
strSurcharge        0xa               f_menu.o
__sec_flag          0x1               master4.o
strStandReceived    0x1e              f_menu.o
__sec_sign          0x1               master4.o
strCardHolder       0x29              f_menu.o
strTime             0x9               f_menu.o
LocalAccountFIP     0x5               f_menu.o
__command           0x32              master4.o
strBalanceTypePrint
                    0x1a              f_menu.o
__spi_istransmit    0x1               master4.o
strVolume           0x9               f_menu.o
strLoyCurrMonConsumeA
                    0xb               f_menu.o
CardType            0x1               f_menu.o
strStatus           0x2               f_menu.o
strMeterVolume      0xe               f_menu.o
strLoyRedeemPoints  0x9               f_menu.o
strBalanceType      0x2               f_menu.o
iExt                0x2               master4.o
strRef4             0x15              f_menu.o
__spi_i             0x1               SPI.o
strSystemDate       0x9               f_menu.o
strOdometer         0xa               f_menu.o
strCorporateName    0x1f              f_menu.o
strIFT_ID           0x3               f_menu.o
PrintBuffer         0x191             f_menu.o
strMOPName          0x15              f_menu.o
strGeniusCode       0xb               f_menu.o
AcknoledgeCommand   0x1               f_menu.o
strPrice            0x9               f_menu.o
PoolCmd             0x1               f_menu.o
RecPumpData         0x1a8             f_menu.o
strPaymentType      0x3               f_menu.o
__command_flag      0x1               master4.o
strInvoiceNumber    0xb               f_menu.o
strProduct          0xf               f_menu.o
NozzleID            0x1               f_menu.o
strDate             0xb               f_menu.o
__sec_count         0x1               master4.o
strCompName         0x15              f_menu.o
CurrentShiftDateTime
                    0x14              f_menu.o
CurrentShift        0x1               f_menu.o
strFreeMessageLine2
                    0x16              f_menu.o
__command_set       0x1               master4.o
strFIP_ID           0x3               f_menu.o
__timer             0x1               master4.o
strCurrentTime      0x14              f_menu.o
strKeyStamp         0xb               f_menu.o
strClientIP         0x11              f_menu.o
strSurchargeDesc    0x15              f_menu.o
strApprovalCode     0x7               f_menu.o
strServerIP         0x11              f_menu.o
strTotalVolume      0x14              f_menu.o
__spi_char          0x1               SPI.o
EDCType             0x1               f_menu.o
strDescription      0x10              f_menu.o
strFreeMessageLine3
                    0x16              f_menu.o
strNozzle           0x3               f_menu.o
strLoyCurrentPoints
                    0x9               f_menu.o
ShiftDateTime       0x14              f_menu.o
strSurchargeAmount  0xb               f_menu.o
strSerialFlow       0x14              f_menu.o
__timeout           0x1               master4.o
strProductID        0x3               f_menu.o
strSystemTime       0x9               f_menu.o
strRef3             0x15              f_menu.o
strFreeMessageLine1
                    0x16              f_menu.o
strTotalMoney       0x14              f_menu.o
strPrint            0x2d              f_menu.o
strMeterAmount      0xe               f_menu.o
strIslandID         0x3               f_menu.o
strLicPlate         0xb               f_menu.o
strDeltaVolume      0xf               f_menu.o
strPrevPoints       0x9               f_menu.o
rcv_trans           0x26c             f_menu.o
strCardID           0x15              f_menu.o
strRef2             0x15              f_menu.o
strAmount           0xb               f_menu.o
IsMessage03         0x1               f_menu.o
strDateTime         0x14              f_menu.o
strSeqNum           0x3               f_menu.o
__package           0x82              master4.o
PoolMsg             0x1               f_menu.o
IncomingTransaction
                    0x2               f_menu.o
strFreeMessageLine4
                    0x16              f_menu.o
AcknoledgePump      0x1               f_menu.o
strLoyCurrMonConsumeV
                    0xb               f_menu.o
strBalance          0x12              f_menu.o
strCorporateID      0x15              f_menu.o
strBalanceValue     0xe               f_menu.o
strDeltaMoney       0xf               f_menu.o
strVoucherNum       0x15              f_menu.o
strRFID             0xa               f_menu.o
strRestoreCode      0xb               f_menu.o
strMOPType          0x2               f_menu.o
strShift            0x2               f_menu.o
strReceiptNum       0x7               f_menu.o
strAprovalCode      0x7               f_menu.o
TimSend             0x1               f_menu.o
strLoyExpiry        0xb               f_menu.o
strPrintCount       0x3               f_menu.o
__sec_par           0x1               master4.o
strTranNo           0x7               f_menu.o
IsPowerOn           0x1               master4.o
strRef1             0x15              f_menu.o
strCardType         0x10              f_menu.o

Memory Configuration

Name             Origin             Length             Attributes
text             0x00000000         0x00020000         xr
data             0x00800060         0x0000ffa0         rw !x
eeprom           0x00810000         0x00010000         rw !x
fuse             0x00820000         0x00000400         rw !x
lock             0x00830000         0x00000400         rw !x
signature        0x00840000         0x00000400         rw !x
*default*        0x00000000         0xffffffff

Linker script and memory map

Address of section .data set to 0x800100
LOAD d:/winavr-20090313/bin/../lib/gcc/avr/4.3.2/../../../../avr/lib/avr51/crtm128.o
LOAD master4.o
LOAD f_menu.o
LOAD LCD.o
LOAD KEYPAD.o
LOAD SPI.o
LOAD RTC.o
LOAD UART.o
LOAD d:/winavr-20090313/bin/../lib/gcc/avr/4.3.2/avr51\libgcc.a
LOAD d:/winavr-20090313/bin/../lib/gcc/avr/4.3.2/../../../../avr/lib/avr51\libc.a
LOAD d:/winavr-20090313/bin/../lib/gcc/avr/4.3.2/avr51\libgcc.a

.hash
 *(.hash)

.dynsym
 *(.dynsym)

.dynstr
 *(.dynstr)

.gnu.version
 *(.gnu.version)

.gnu.version_d
 *(.gnu.version_d)

.gnu.version_r
 *(.gnu.version_r)

.rel.init
 *(.rel.init)

.rela.init
 *(.rela.init)

.rel.text
 *(.rel.text)
 *(.rel.text.*)
 *(.rel.gnu.linkonce.t*)

.rela.text
 *(.rela.text)
 *(.rela.text.*)
 *(.rela.gnu.linkonce.t*)

.rel.fini
 *(.rel.fini)

.rela.fini
 *(.rela.fini)

.rel.rodata
 *(.rel.rodata)
 *(.rel.rodata.*)
 *(.rel.gnu.linkonce.r*)

.rela.rodata
 *(.rela.rodata)
 *(.rela.rodata.*)
 *(.rela.gnu.linkonce.r*)

.rel.data
 *(.rel.data)
 *(.rel.data.*)
 *(.rel.gnu.linkonce.d*)

.rela.data
 *(.rela.data)
 *(.rela.data.*)
 *(.rela.gnu.linkonce.d*)

.rel.ctors
 *(.rel.ctors)

.rela.ctors
 *(.rela.ctors)

.rel.dtors
 *(.rel.dtors)

.rela.dtors
 *(.rela.dtors)

.rel.got
 *(.rel.got)

.rela.got
 *(.rela.got)

.rel.bss
 *(.rel.bss)

.rela.bss
 *(.rela.bss)

.rel.plt
 *(.rel.plt)

.rela.plt
 *(.rela.plt)

.text           0x00000000    0x16f18
 *(.vectors)
 .vectors       0x00000000       0x8c d:/winavr-20090313/bin/../lib/gcc/avr/4.3.2/../../../../avr/lib/avr51/crtm128.o
                0x00000000                __vectors
                0x00000000                __vector_default
 *(.vectors)
 *(.progmem.gcc*)
 .progmem.gcc_sw_table
                0x0000008c      0x1e0 f_menu.o
 *(.progmem*)
 .progmem.data  0x0000026c       0x32 master4.o
 .progmem.data  0x0000029e     0x211c f_menu.o
                0x0000029e                __prodloc
                0x000002df                strDispenserName3
                0x000002aa                __prntloc
                0x000002c2                __hostloc
                0x000002ea                strDispenserName4
                0x000002f2                strDispenserName5
                0x000002b6                __prntlmt
                0x000002d6                strDispenserName2
                0x000002bc                __prntstr
                0x000002d2                strDispenserName1
                0x000002c8                MaxKeyHit
                0x000002f5                DefListDispenserName
 .progmem.data  0x000023ba       0x54 LCD.o
 .progmem.data  0x0000240e       0x82 KEYPAD.o
                0x00002486                __maxchar
                0x0000240e                __alphanum
                0x00002490                . = ALIGN (0x2)
                0x00002490                __trampolines_start = .
 *(.trampolines)
 .trampolines   0x00002490        0x0 linker stubs
 *(.trampolines*)
                0x00002490                __trampolines_end = .
 *(.jumptables)
 *(.jumptables*)
 *(.lowtext)
 *(.lowtext*)
                0x00002490                __ctors_start = .
 *(.ctors)
                0x00002490                __ctors_end = .
                0x00002490                __dtors_start = .
 *(.dtors)
                0x00002490                __dtors_end = .
 SORT(*)(.ctors)
 SORT(*)(.dtors)
 *(.init0)
 .init0         0x00002490        0x0 d:/winavr-20090313/bin/../lib/gcc/avr/4.3.2/../../../../avr/lib/avr51/crtm128.o
                0x00002490                __init
 *(.init0)
 *(.init1)
 *(.init1)
 *(.init2)
 .init2         0x00002490        0xc d:/winavr-20090313/bin/../lib/gcc/avr/4.3.2/../../../../avr/lib/avr51/crtm128.o
 *(.init2)
 *(.init3)
 *(.init3)
 *(.init4)
 .init4         0x0000249c       0x1a d:/winavr-20090313/bin/../lib/gcc/avr/4.3.2/../../../../avr/lib/avr51/crtm128.o
                0x0000249c                __do_copy_data
 .init4         0x000024b6       0x10 d:/winavr-20090313/bin/../lib/gcc/avr/4.3.2/avr51\libgcc.a(_clear_bss.o)
                0x000024b6                __do_clear_bss
 *(.init4)
 *(.init5)
 *(.init5)
 *(.init6)
 *(.init6)
 *(.init7)
 *(.init7)
 *(.init8)
 *(.init8)
 *(.init9)
 .init9         0x000024c6        0x8 d:/winavr-20090313/bin/../lib/gcc/avr/4.3.2/../../../../avr/lib/avr51/crtm128.o
 *(.init9)
 *(.text)
 .text          0x000024ce        0x4 d:/winavr-20090313/bin/../lib/gcc/avr/4.3.2/../../../../avr/lib/avr51/crtm128.o
                0x000024ce                __vector_22
                0x000024ce                __vector_28
                0x000024ce                __vector_1
                0x000024ce                __vector_32
                0x000024ce                __vector_34
                0x000024ce                __vector_24
                0x000024ce                __bad_interrupt
                0x000024ce                __vector_6
                0x000024ce                __vector_31
                0x000024ce                __vector_3
                0x000024ce                __vector_23
                0x000024ce                __vector_25
                0x000024ce                __vector_11
                0x000024ce                __vector_13
                0x000024ce                __vector_19
                0x000024ce                __vector_7
                0x000024ce                __vector_27
                0x000024ce                __vector_5
                0x000024ce                __vector_33
                0x000024ce                __vector_4
                0x000024ce                __vector_9
                0x000024ce                __vector_2
                0x000024ce                __vector_21
                0x000024ce                __vector_15
                0x000024ce                __vector_29
                0x000024ce                __vector_8
                0x000024ce                __vector_26
                0x000024ce                __vector_14
                0x000024ce                __vector_10
                0x000024ce                __vector_16
                0x000024ce                __vector_20
 .text          0x000024d2      0x128 master4.o
                0x000025f0                main
                0x00002538                SystemInit
                0x000024d2                systemOnReset
 .text          0x000025fa    0x13274 f_menu.o
                0x00012640                FMenuReprint
                0x000043d2                CreateReport
                0x0000a78c                FreePrinting
                0x00002ab2                charToHex
                0x00003184                IdentifyMessage
                0x00002774                ScanEDCFlow
                0x00009890                InitPrinter
                0x00002de6                StrPosPaste
                0x00002c4c                InitStandalone
                0x0000ee62                _menu_pump
                0x000028f8                ScanRFIDFlow
                0x000051c0                ResetTotalizer
                0x00004dfc                GetTotalizerMoney
                0x00008fb2                FSettingHost
                0x00003e76                UpdateClientIP
                0x000047b2                PstrCopy
                0x000047e8                SpaceOnly
                0x00003422                SetIncomingTransStatus
                0x0000e8e4                SendSlaveCommand
                0x000114da                FSettingProduct
                0x000131f2                SetBaudRate
                0x00008fba                _menu_printer
                0x00004bec                procMessage57
                0x00009c52                sendMessage92
                0x00003f46                GenerateStandaloneTransData
                0x0000984a                SendPrint
                0x00008c54                _menu_host
                0x00003420                GeniusSendPumpPreset
                0x000101f8                TestUserInput
                0x0000368c                UpdateSeqNum
                0x000061a2                WrapCode
                0x00004700                IsMoreThan
                0x00002be2                TestLocalAccount
                0x00009994                PrintDoubleHeight
                0x000044ae                AddList
                0x0000a5fe                sendMessage10
                0x00002622                __vector_12
                0x00002b86                StringCopy
                0x000050da                SaveTotalizerCurrentToLast
                0x000036e2                UpdateIFT_ID
                0x00003652                leadingZero
                0x00006098                CountTotalizerSatus
                0x0000469c                IsMinus
                0x000083e6                procMessage99
                0x00003076                FillChar
                0x0000e912                FSettingPumpID
                0x0000c6c2                FMenuShift
                0x00002c4e                DisplayQueueFIP
                0x000059d4                NormalizeOverflow
                0x000068da                FormatPrice
                0x0000341e                GeniusSendResumePump
                0x00003d28                SelectMark
                0x00004e70                GetTransactionMoney
                0x0000330c                Chr
                0x00002a98                Str
                0x00002c56                systemEDC
                0x00002cf6                FCloseDay
                0x000124ba                FMenuPassword
                0x00009e10                sendMessage90
                0x00009336                _menu_pumpprodinput
                0x0000eebc                FMenuPumpType
                0x0000e058                FSettingPumpPooling
                0x00010a46                FTestCalculation
                0x0000300a                procMessage81
                0x0000a2c4                sendMessage28
                0x000118e6                FMenuSettingFooter
                0x00003090                ProcMessage91
                0x0000429a                SumChecksum
                0x0000586e                CalcMultiply
                0x00004b58                RemSpaceLag
                0x00006064                AddCharLag
                0x0000a6c4                sendMessage04
                0x0000be5e                procMessage11
                0x0001066c                FSettingDec
                0x00003486                GetIncomingTransStatus
                0x0001325e                FSettingSystem
                0x00003736                MasterReset
                0x00002a92                High
                0x000060f4                RemoveChar
                0x00003a82                GetFIPAddr
                0x00012898                FMenuAdmin
                0x000082c0                __vector_30
                0x00002afc                strToInt
                0x00002da2                GetLocAccStatus
                0x00002e26                CharPosCopy
                0x00003cc0                SaveToEEPROM
                0x00002c58                GeniusCalc
                0x0000334a                GetBorderValue
                0x00002db2                FTestRemZero
                0x00009f5e                sendMessage58
                0x0000341a                GeniusSendPumpStatus
                0x00002a8c                systemRestart
                0x00002cfa                FMenuSettingPassword
                0x00005270                AddZeroLag
                0x00003322                GetTabSpace
                0x00009960                PrintNormalHeight
                0x00011f8a                FMenuAdminSettings
                0x00004990                FormatDate
                0x00005f44                StrAlignCenter
                0x0000e502                DisplayIdle
                0x00005e6c                systemGeniusProtocol
                0x00012098                FMenuMaster
                0x00002764                SendPoolingCommand
                0x000068f4                systemGenerateReport
                0x00008b40                _scr_pump
                0x000068a6                FormatVolume
                0x00004ac2                RemSpaceLead
                0x0000c22e                FCloseShift
                0x0000fb3e                __vector_17
                0x00012982                FMenuChangeMOP
                0x00004d06                clearString
                0x00003c00                GetTotalizerData
                0x0000a4f4                sendMessage22
                0x0001500c                SaveConfigParameter
                0x00004a32                RemZeroLead
                0x000034be                SetDispenser
                0x00002be4                BackLightTrig
                0x000052a6                StrCalc
                0x0000341c                GeniusSendStopPump
                0x0000d55a                ValidateGeniusCode
                0x0000cb62                FSettingDatetime
                0x000042da                IsGeniusCommand
                0x000099c8                PaperCut
                0x00002e50                procMessage09
                0x0001544e                FMenuIdle
                0x00003566                ComposeDatetime
                0x0000d04c                FMenuLoyalty
                0x00002d00                IncValue
                0x00002cbc                CountNoPumpSatus
                0x00003bac                GetPumpID
                0x00004d2e                AddZeroLead
                0x0000f044                FSettingPump
                0x0000e7da                SendEDCMessage
                0x00002a82                system_beep
                0x0000f9f2                ScanStandaloneFlow
                0x00008858                GetMessageID
                0x0000a3dc                sendMessage24
                0x0000677e                FormatDecimal
                0x00002c50                ShowMessage
                0x00014bd8                SendConfigParamater
                0x000137f2                InitComport
                0x00002bfa                GetBaudrate
                0x00008a6e                DisplayScreenIdle
                0x00002d24                zeroIP
                0x00008896                FTestChar
                0x000032a4                RawToStr
                0x0000688c                FormatTotalizerMoney
                0x0000aed8                PrintIdle
                0x00002d12                DecValue
                0x00007fae                GenerateTransactionNum
                0x00002cfe                menu_product
                0x000046a6                RemoveMinus
                0x00002ee6                procMessage23
                0x00002bb2                StringCopyPos
                0x0000d5c8                FMenuSettingServerIP
                0x00005c4c                GeniusSendLastTransaction
                0x00002b62                ViewCardID
                0x00005f98                AddCharLead
                0x0000a10e                sendMessage32
                0x000041ee                PrintStandalone
                0x00005b40                AddSpaceLag
                0x00002c52                CalcLRC
                0x00004514                ClearList
                0x0000d516                ValidateRestoreCode
                0x00002e30                procMessage00
                0x0000f0cc                InitializeConnection
                0x000032fc                CalcPlus
                0x00007f5a                UpdateCardID
                0x00013900                sendMessage56
                0x000026f6                RePrintStandalone
                0x0000453c                CalcSegmen
                0x00013a54                FMenuLocalAccount
                0x00005b76                GetProductName
                0x000039e8                procMessage21
                0x00006524                GeneratePrintInit
                0x00003268                StrToRaw
                0x00004780                IsZerroAll
                0x00002b0e                intToStr
                0x000068c0                FormatMoney
                0x00004e36                GetTotalizerVolume
                0x000032f0                CalcMinus
                0x00006868                NormalizeDecimal
                0x0000299c                ScanCommand
                0x000026fa                GetPumpStatusLabel
                0x00006276                GenerateKeyStamp
                0x0000e790                systemMaster
                0x000097dc                system_stop
                0x0000980c                systemForceType
                0x00004822                RemDecimal
                0x000095f0                FMenuPumpLabel
                0x000029a0                ConfigProtocol
                0x0000959e                _menu_pumpprod
                0x000081c6                GeniusProtocol
                0x00004ee4                GetTransactionVolume
                0x0000892e                DisplayPumpStatus
                0x00009a02                sendMessage98
                0x0000c82c                _menu_datetime
                0x0000be54                systemPrinting
                0x0000e7c4                EDCSendByte
                0x0001359c                FMenuSettings
                0x0000f8d4                StoreStandaloneTotalizerData
                0x0000639e                GenerateGeniusCode
                0x000033c2                InserBorder
                0x0000cb6a                menu_FIP
                0x00004862                GetProductPrice
                0x00005a72                AddSpaceLead
                0x00008096                GetParameter
                0x00009b04                sendMessage94
                0x00006612                FormatCurrency
                0x0000e4ce                DisplayTicker
                0x0000f406                StoreStandaloneTransData
                0x0000932e                FSettingPrinter
                0x00010f00                FSettingOperator
                0x00002a8e                Low
                0x0000c77e                DisplayDateTime
                0x0000ee58                _menu_pumpid
                0x00003318                Ord
                0x00004666                GetMinusPos
                0x00006872                FormatTotalizerVolume
                0x00003af0                UpdateStandaloneStatus
                0x00010c6a                FMenuTicket
                0x00002cb8                FSubMenuAdmin
                0x00002db4                StrPosCopy
                0x00002cf8                FLockPump
                0x00011c38                FMenuSettingHeader
                0x0001372e                FMenuAuthorization
                0x00004f58                SetTotalizerData
                0x0000e7a6                systemSlave
                0x0000ce7a                FMenuEDCTransaction
                0x0000295a                __vector_18
                0x00004364                Pos
                0x0000324e                Tab
                0x00015402                systemConfigProtocol
                0x0000dada                FMenuSettingClientIP
                0x000089fa                FViewFreeMessage
                0x0000dfec                DisplayStandaloneSequence
                0x0000fbb0                UserInput
                0x0000987a                CarriegeReturn
                0x00002c22                InitMemory
                0x00003da6                UpdateServerIP
                0x000028f6                ScanHiddenKeyFlow
 .text          0x0001586e      0x2be LCD.o
                0x00015994                lcd_xy
                0x00015a24                lcd_printf
                0x00015a7e                lcd_clear
                0x0001597a                lcd_string
                0x00015ac2                lcd_cgram
                0x000159cc                lcd_print
                0x000158c0                lcd_init
                0x00015948                _lcd
                0x00015ab0                lcd_put
                0x00015afe                ClearMem
                0x0001586e                lcd_command
 .text          0x00015b2c      0x384 KEYPAD.o
                0x00015c6e                _table_alphanum
                0x00015b86                _key_crr
                0x00015b2c                _key_hit
                0x00015bca                _key_btn
                0x00015d08                _key_scan
 .text          0x00015eb0      0x26a SPI.o
                0x00015f04                _spi
                0x000160be                _spi_command
                0x00015eb0                _spi_init
                0x00015f0e                _spi_rx
                0x00015ed6                _spi_enable
                0x00015f3e                _spi_tx
                0x00015ffc                _spi_interrupt
                0x00015fa4                _spi_txnum
 .text          0x0001611a      0x30a RTC.o
                0x0001629e                _datetime
                0x000163de                _day
                0x0001611a                _rtc
 .text          0x00016424      0x362 UART.o
                0x00016582                Int2Str
                0x00016660                Str2Int
                0x000164e0                _uart_print
                0x00016480                _uart_init
                0x000164a6                _uart
                0x00016424                _uart_baudrate
                0x00016530                _uart_printf
 .text          0x00016786        0x0 d:/winavr-20090313/bin/../lib/gcc/avr/4.3.2/avr51\libgcc.a(_mulsi3.o)
 .text          0x00016786        0x0 d:/winavr-20090313/bin/../lib/gcc/avr/4.3.2/avr51\libgcc.a(_udivmodqi4.o)
 .text          0x00016786        0x0 d:/winavr-20090313/bin/../lib/gcc/avr/4.3.2/avr51\libgcc.a(_divmodqi4.o)
 .text          0x00016786        0x0 d:/winavr-20090313/bin/../lib/gcc/avr/4.3.2/avr51\libgcc.a(_udivmodhi4.o)
 .text          0x00016786        0x0 d:/winavr-20090313/bin/../lib/gcc/avr/4.3.2/avr51\libgcc.a(_divmodhi4.o)
 .text          0x00016786        0x0 d:/winavr-20090313/bin/../lib/gcc/avr/4.3.2/avr51\libgcc.a(_udivmodsi4.o)
 .text          0x00016786        0x0 d:/winavr-20090313/bin/../lib/gcc/avr/4.3.2/avr51\libgcc.a(_exit.o)
 .text          0x00016786        0x0 d:/winavr-20090313/bin/../lib/gcc/avr/4.3.2/avr51\libgcc.a(_clear_bss.o)
 .text          0x00016786       0x3c d:/winavr-20090313/bin/../lib/gcc/avr/4.3.2/../../../../avr/lib/avr51\libc.a(atoi.o)
                0x00016786                atoi
 .text          0x000167c2        0xe d:/winavr-20090313/bin/../lib/gcc/avr/4.3.2/../../../../avr/lib/avr51\libc.a(strcpy_P.o)
                0x000167c2                strcpy_P
 .text          0x000167d0       0x12 d:/winavr-20090313/bin/../lib/gcc/avr/4.3.2/../../../../avr/lib/avr51\libc.a(strcmp.o)
                0x000167d0                strcmp
 .text          0x000167e2       0x38 d:/winavr-20090313/bin/../lib/gcc/avr/4.3.2/../../../../avr/lib/avr51\libc.a(eerd_block.o)
                0x000167e2                __eerd_block
 .text          0x0001681a       0x38 d:/winavr-20090313/bin/../lib/gcc/avr/4.3.2/../../../../avr/lib/avr51\libc.a(eewr_block.o)
                0x0001681a                __eewr_block
 .text          0x00016852       0x10 d:/winavr-20090313/bin/../lib/gcc/avr/4.3.2/../../../../avr/lib/avr51\libc.a(mul10.o)
                0x00016852                __mulhi_const_10
 .text          0x00016862       0x48 d:/winavr-20090313/bin/../lib/gcc/avr/4.3.2/../../../../avr/lib/avr51\libc.a(sprintf_p.o)
                0x00016862                sprintf_P
 .text          0x000168aa      0x3ba d:/winavr-20090313/bin/../lib/gcc/avr/4.3.2/../../../../avr/lib/avr51\libc.a(vfprintf_std.o)
                0x000168aa                vfprintf
 .text          0x00016c64       0x16 d:/winavr-20090313/bin/../lib/gcc/avr/4.3.2/../../../../avr/lib/avr51\libc.a(strnlen_P.o)
                0x00016c64                strnlen_P
 .text          0x00016c7a       0x16 d:/winavr-20090313/bin/../lib/gcc/avr/4.3.2/../../../../avr/lib/avr51\libc.a(strnlen.o)
                0x00016c7a                strnlen
 .text          0x00016c90       0x58 d:/winavr-20090313/bin/../lib/gcc/avr/4.3.2/../../../../avr/lib/avr51\libc.a(fputc.o)
                0x00016c90                fputc
 .text          0x00016ce8       0xbc d:/winavr-20090313/bin/../lib/gcc/avr/4.3.2/../../../../avr/lib/avr51\libc.a(ultoa_invert.o)
                0x00016ce8                __ultoa_invert
 .text          0x00016da4        0x0 d:/winavr-20090313/bin/../lib/gcc/avr/4.3.2/avr51\libgcc.a(_prologue.o)
 .text          0x00016da4        0x0 d:/winavr-20090313/bin/../lib/gcc/avr/4.3.2/avr51\libgcc.a(_epilogue.o)
                0x00016da4                . = ALIGN (0x2)
 *(.text.*)
 .text.libgcc   0x00016da4       0x3e d:/winavr-20090313/bin/../lib/gcc/avr/4.3.2/avr51\libgcc.a(_mulsi3.o)
                0x00016da4                __mulsi3
 .text.libgcc   0x00016de2       0x18 d:/winavr-20090313/bin/../lib/gcc/avr/4.3.2/avr51\libgcc.a(_udivmodqi4.o)
                0x00016de2                __udivmodqi4
 .text.libgcc   0x00016dfa       0x1a d:/winavr-20090313/bin/../lib/gcc/avr/4.3.2/avr51\libgcc.a(_divmodqi4.o)
                0x00016dfa                __divmodqi4
 .text.libgcc   0x00016e14       0x28 d:/winavr-20090313/bin/../lib/gcc/avr/4.3.2/avr51\libgcc.a(_udivmodhi4.o)
                0x00016e14                __udivmodhi4
 .text.libgcc   0x00016e3c       0x26 d:/winavr-20090313/bin/../lib/gcc/avr/4.3.2/avr51\libgcc.a(_divmodhi4.o)
                0x00016e3c                __divmodhi4
                0x00016e3c                _div
 .text.libgcc   0x00016e62       0x44 d:/winavr-20090313/bin/../lib/gcc/avr/4.3.2/avr51\libgcc.a(_udivmodsi4.o)
                0x00016e62                __udivmodsi4
 .text.libgcc   0x00016ea6        0x0 d:/winavr-20090313/bin/../lib/gcc/avr/4.3.2/avr51\libgcc.a(_exit.o)
 .text.libgcc   0x00016ea6        0x0 d:/winavr-20090313/bin/../lib/gcc/avr/4.3.2/avr51\libgcc.a(_clear_bss.o)
 .text.libgcc   0x00016ea6       0x38 d:/winavr-20090313/bin/../lib/gcc/avr/4.3.2/avr51\libgcc.a(_prologue.o)
                0x00016ea6                __prologue_saves__
 .text.libgcc   0x00016ede       0x36 d:/winavr-20090313/bin/../lib/gcc/avr/4.3.2/avr51\libgcc.a(_epilogue.o)
                0x00016ede                __epilogue_restores__
                0x00016f14                . = ALIGN (0x2)
 *(.fini9)
 .fini9         0x00016f14        0x0 d:/winavr-20090313/bin/../lib/gcc/avr/4.3.2/avr51\libgcc.a(_exit.o)
                0x00016f14                exit
                0x00016f14                _exit
 *(.fini9)
 *(.fini8)
 *(.fini8)
 *(.fini7)
 *(.fini7)
 *(.fini6)
 *(.fini6)
 *(.fini5)
 *(.fini5)
 *(.fini4)
 *(.fini4)
 *(.fini3)
 *(.fini3)
 *(.fini2)
 *(.fini2)
 *(.fini1)
 *(.fini1)
 *(.fini0)
 .fini0         0x00016f14        0x4 d:/winavr-20090313/bin/../lib/gcc/avr/4.3.2/avr51\libgcc.a(_exit.o)
 *(.fini0)
                0x00016f18                _etext = .

.data           0x00800100       0x4e load address 0x00016f18
                0x00800100                PROVIDE (__data_start, .)
 *(.data)
 .data          0x00800100        0x0 d:/winavr-20090313/bin/../lib/gcc/avr/4.3.2/../../../../avr/lib/avr51/crtm128.o
 .data          0x00800100        0x0 master4.o
 .data          0x00800100       0x4d f_menu.o
                0x00800113                IsSetPumpType
                0x00800101                IsNewPumpStatus
                0x00800102                strPumpStatus
                0x00800100                IFType
                0x00800114                MsgCode
 .data          0x0080014d        0x0 LCD.o
 .data          0x0080014d        0x0 KEYPAD.o
 .data          0x0080014d        0x0 SPI.o
 .data          0x0080014d        0x0 RTC.o
 .data          0x0080014d        0x0 UART.o
 .data          0x0080014d        0x0 d:/winavr-20090313/bin/../lib/gcc/avr/4.3.2/avr51\libgcc.a(_mulsi3.o)
 .data          0x0080014d        0x0 d:/winavr-20090313/bin/../lib/gcc/avr/4.3.2/avr51\libgcc.a(_udivmodqi4.o)
 .data          0x0080014d        0x0 d:/winavr-20090313/bin/../lib/gcc/avr/4.3.2/avr51\libgcc.a(_divmodqi4.o)
 .data          0x0080014d        0x0 d:/winavr-20090313/bin/../lib/gcc/avr/4.3.2/avr51\libgcc.a(_udivmodhi4.o)
 .data          0x0080014d        0x0 d:/winavr-20090313/bin/../lib/gcc/avr/4.3.2/avr51\libgcc.a(_divmodhi4.o)
 .data          0x0080014d        0x0 d:/winavr-20090313/bin/../lib/gcc/avr/4.3.2/avr51\libgcc.a(_udivmodsi4.o)
 .data          0x0080014d        0x0 d:/winavr-20090313/bin/../lib/gcc/avr/4.3.2/avr51\libgcc.a(_exit.o)
 .data          0x0080014d        0x0 d:/winavr-20090313/bin/../lib/gcc/avr/4.3.2/avr51\libgcc.a(_clear_bss.o)
 .data          0x0080014d        0x0 d:/winavr-20090313/bin/../lib/gcc/avr/4.3.2/../../../../avr/lib/avr51\libc.a(atoi.o)
 .data          0x0080014d        0x0 d:/winavr-20090313/bin/../lib/gcc/avr/4.3.2/../../../../avr/lib/avr51\libc.a(strcpy_P.o)
 .data          0x0080014d        0x0 d:/winavr-20090313/bin/../lib/gcc/avr/4.3.2/../../../../avr/lib/avr51\libc.a(strcmp.o)
 .data          0x0080014d        0x0 d:/winavr-20090313/bin/../lib/gcc/avr/4.3.2/../../../../avr/lib/avr51\libc.a(eerd_block.o)
 .data          0x0080014d        0x0 d:/winavr-20090313/bin/../lib/gcc/avr/4.3.2/../../../../avr/lib/avr51\libc.a(eewr_block.o)
 .data          0x0080014d        0x0 d:/winavr-20090313/bin/../lib/gcc/avr/4.3.2/../../../../avr/lib/avr51\libc.a(mul10.o)
 .data          0x0080014d        0x0 d:/winavr-20090313/bin/../lib/gcc/avr/4.3.2/../../../../avr/lib/avr51\libc.a(sprintf_p.o)
 .data          0x0080014d        0x0 d:/winavr-20090313/bin/../lib/gcc/avr/4.3.2/../../../../avr/lib/avr51\libc.a(vfprintf_std.o)
 .data          0x0080014d        0x0 d:/winavr-20090313/bin/../lib/gcc/avr/4.3.2/../../../../avr/lib/avr51\libc.a(strnlen_P.o)
 .data          0x0080014d        0x0 d:/winavr-20090313/bin/../lib/gcc/avr/4.3.2/../../../../avr/lib/avr51\libc.a(strnlen.o)
 .data          0x0080014d        0x0 d:/winavr-20090313/bin/../lib/gcc/avr/4.3.2/../../../../avr/lib/avr51\libc.a(fputc.o)
 .data          0x0080014d        0x0 d:/winavr-20090313/bin/../lib/gcc/avr/4.3.2/../../../../avr/lib/avr51\libc.a(ultoa_invert.o)
 .data          0x0080014d        0x0 d:/winavr-20090313/bin/../lib/gcc/avr/4.3.2/avr51\libgcc.a(_prologue.o)
 .data          0x0080014d        0x0 d:/winavr-20090313/bin/../lib/gcc/avr/4.3.2/avr51\libgcc.a(_epilogue.o)
 *(.data*)
 *(.rodata)
 *(.rodata*)
 *(.gnu.linkonce.d*)
                0x0080014e                . = ALIGN (0x2)
 *fill*         0x0080014d        0x1 00
                0x0080014e                _edata = .
                0x0080014e                PROVIDE (__data_end, .)

.bss            0x0080014e      0xc9e
                0x0080014e                PROVIDE (__bss_start, .)
 *(.bss)
 .bss           0x0080014e        0x0 d:/winavr-20090313/bin/../lib/gcc/avr/4.3.2/../../../../avr/lib/avr51/crtm128.o
 .bss           0x0080014e        0x1 master4.o
                0x0080014e                IsMMCExist
 .bss           0x0080014f      0x1b2 f_menu.o
                0x008001bb                Shift
                0x00800152                CurrentPumpStatus
                0x00800193                TimTicker
                0x008001a3                IsMessage11
                0x008001b7                cmdPrint
                0x008001c0                PumpID
                0x00800189                IsGenerateReport
                0x00800182                IsReprintTicket
                0x0080014f                PumpCountMax
                0x00800199                IsViewFillingFIP
                0x008001b9                StatusEDC
                0x0080018c                char_count
                0x00800187                IsControlPooling
                0x00800194                TimPressed
                0x008001a7                IsMessage10
                0x0080019a                IsSendMessageEDC
                0x008001aa                IsMessage91
                0x008001b6                IsBusyFreePrinting
                0x008001a9                IsMessage81
                0x0080019b                IsRFIDDetected
                0x008001a5                IsMessage23
                0x008001ae                IsNoTransaction
                0x00800150                ActivePump
                0x00800192                nLocalAccount
                0x008001a0                IsStandaloneTrans
                0x008001b4                IsBusyIdlePrinting
                0x00800172                ReprintReady
                0x008001ad                IsAdvanzStartupInfo
                0x00800197                IsClearMessage
                0x00800188                IsConfigFlow
                0x00800198                IsWaitDisplay
                0x0080018b                IsNewPacket
                0x008001b0                IsBusyMsg11
                0x00800183                iSequencePooling
                0x008001b2                ConfigCommand
                0x008001a2                IsMessage99
                0x008001a6                IsMessage09
                0x008001bd                TimLocAcc
                0x00800151                DispenserBrand
                0x0080019d                IsPrintApprovalCode
                0x008001b1                IsTotalizerReceived
                0x008001a4                IsMessage21
                0x00800195                TimDisplay
                0x0080019f                IsStandAloneDetected
                0x00800162                PrintedStatus
                0x008001ac                IsCompleteFilling
                0x00800196                IsShowMessage
                0x008001b5                IsBusyPrint
                0x00800190                LengthMessage81
                0x008001ab                IsFreePrinting
                0x008001bc                SeqNum
                0x0080018e                transLength
                0x008001b3                IsPrintERROR
                0x00800186                IsPoolingRestarted
                0x008001bf                TimBeep
                0x008001a8                IsMessage57
                0x008001a1                IsMessage00
                0x008001af                IsPrinting
                0x0080018a                IsFinishPrintingTotalizer
                0x008001ba                MOPType
                0x0080019c                IsEDCApproved
                0x008001be                ProcTimeOut
                0x0080019e                IsVoidTransaction
                0x00800185                IsStandaloneAcknoledge
                0x008001b8                TimPrintBusy
                0x00800184                IsNewPoolingSequence
 .bss           0x00800301        0x0 LCD.o
 .bss           0x00800301        0x6 KEYPAD.o
                0x00800304                __pad_loop
                0x00800302                __key_light
                0x00800305                __key_shift
                0x00800306                __key_shfcnt
                0x00800303                __key_lgtcnt
                0x00800301                __lock_num
 .bss           0x00800307        0x2 SPI.o
                0x00800307                __spi_isstart
                0x00800308                __spi_ismessage
 .bss           0x00800309        0x0 RTC.o
 .bss           0x00800309        0x0 UART.o
 .bss           0x00800309        0x0 d:/winavr-20090313/bin/../lib/gcc/avr/4.3.2/avr51\libgcc.a(_mulsi3.o)
 .bss           0x00800309        0x0 d:/winavr-20090313/bin/../lib/gcc/avr/4.3.2/avr51\libgcc.a(_udivmodqi4.o)
 .bss           0x00800309        0x0 d:/winavr-20090313/bin/../lib/gcc/avr/4.3.2/avr51\libgcc.a(_divmodqi4.o)
 .bss           0x00800309        0x0 d:/winavr-20090313/bin/../lib/gcc/avr/4.3.2/avr51\libgcc.a(_udivmodhi4.o)
 .bss           0x00800309        0x0 d:/winavr-20090313/bin/../lib/gcc/avr/4.3.2/avr51\libgcc.a(_divmodhi4.o)
 .bss           0x00800309        0x0 d:/winavr-20090313/bin/../lib/gcc/avr/4.3.2/avr51\libgcc.a(_udivmodsi4.o)
 .bss           0x00800309        0x0 d:/winavr-20090313/bin/../lib/gcc/avr/4.3.2/avr51\libgcc.a(_exit.o)
 .bss           0x00800309        0x0 d:/winavr-20090313/bin/../lib/gcc/avr/4.3.2/avr51\libgcc.a(_clear_bss.o)
 .bss           0x00800309        0x0 d:/winavr-20090313/bin/../lib/gcc/avr/4.3.2/../../../../avr/lib/avr51\libc.a(atoi.o)
 .bss           0x00800309        0x0 d:/winavr-20090313/bin/../lib/gcc/avr/4.3.2/../../../../avr/lib/avr51\libc.a(strcpy_P.o)
 .bss           0x00800309        0x0 d:/winavr-20090313/bin/../lib/gcc/avr/4.3.2/../../../../avr/lib/avr51\libc.a(strcmp.o)
 .bss           0x00800309        0x0 d:/winavr-20090313/bin/../lib/gcc/avr/4.3.2/../../../../avr/lib/avr51\libc.a(eerd_block.o)
 .bss           0x00800309        0x0 d:/winavr-20090313/bin/../lib/gcc/avr/4.3.2/../../../../avr/lib/avr51\libc.a(eewr_block.o)
 .bss           0x00800309        0x0 d:/winavr-20090313/bin/../lib/gcc/avr/4.3.2/../../../../avr/lib/avr51\libc.a(mul10.o)
 .bss           0x00800309        0x0 d:/winavr-20090313/bin/../lib/gcc/avr/4.3.2/../../../../avr/lib/avr51\libc.a(sprintf_p.o)
 .bss           0x00800309        0x0 d:/winavr-20090313/bin/../lib/gcc/avr/4.3.2/../../../../avr/lib/avr51\libc.a(vfprintf_std.o)
 .bss           0x00800309        0x0 d:/winavr-20090313/bin/../lib/gcc/avr/4.3.2/../../../../avr/lib/avr51\libc.a(strnlen_P.o)
 .bss           0x00800309        0x0 d:/winavr-20090313/bin/../lib/gcc/avr/4.3.2/../../../../avr/lib/avr51\libc.a(strnlen.o)
 .bss           0x00800309        0x0 d:/winavr-20090313/bin/../lib/gcc/avr/4.3.2/../../../../avr/lib/avr51\libc.a(fputc.o)
 .bss           0x00800309        0x0 d:/winavr-20090313/bin/../lib/gcc/avr/4.3.2/../../../../avr/lib/avr51\libc.a(ultoa_invert.o)
 .bss           0x00800309        0x0 d:/winavr-20090313/bin/../lib/gcc/avr/4.3.2/avr51\libgcc.a(_prologue.o)
 .bss           0x00800309        0x0 d:/winavr-20090313/bin/../lib/gcc/avr/4.3.2/avr51\libgcc.a(_epilogue.o)
 *(.bss*)
 *(COMMON)
 COMMON         0x00800309       0xc1 master4.o
                0x00800309                __timercount
                0x0080030a                __sec_flag
                0x0080030b                __sec_sign
                0x0080030c                __command
                0x0080033e                __spi_istransmit
                0x0080033f                iExt
                0x00800341                __command_flag
                0x00800342                __sec_count
                0x00800343                __command_set
                0x00800344                __timer
                0x00800345                __timeout
                0x00800346                __package
                0x008003c8                __sec_par
                0x008003c9                IsPowerOn
 COMMON         0x008003ca      0xa20 f_menu.o
                0x008003ca                strGainPoints
                0x008003d3                strLoyCardHolder
                0x008003f2                strPresetType
                0x008003f4                strBalanceCode
                0x008003f6                strLoyCardID
                0x0080040b                strSurcharge
                0x00800415                strStandReceived
                0x00800433                strCardHolder
                0x0080045c                strTime
                0x00800465                LocalAccountFIP
                0x0080046a                strBalanceTypePrint
                0x00800484                strVolume
                0x0080048d                strLoyCurrMonConsumeA
                0x00800498                CardType
                0x00800499                strStatus
                0x0080049b                strMeterVolume
                0x008004a9                strLoyRedeemPoints
                0x008004b2                strBalanceType
                0x008004b4                strRef4
                0x008004c9                strSystemDate
                0x008004d2                strOdometer
                0x008004dc                strCorporateName
                0x008004fb                strIFT_ID
                0x008004fe                PrintBuffer
                0x0080068f                strMOPName
                0x008006a4                strGeniusCode
                0x008006af                AcknoledgeCommand
                0x008006b0                strPrice
                0x008006b9                PoolCmd
                0x008006ba                RecPumpData
                0x00800862                strPaymentType
                0x00800865                strInvoiceNumber
                0x00800870                strProduct
                0x0080087f                NozzleID
                0x00800880                strDate
                0x0080088b                strCompName
                0x008008a0                CurrentShiftDateTime
                0x008008b4                CurrentShift
                0x008008b5                strFreeMessageLine2
                0x008008cb                strFIP_ID
                0x008008ce                strCurrentTime
                0x008008e2                strKeyStamp
                0x008008ed                strClientIP
                0x008008fe                strSurchargeDesc
                0x00800913                strApprovalCode
                0x0080091a                strServerIP
                0x0080092b                strTotalVolume
                0x0080093f                EDCType
                0x00800940                strDescription
                0x00800950                strFreeMessageLine3
                0x00800966                strNozzle
                0x00800969                strLoyCurrentPoints
                0x00800972                ShiftDateTime
                0x00800986                strSurchargeAmount
                0x00800991                strSerialFlow
                0x008009a5                strProductID
                0x008009a8                strSystemTime
                0x008009b1                strRef3
                0x008009c6                strFreeMessageLine1
                0x008009dc                strTotalMoney
                0x008009f0                strPrint
                0x00800a1d                strMeterAmount
                0x00800a2b                strIslandID
                0x00800a2e                strLicPlate
                0x00800a39                strDeltaVolume
                0x00800a48                strPrevPoints
                0x00800a51                rcv_trans
                0x00800cbd                strCardID
                0x00800cd2                strRef2
                0x00800ce7                strAmount
                0x00800cf2                IsMessage03
                0x00800cf3                strDateTime
                0x00800d07                strSeqNum
                0x00800d0a                PoolMsg
                0x00800d0b                IncomingTransaction
                0x00800d0d                strFreeMessageLine4
                0x00800d23                AcknoledgePump
                0x00800d24                strLoyCurrMonConsumeV
                0x00800d2f                strBalance
                0x00800d41                strCorporateID
                0x00800d56                strBalanceValue
                0x00800d64                strDeltaMoney
                0x00800d73                strVoucherNum
                0x00800d88                strRFID
                0x00800d92                strRestoreCode
                0x00800d9d                strMOPType
                0x00800d9f                strShift
                0x00800da1                strReceiptNum
                0x00800da8                strAprovalCode
                0x00800daf                TimSend
                0x00800db0                strLoyExpiry
                0x00800dbb                strPrintCount
                0x00800dbe                strTranNo
                0x00800dc5                strRef1
                0x00800dda                strCardType
 COMMON         0x00800dea        0x2 SPI.o
                0x00800dea                __spi_i
                0x00800deb                __spi_char
                0x00800dec                PROVIDE (__bss_end, .)
                0x00016f18                __data_load_start = LOADADDR (.data)
                0x00016f66                __data_load_end = (__data_load_start + SIZEOF (.data))

.noinit         0x00800dec        0x0
                0x00800dec                PROVIDE (__noinit_start, .)
 *(.noinit*)
                0x00800dec                PROVIDE (__noinit_end, .)
                0x00800dec                _end = .
                0x00800dec                PROVIDE (__heap_start, .)

.eeprom         0x00810000      0x857
 *(.eeprom*)
 .eeprom        0x00810000      0x857 f_menu.o
                0x00810032                DefPrintScrollSpace
                0x0081003f                DefCurrencyMark
                0x008100bb                DefProductName
                0x0081014b                DefLoyaltyLabel
                0x00810001                DefSpvPassword
                0x00810030                DefPrinterType
                0x00810227                DefHeaderFooter
                0x00810028                DefClientIP
                0x00810055                DefNozzleMap
                0x00810843                DefLastShiftDateTime
                0x0081004d                DefPumpLabel
                0x00810147                DefPoolingSendTimeout
                0x008103c3                TotalVolume
                0x0081002c                DefServerIP
                0x008103c2                DefHGMode
                0x00810033                DefPrintAutoCut
                0x00810603                TotalMoney
                0x00810039                DefDecimalPrice
                0x00810031                DefPrintScrollEnd
                0x00810140                DefBaudrate
                0x0081014a                DefSequenceTimeout
                0x00810137                DefDispenserBrand
                0x00810034                DefPrintLogo
                0x00810135                DefPrintInitialize
                0x00810085                DefProductPrice
                0x00810038                DefNotifScreen
                0x00810146                DefPoolingTryResend
                0x0081000b                DefSysPassword
                0x00810138                DefTransactionNumber
                0x00810136                DefInitIFT
                0x00810045                DefPumpMap
                0x00810015                DefOperatorName
                0x00810109                DefBankName
                0x0081003d                DefDecimalTotalMoney
                0x00810149                DefActivePump
                0x008103c1                DefPrintMoney
                0x00810000                DefIFT_ID
                0x0081003c                DefDecimalTotalVolume
                0x0081013f                DefShift
                0x00810037                DefShowDateTime
                0x0081003a                DefDecimalVolume
                0x00810144                DefPoolingPumpMax
                0x00810040                DefMarkMap
                0x0081003b                DefDecimalMoney
                0x00810145                DefPoolingNoPumpCount
                0x0081003e                DefDecimalMark
                0x00810036                DefConnectionHost
                0x00810035                DefPrintSize
                0x00810148                DefPoolingDelayNextPump
                0x00810857                __eeprom_end = .

.fuse
 *(.fuse)
 *(.lfuse)
 *(.hfuse)
 *(.efuse)

.lock
 *(.lock*)

.signature
 *(.signature*)

.stab
 *(.stab)

.stabstr
 *(.stabstr)

.stab.excl
 *(.stab.excl)

.stab.exclstr
 *(.stab.exclstr)

.stab.index
 *(.stab.index)

.stab.indexstr
 *(.stab.indexstr)

.comment
 *(.comment)

.debug
 *(.debug)

.line
 *(.line)

.debug_srcinfo
 *(.debug_srcinfo)

.debug_sfnames
 *(.debug_sfnames)

.debug_aranges  0x00000000       0xe0
 *(.debug_aranges)
 .debug_aranges
                0x00000000       0x20 master4.o
 .debug_aranges
                0x00000020       0x20 f_menu.o
 .debug_aranges
                0x00000040       0x20 LCD.o
 .debug_aranges
                0x00000060       0x20 KEYPAD.o
 .debug_aranges
                0x00000080       0x20 SPI.o
 .debug_aranges
                0x000000a0       0x20 RTC.o
 .debug_aranges
                0x000000c0       0x20 UART.o

.debug_pubnames
                0x00000000     0x2701
 *(.debug_pubnames)
 .debug_pubnames
                0x00000000      0x11f master4.o
 .debug_pubnames
                0x0000011f     0x2210 f_menu.o
 .debug_pubnames
                0x0000232f       0xa4 LCD.o
 .debug_pubnames
                0x000023d3      0x16a KEYPAD.o
 .debug_pubnames
                0x0000253d      0x11b SPI.o
 .debug_pubnames
                0x00002658       0x32 RTC.o
 .debug_pubnames
                0x0000268a       0x77 UART.o

.debug_info     0x00000000    0x13596
 *(.debug_info)
 .debug_info    0x00000000      0x4a1 master4.o
 .debug_info    0x000004a1    0x119bc f_menu.o
 .debug_info    0x00011e5d      0x759 LCD.o
 .debug_info    0x000125b6      0x5cc KEYPAD.o
 .debug_info    0x00012b82      0x4c3 SPI.o
 .debug_info    0x00013045      0x173 RTC.o
 .debug_info    0x000131b8      0x3de UART.o
 *(.gnu.linkonce.wi.*)

.debug_abbrev   0x00000000      0xc3b
 *(.debug_abbrev)
 .debug_abbrev  0x00000000      0x168 master4.o
 .debug_abbrev  0x00000168      0x436 f_menu.o
 .debug_abbrev  0x0000059e      0x151 LCD.o
 .debug_abbrev  0x000006ef      0x1a3 KEYPAD.o
 .debug_abbrev  0x00000892      0x192 SPI.o
 .debug_abbrev  0x00000a24       0xe0 RTC.o
 .debug_abbrev  0x00000b04      0x137 UART.o

.debug_line     0x00000000     0xe0e6
 *(.debug_line)
 .debug_line    0x00000000      0x2d6 master4.o
 .debug_line    0x000002d6     0xcac3 f_menu.o
 .debug_line    0x0000cd99      0x464 LCD.o
 .debug_line    0x0000d1fd      0x404 KEYPAD.o
 .debug_line    0x0000d601      0x4c5 SPI.o
 .debug_line    0x0000dac6      0x2c5 RTC.o
 .debug_line    0x0000dd8b      0x35b UART.o

.debug_frame    0x00000000     0x11f0
 *(.debug_frame)
 .debug_frame   0x00000000       0x40 master4.o
 .debug_frame   0x00000040      0xf40 f_menu.o
 .debug_frame   0x00000f80       0xc0 LCD.o
 .debug_frame   0x00001040       0x60 KEYPAD.o
 .debug_frame   0x000010a0       0x90 SPI.o
 .debug_frame   0x00001130       0x40 RTC.o
 .debug_frame   0x00001170       0x80 UART.o

.debug_str      0x00000000     0x533c
 *(.debug_str)
 .debug_str     0x00000000      0x478 master4.o
                                0x4b1 (size before relaxing)
 .debug_str     0x00000478     0x4bfe f_menu.o
                               0x5362 (size before relaxing)
 .debug_str     0x00005076       0x81 LCD.o
                                0x1a3 (size before relaxing)
 .debug_str     0x000050f7       0xb4 KEYPAD.o
                                0x255 (size before relaxing)
 .debug_str     0x000051ab       0xbd SPI.o
                                0x1ff (size before relaxing)
 .debug_str     0x00005268       0x38 RTC.o
                                0x105 (size before relaxing)
 .debug_str     0x000052a0       0x9c UART.o
                                0x1d0 (size before relaxing)

.debug_loc      0x00000000     0x7974
 *(.debug_loc)
 .debug_loc     0x00000000       0x30 master4.o
 .debug_loc     0x00000030     0x6858 f_menu.o
 .debug_loc     0x00006888      0x486 LCD.o
 .debug_loc     0x00006d0e      0x41e KEYPAD.o
 .debug_loc     0x0000712c      0x261 SPI.o
 .debug_loc     0x0000738d      0x13e RTC.o
 .debug_loc     0x000074cb      0x4a9 UART.o

.debug_macinfo
 *(.debug_macinfo)
OUTPUT(master4.elf elf32-avr)
LOAD linker stubs

.debug_ranges   0x00000000      0x720
 .debug_ranges  0x00000000      0x630 f_menu.o
 .debug_ranges  0x00000630       0xd8 KEYPAD.o
 .debug_ranges  0x00000708       0x18 SPI.o
