Archive member included because of file (symbol)

d:/winavr-20090313/bin/../lib/gcc/avr/4.3.2/avr51\libgcc.a(_mulsi3.o)
                              UART.o (__mulsi3)
d:/winavr-20090313/bin/../lib/gcc/avr/4.3.2/avr51\libgcc.a(_udivmodqi4.o)
                              f_menu.o (__udivmodqi4)
d:/winavr-20090313/bin/../lib/gcc/avr/4.3.2/avr51\libgcc.a(_divmodqi4.o)
                              f_menu.o (__divmodqi4)
d:/winavr-20090313/bin/../lib/gcc/avr/4.3.2/avr51\libgcc.a(_udivmodhi4.o)
                              f_menu.o (__udivmodhi4)
d:/winavr-20090313/bin/../lib/gcc/avr/4.3.2/avr51\libgcc.a(_divmodhi4.o)
                              f_menu.o (__divmodhi4)
d:/winavr-20090313/bin/../lib/gcc/avr/4.3.2/avr51\libgcc.a(_udivmodsi4.o)
                              UART.o (__udivmodsi4)
d:/winavr-20090313/bin/../lib/gcc/avr/4.3.2/avr51\libgcc.a(_exit.o)
                              d:/winavr-20090313/bin/../lib/gcc/avr/4.3.2/../../../../avr/lib/avr51/crtm128.o (exit)
d:/winavr-20090313/bin/../lib/gcc/avr/4.3.2/avr51\libgcc.a(_clear_bss.o)
                              master4.o (__do_clear_bss)
d:/winavr-20090313/bin/../lib/gcc/avr/4.3.2/../../../../avr/lib/avr51\libc.a(atoi.o)
                              f_menu.o (atoi)
d:/winavr-20090313/bin/../lib/gcc/avr/4.3.2/../../../../avr/lib/avr51\libc.a(strcpy_P.o)
                              f_menu.o (strcpy_P)
d:/winavr-20090313/bin/../lib/gcc/avr/4.3.2/../../../../avr/lib/avr51\libc.a(strcmp.o)
                              f_menu.o (strcmp)
d:/winavr-20090313/bin/../lib/gcc/avr/4.3.2/../../../../avr/lib/avr51\libc.a(eerd_block.o)
                              f_menu.o (__eerd_block)
d:/winavr-20090313/bin/../lib/gcc/avr/4.3.2/../../../../avr/lib/avr51\libc.a(eewr_block.o)
                              f_menu.o (__eewr_block)
d:/winavr-20090313/bin/../lib/gcc/avr/4.3.2/../../../../avr/lib/avr51\libc.a(mul10.o)
                              d:/winavr-20090313/bin/../lib/gcc/avr/4.3.2/../../../../avr/lib/avr51\libc.a(atoi.o) (__mulhi_const_10)
d:/winavr-20090313/bin/../lib/gcc/avr/4.3.2/../../../../avr/lib/avr51\libc.a(sprintf_p.o)
                              f_menu.o (sprintf_P)
d:/winavr-20090313/bin/../lib/gcc/avr/4.3.2/../../../../avr/lib/avr51\libc.a(vfprintf_std.o)
                              d:/winavr-20090313/bin/../lib/gcc/avr/4.3.2/../../../../avr/lib/avr51\libc.a(sprintf_p.o) (vfprintf)
d:/winavr-20090313/bin/../lib/gcc/avr/4.3.2/../../../../avr/lib/avr51\libc.a(strnlen_P.o)
                              d:/winavr-20090313/bin/../lib/gcc/avr/4.3.2/../../../../avr/lib/avr51\libc.a(vfprintf_std.o) (strnlen_P)
d:/winavr-20090313/bin/../lib/gcc/avr/4.3.2/../../../../avr/lib/avr51\libc.a(strnlen.o)
                              d:/winavr-20090313/bin/../lib/gcc/avr/4.3.2/../../../../avr/lib/avr51\libc.a(vfprintf_std.o) (strnlen)
d:/winavr-20090313/bin/../lib/gcc/avr/4.3.2/../../../../avr/lib/avr51\libc.a(fputc.o)
                              d:/winavr-20090313/bin/../lib/gcc/avr/4.3.2/../../../../avr/lib/avr51\libc.a(vfprintf_std.o) (fputc)
d:/winavr-20090313/bin/../lib/gcc/avr/4.3.2/../../../../avr/lib/avr51\libc.a(ultoa_invert.o)
                              d:/winavr-20090313/bin/../lib/gcc/avr/4.3.2/../../../../avr/lib/avr51\libc.a(vfprintf_std.o) (__ultoa_invert)
d:/winavr-20090313/bin/../lib/gcc/avr/4.3.2/avr51\libgcc.a(_prologue.o)
                              d:/winavr-20090313/bin/../lib/gcc/avr/4.3.2/../../../../avr/lib/avr51\libc.a(eerd_block.o) (__prologue_saves__)
d:/winavr-20090313/bin/../lib/gcc/avr/4.3.2/avr51\libgcc.a(_epilogue.o)
                              d:/winavr-20090313/bin/../lib/gcc/avr/4.3.2/../../../../avr/lib/avr51\libc.a(eerd_block.o) (__epilogue_restores__)

Allocating common symbols
Common symbol       size              file

strGainPoints       0x9               f_menu.o
strLoyCardHolder    0x1f              f_menu.o
strPresetType       0x2               f_menu.o
strBalanceCode      0x2               f_menu.o
strLoyCardID        0x15              f_menu.o
__timercount        0x1               master4.o
strSurcharge        0xa               f_menu.o
__sec_flag          0x1               master4.o
strStandReceived    0x1e              f_menu.o
__sec_sign          0x1               master4.o
strCardHolder       0x29              f_menu.o
strTime             0x9               f_menu.o
LocalAccountFIP     0x5               f_menu.o
strBalanceTypePrint
                    0x1a              f_menu.o
strVolume           0x9               f_menu.o
strLoyCurrMonConsumeA
                    0xb               f_menu.o
CardType            0x1               f_menu.o
strStatus           0x2               f_menu.o
strMeterVolume      0xe               f_menu.o
strLoyRedeemPoints  0x9               f_menu.o
strBalanceType      0x2               f_menu.o
strRef4             0x15              f_menu.o
strSystemDate       0x9               f_menu.o
strOdometer         0xa               f_menu.o
strCorporateName    0x1f              f_menu.o
PrintBuffer         0x191             f_menu.o
strMOPName          0x15              f_menu.o
strGeniusCode       0xb               f_menu.o
AcknoledgeCommand   0x1               f_menu.o
strPrice            0x9               f_menu.o
PoolCmd             0x1               f_menu.o
RecPumpData         0x1a8             f_menu.o
strPaymentType      0x3               f_menu.o
strInvoiceNumber    0xb               f_menu.o
strProduct          0xf               f_menu.o
NozzleID            0x1               f_menu.o
strDate             0xb               f_menu.o
__sec_count         0x1               master4.o
strCompName         0x15              f_menu.o
CurrentShiftDateTime
                    0x14              f_menu.o
CurrentShift        0x1               f_menu.o
strFreeMessageLine2
                    0x16              f_menu.o
strFIP_ID           0x3               f_menu.o
__timer             0x1               master4.o
strCurrentTime      0x14              f_menu.o
strKeyStamp         0xb               f_menu.o
strSurchargeDesc    0x15              f_menu.o
strApprovalCode     0x7               f_menu.o
strTotalVolume      0x14              f_menu.o
EDCType             0x1               f_menu.o
strDescription      0x10              f_menu.o
strFreeMessageLine3
                    0x16              f_menu.o
strNozzle           0x3               f_menu.o
strLoyCurrentPoints
                    0x9               f_menu.o
ShiftDateTime       0x14              f_menu.o
strSurchargeAmount  0xb               f_menu.o
strSerialFlow       0x14              f_menu.o
__timeout           0x1               master4.o
strProductID        0x3               f_menu.o
strSystemTime       0x9               f_menu.o
strRef3             0x15              f_menu.o
strFreeMessageLine1
                    0x16              f_menu.o
strTotalMoney       0x14              f_menu.o
strPrint            0x2d              f_menu.o
strMeterAmount      0xe               f_menu.o
strIslandID         0x3               f_menu.o
strLicPlate         0xb               f_menu.o
strDeltaVolume      0xf               f_menu.o
MMC_Buffer          0x200             f_menu.o
strPrevPoints       0x9               f_menu.o
rcv_trans           0x26c             f_menu.o
strCardID           0x15              f_menu.o
strRef2             0x15              f_menu.o
strAmount           0xb               f_menu.o
IsMessage03         0x1               f_menu.o
strDateTime         0x14              f_menu.o
IsRead              0x4               f_menu.o
PoolMsg             0x1               f_menu.o
IncomingTransaction
                    0x2               f_menu.o
strFreeMessageLine4
                    0x16              f_menu.o
AcknoledgePump      0x1               f_menu.o
strLoyCurrMonConsumeV
                    0xb               f_menu.o
strBalance          0x12              f_menu.o
IsWrite             0x4               f_menu.o
strCorporateID      0x15              f_menu.o
strBalanceValue     0xe               f_menu.o
strDeltaMoney       0xf               f_menu.o
__totalblocks       0x4               f_menu.o
strVoucherNum       0x15              f_menu.o
strRFID             0xa               f_menu.o
__startblock        0x4               f_menu.o
strRestoreCode      0xb               f_menu.o
strMOPType          0x2               f_menu.o
strShift            0x2               f_menu.o
strReceiptNum       0x7               f_menu.o
strAprovalCode      0x7               f_menu.o
TimSend             0x1               f_menu.o
strLoyExpiry        0xb               f_menu.o
strPrintCount       0x3               f_menu.o
__sec_par           0x1               master4.o
strTranNo           0x7               f_menu.o
IsPowerOn           0x1               master4.o
strRef1             0x15              f_menu.o
strCardType         0x10              f_menu.o

Memory Configuration

Name             Origin             Length             Attributes
text             0x00000000         0x00020000         xr
data             0x00800060         0x0000ffa0         rw !x
eeprom           0x00810000         0x00010000         rw !x
fuse             0x00820000         0x00000400         rw !x
lock             0x00830000         0x00000400         rw !x
signature        0x00840000         0x00000400         rw !x
*default*        0x00000000         0xffffffff

Linker script and memory map

Address of section .data set to 0x800100
LOAD d:/winavr-20090313/bin/../lib/gcc/avr/4.3.2/../../../../avr/lib/avr51/crtm128.o
LOAD master4.o
LOAD f_menu.o
LOAD LCD.o
LOAD KEYPAD.o
LOAD SPI.o
LOAD RTC.o
LOAD UART.o
LOAD MMC.o
LOAD d:/winavr-20090313/bin/../lib/gcc/avr/4.3.2/avr51\libgcc.a
LOAD d:/winavr-20090313/bin/../lib/gcc/avr/4.3.2/../../../../avr/lib/avr51\libc.a
LOAD d:/winavr-20090313/bin/../lib/gcc/avr/4.3.2/avr51\libgcc.a

.hash
 *(.hash)

.dynsym
 *(.dynsym)

.dynstr
 *(.dynstr)

.gnu.version
 *(.gnu.version)

.gnu.version_d
 *(.gnu.version_d)

.gnu.version_r
 *(.gnu.version_r)

.rel.init
 *(.rel.init)

.rela.init
 *(.rela.init)

.rel.text
 *(.rel.text)
 *(.rel.text.*)
 *(.rel.gnu.linkonce.t*)

.rela.text
 *(.rela.text)
 *(.rela.text.*)
 *(.rela.gnu.linkonce.t*)

.rel.fini
 *(.rel.fini)

.rela.fini
 *(.rela.fini)

.rel.rodata
 *(.rel.rodata)
 *(.rel.rodata.*)
 *(.rel.gnu.linkonce.r*)

.rela.rodata
 *(.rela.rodata)
 *(.rela.rodata.*)
 *(.rela.gnu.linkonce.r*)

.rel.data
 *(.rel.data)
 *(.rel.data.*)
 *(.rel.gnu.linkonce.d*)

.rela.data
 *(.rela.data)
 *(.rela.data.*)
 *(.rela.gnu.linkonce.d*)

.rel.ctors
 *(.rel.ctors)

.rela.ctors
 *(.rela.ctors)

.rel.dtors
 *(.rel.dtors)

.rela.dtors
 *(.rela.dtors)

.rel.got
 *(.rel.got)

.rela.got
 *(.rela.got)

.rel.bss
 *(.rel.bss)

.rela.bss
 *(.rela.bss)

.rel.plt
 *(.rel.plt)

.rela.plt
 *(.rela.plt)

.text           0x00000000    0x1692e
 *(.vectors)
 .vectors       0x00000000       0x8c d:/winavr-20090313/bin/../lib/gcc/avr/4.3.2/../../../../avr/lib/avr51/crtm128.o
                0x00000000                __vectors
                0x00000000                __vector_default
 *(.vectors)
 *(.progmem.gcc*)
 .progmem.gcc_sw_table
                0x0000008c      0x1e0 f_menu.o
 *(.progmem*)
 .progmem.data  0x0000026c       0x32 master4.o
 .progmem.data  0x0000029e     0x2127 f_menu.o
                0x0000029e                __prodloc
                0x000002df                strDispenserName3
                0x000002aa                __prntloc
                0x000002c2                __hostloc
                0x000002ea                strDispenserName4
                0x000002f2                strDispenserName5
                0x000002b6                __prntlmt
                0x000002d6                strDispenserName2
                0x000002bc                __prntstr
                0x000002d2                strDispenserName1
                0x000002c8                MaxKeyHit
                0x000002f5                DefListDispenserName
 .progmem.data  0x000023c5       0x54 LCD.o
 .progmem.data  0x00002419       0x82 KEYPAD.o
                0x00002491                __maxchar
                0x00002419                __alphanum
 .progmem.data  0x0000249b       0x6e MMC.o
                0x0000250a                . = ALIGN (0x2)
 *fill*         0x00002509        0x1 00
                0x0000250a                __trampolines_start = .
 *(.trampolines)
 .trampolines   0x0000250a        0x0 linker stubs
 *(.trampolines*)
                0x0000250a                __trampolines_end = .
 *(.jumptables)
 *(.jumptables*)
 *(.lowtext)
 *(.lowtext*)
                0x0000250a                __ctors_start = .
 *(.ctors)
                0x0000250a                __ctors_end = .
                0x0000250a                __dtors_start = .
 *(.dtors)
                0x0000250a                __dtors_end = .
 SORT(*)(.ctors)
 SORT(*)(.dtors)
 *(.init0)
 .init0         0x0000250a        0x0 d:/winavr-20090313/bin/../lib/gcc/avr/4.3.2/../../../../avr/lib/avr51/crtm128.o
                0x0000250a                __init
 *(.init0)
 *(.init1)
 *(.init1)
 *(.init2)
 .init2         0x0000250a        0xc d:/winavr-20090313/bin/../lib/gcc/avr/4.3.2/../../../../avr/lib/avr51/crtm128.o
 *(.init2)
 *(.init3)
 *(.init3)
 *(.init4)
 .init4         0x00002516       0x1a d:/winavr-20090313/bin/../lib/gcc/avr/4.3.2/../../../../avr/lib/avr51/crtm128.o
                0x00002516                __do_copy_data
 .init4         0x00002530       0x10 d:/winavr-20090313/bin/../lib/gcc/avr/4.3.2/avr51\libgcc.a(_clear_bss.o)
                0x00002530                __do_clear_bss
 *(.init4)
 *(.init5)
 *(.init5)
 *(.init6)
 *(.init6)
 *(.init7)
 *(.init7)
 *(.init8)
 *(.init8)
 *(.init9)
 .init9         0x00002540        0x8 d:/winavr-20090313/bin/../lib/gcc/avr/4.3.2/../../../../avr/lib/avr51/crtm128.o
 *(.init9)
 *(.text)
 .text          0x00002548        0x4 d:/winavr-20090313/bin/../lib/gcc/avr/4.3.2/../../../../avr/lib/avr51/crtm128.o
                0x00002548                __vector_22
                0x00002548                __vector_28
                0x00002548                __vector_1
                0x00002548                __vector_32
                0x00002548                __vector_34
                0x00002548                __vector_24
                0x00002548                __bad_interrupt
                0x00002548                __vector_6
                0x00002548                __vector_31
                0x00002548                __vector_3
                0x00002548                __vector_23
                0x00002548                __vector_25
                0x00002548                __vector_11
                0x00002548                __vector_13
                0x00002548                __vector_19
                0x00002548                __vector_7
                0x00002548                __vector_27
                0x00002548                __vector_5
                0x00002548                __vector_33
                0x00002548                __vector_4
                0x00002548                __vector_9
                0x00002548                __vector_2
                0x00002548                __vector_21
                0x00002548                __vector_15
                0x00002548                __vector_29
                0x00002548                __vector_8
                0x00002548                __vector_26
                0x00002548                __vector_14
                0x00002548                __vector_10
                0x00002548                __vector_16
                0x00002548                __vector_20
 .text          0x0000254c      0x138 master4.o
                0x0000267a                main
                0x000025b2                SystemInit
                0x0000254c                systemOnReset
 .text          0x00002684    0x126b8 f_menu.o
                0x000124dc                FMenuReprint
                0x00004ace                CreateReport
                0x0000a104                FreePrinting
                0x00002b2e                charToHex
                0x00003208                IdentifyMessage
                0x000027f4                ScanEDCFlow
                0x0000984e                InitPrinter
                0x00002e6a                StrPosPaste
                0x00002cd0                InitStandalone
                0x0000f766                _menu_pump
                0x00002974                ScanRFIDFlow
                0x000058bc                ResetTotalizer
                0x000054f8                GetTotalizerMoney
                0x0000c44e                FSettingHost
                0x00002bde                UpdateClientIP
                0x00004eae                PstrCopy
                0x00004ee4                SpaceOnly
                0x000034aa                SetIncomingTransStatus
                0x0000f1e8                SendSlaveCommand
                0x0001137c                FSettingProduct
                0x00014212                SetBaudRate
                0x0000c456                _menu_printer
                0x000052e8                procMessage57
                0x0000a0ae                sendMessage92
                0x00004642                GenerateStandaloneTransData
                0x00009808                SendPrint
                0x0000c108                _menu_host
                0x000034a8                GeniusSendPumpPreset
                0x000034a0                TestUserInput
                0x00002be4                UpdateSeqNum
                0x00006cd2                WrapCode
                0x00004dfc                IsMoreThan
                0x00002c66                TestLocalAccount
                0x00009952                PrintDoubleHeight
                0x00004baa                AddList
                0x0000a0ee                sendMessage10
                0x000026ac                __vector_12
                0x00002c0a                StringCopy
                0x000057d6                SaveTotalizerCurrentToLast
                0x00002be2                UpdateIFT_ID
                0x000036da                leadingZero
                0x00006bc8                CountTotalizerSatus
                0x00004d98                IsMinus
                0x00008f16                procMessage99
                0x000030fa                FillChar
                0x0000f216                FSettingPumpID
                0x0000d012                FMenuShift
                0x00002cd2                DisplayQueueFIP
                0x000060d0                NormalizeOverflow
                0x0000740a                FormatPrice
                0x000034a6                GeniusSendResumePump
                0x000045c4                SelectMark
                0x0000556c                GetTransactionMoney
                0x00003390                Chr
                0x00002b14                Str
                0x00002cda                systemEDC
                0x00002d7a                FCloseDay
                0x0001235c                FMenuPassword
                0x0000c7d2                _menu_pumpprodinput
                0x0000a0b6                sendMessage90
                0x0000f7c0                FMenuPumpType
                0x0000e95c                FSettingPumpPooling
                0x000033a6                FTestCalculation
                0x0000308e                procMessage81
                0x0000a0d6                sendMessage28
                0x00011788                FMenuSettingFooter
                0x00003114                ProcMessage91
                0x00004996                SumChecksum
                0x00005f6a                CalcMultiply
                0x00005254                RemSpaceLag
                0x00006b94                AddCharLag
                0x0000a0fc                sendMessage04
                0x0000b7f6                procMessage11
                0x0000cc4c                FSettingDec
                0x0000350e                GetIncomingTransStatus
                0x0001427e                FSettingSystem
                0x00003ebe                MasterReset
                0x00002b0e                High
                0x00006c24                RemoveChar
                0x0000420a                GetFIPAddr
                0x00012734                FMenuAdmin
                0x00008df0                __vector_30
                0x00002b78                strToInt
                0x00002e26                GetLocAccStatus
                0x00002eaa                CharPosCopy
                0x00004448                SaveToEEPROM
                0x00002cdc                GeniusCalc
                0x000033d0                GetBorderValue
                0x00002e36                FTestRemZero
                0x0000a0be                sendMessage58
                0x000034a2                GeniusSendPumpStatus
                0x00002b08                systemRestart
                0x00002d7e                FMenuSettingPassword
                0x0000596c                AddZeroLag
                0x000033a8                GetTabSpace
                0x0000991e                PrintNormalHeight
                0x00011e2c                FMenuAdminSettings
                0x0000508c                FormatDate
                0x00006a74                StrAlignCenter
                0x0000ee06                DisplayIdle
                0x0000699c                systemGeniusProtocol
                0x00011f3a                FMenuMaster
                0x000027e4                SendPoolingCommand
                0x00007424                systemGenerateReport
                0x000044b0                _scr_pump
                0x000073d6                FormatVolume
                0x000051be                RemSpaceLead
                0x0000bc74                FCloseShift
                0x00010452                __vector_17
                0x0001281e                FMenuChangeMOP
                0x00005402                clearString
                0x00004388                GetTotalizerData
                0x0000a0e6                sendMessage22
                0x00009388                SaveConfigParameter
                0x0000512e                RemZeroLead
                0x00003546                SetDispenser
                0x00002c68                BackLightTrig
                0x000059a2                StrCalc
                0x000034a4                GeniusSendStopPump
                0x0000de5e                ValidateGeniusCode
                0x0000d472                FSettingDatetime
                0x000049d6                IsGeniusCommand
                0x00009986                PaperCut
                0x00002ed4                procMessage09
                0x00014812                FMenuIdle
                0x000035ee                ComposeDatetime
                0x0000d95c                FMenuLoyalty
                0x00002d84                IncValue
                0x00002d40                CountNoPumpSatus
                0x00004334                GetPumpID
                0x0000542a                AddZeroLead
                0x0000f948                FSettingPump
                0x0000f0de                SendEDCMessage
                0x00002afe                system_beep
                0x00010306                ScanStandaloneFlow
                0x000097ca                GetMessageID
                0x0000a0de                sendMessage24
                0x000072ae                FormatDecimal
                0x00002cd4                ShowMessage
                0x00006272                SendConfigParamater
                0x00014c2e                InitComport
                0x00002c7e                GetBaudrate
                0x000038ec                DisplayScreenIdle
                0x00002da8                zeroIP
                0x00003714                FTestChar
                0x00003328                RawToStr
                0x000073bc                FormatTotalizerMoney
                0x0000a866                PrintIdle
                0x00002d96                DecValue
                0x00008ade                GenerateTransactionNum
                0x00002d82                menu_product
                0x00004da2                RemoveMinus
                0x00002f6a                procMessage23
                0x00002c36                StringCopyPos
                0x0000decc                FMenuSettingServerIP
                0x0000677c                GeniusSendLastTransaction
                0x00002be6                ViewCardID
                0x00006ac8                AddCharLead
                0x0000a0ce                sendMessage32
                0x000048ea                PrintStandalone
                0x0000623c                AddSpaceLag
                0x00002cd6                CalcLRC
                0x00004c10                ClearList
                0x0000de1a                ValidateRestoreCode
                0x00002eb4                procMessage00
                0x0000f9d0                InitializeConnection
                0x00003380                CalcPlus
                0x00008a8a                UpdateCardID
                0x0000a0c6                sendMessage56
                0x00002776                RePrintStandalone
                0x00004c38                CalcSegmen
                0x0001308e                FMenuLocalAccount
                0x000066a6                GetProductName
                0x00004170                procMessage21
                0x00007054                GeneratePrintInit
                0x000032ec                StrToRaw
                0x00004e7c                IsZerroAll
                0x00002b8a                intToStr
                0x000073f0                FormatMoney
                0x00005532                GetTotalizerVolume
                0x000099c0                IFTSendMessage
                0x00003374                CalcMinus
                0x00007398                NormalizeDecimal
                0x00002a18                ScanCommand
                0x0000277a                GetPumpStatusLabel
                0x000039be                FTestMMC
                0x00006da6                GenerateKeyStamp
                0x0000f094                systemMaster
                0x0000d0ce                system_stop
                0x0000d0fe                systemForceType
                0x00004f1e                RemDecimal
                0x0000ca60                FMenuPumpLabel
                0x00002a1c                ConfigProtocol
                0x0000ca3a                _menu_pumpprod
                0x00008cf6                GeniusProtocol
                0x000055e0                GetTransactionVolume
                0x000037ac                DisplayPumpStatus
                0x0000a058                sendMessage98
                0x0000d13c                _menu_datetime
                0x0000b7ec                systemPrinting
                0x0000f0c8                EDCSendByte
                0x000145bc                FMenuSettings
                0x000101e8                StoreStandaloneTotalizerData
                0x00006ece                GenerateGeniusCode
                0x00003448                InserBorder
                0x0000d47a                menu_FIP
                0x00004f5e                GetProductPrice
                0x0000616e                AddSpaceLead
                0x00008bc6                GetParameter
                0x0000a0a6                sendMessage94
                0x00007142                FormatCurrency
                0x0000edd2                DisplayTicker
                0x0000fd1a                StoreStandaloneTransData
                0x0000c7ca                FSettingPrinter
                0x00010da2                FSettingOperator
                0x00002b0a                Low
                0x0000bbc6                DisplayDateTime
                0x0000f75c                _menu_pumpid
                0x0000339c                Ord
                0x00004d62                GetMinusPos
                0x000073a2                FormatTotalizerVolume
                0x00004278                UpdateStandaloneStatus
                0x00010b0c                FMenuTicket
                0x00002d3c                FSubMenuAdmin
                0x00002e38                StrPosCopy
                0x00002d7c                FLockPump
                0x00011ada                FMenuSettingHeader
                0x0001474e                FMenuAuthorization
                0x00005654                SetTotalizerData
                0x0000f0aa                systemSlave
                0x0000d78a                FMenuEDCTransaction
                0x000029d6                __vector_18
                0x00004a60                Pos
                0x000032d2                Tab
                0x0000e3de                FMenuSettingClientIP
                0x0000977e                systemConfigProtocol
                0x00003878                FViewFreeMessage
                0x0000e8f0                DisplayStandaloneSequence
                0x000104c4                UserInput
                0x00009838                CarriegeReturn
                0x00002ca6                InitMemory
                0x00002be0                UpdateServerIP
                0x00002972                ScanHiddenKeyFlow
 .text          0x00014d3c      0x2be LCD.o
                0x00014e62                lcd_xy
                0x00014ef2                lcd_printf
                0x00014f4c                lcd_clear
                0x00014e48                lcd_string
                0x00014f90                lcd_cgram
                0x00014e9a                lcd_print
                0x00014d8e                lcd_init
                0x00014e16                _lcd
                0x00014f7e                lcd_put
                0x00014fcc                ClearMem
                0x00014d3c                lcd_command
 .text          0x00014ffa      0x384 KEYPAD.o
                0x0001513c                _table_alphanum
                0x00015054                _key_crr
                0x00014ffa                _key_hit
                0x00015098                _key_btn
                0x000151d6                _key_scan
 .text          0x0001537e       0x66 SPI.o
                0x000153dc                write_SPI
                0x0001537e                spi_init
                0x000153a4                spi_enable
                0x000153d2                spi
 .text          0x000153e4      0x30a RTC.o
                0x00015568                _datetime
                0x000156a8                _day
                0x000153e4                _rtc
 .text          0x000156ee      0x362 UART.o
                0x0001584c                Int2Str
                0x000157aa                uart_print
                0x0001592a                Str2Int
                0x0001574a                uart_init
                0x000156ee                uart_baudrate
                0x000157fa                uart_printf
                0x00015770                uart
 .text          0x00015a50      0x74c MMC.o
                0x00015fb6                mmc_writesingleblock
                0x00015bf0                mmc_reset
                0x00015c52                mmc_write
                0x00016108                mmc_init
                0x00015eba                mmc_command
                0x00015a50                mmc_read
                0x00016082                mmc_readsingleblock
                0x00015f34                mmc_erase
                0x00015b8a                mmc_initialize
 .text          0x0001619c        0x0 d:/winavr-20090313/bin/../lib/gcc/avr/4.3.2/avr51\libgcc.a(_mulsi3.o)
 .text          0x0001619c        0x0 d:/winavr-20090313/bin/../lib/gcc/avr/4.3.2/avr51\libgcc.a(_udivmodqi4.o)
 .text          0x0001619c        0x0 d:/winavr-20090313/bin/../lib/gcc/avr/4.3.2/avr51\libgcc.a(_divmodqi4.o)
 .text          0x0001619c        0x0 d:/winavr-20090313/bin/../lib/gcc/avr/4.3.2/avr51\libgcc.a(_udivmodhi4.o)
 .text          0x0001619c        0x0 d:/winavr-20090313/bin/../lib/gcc/avr/4.3.2/avr51\libgcc.a(_divmodhi4.o)
 .text          0x0001619c        0x0 d:/winavr-20090313/bin/../lib/gcc/avr/4.3.2/avr51\libgcc.a(_udivmodsi4.o)
 .text          0x0001619c        0x0 d:/winavr-20090313/bin/../lib/gcc/avr/4.3.2/avr51\libgcc.a(_exit.o)
 .text          0x0001619c        0x0 d:/winavr-20090313/bin/../lib/gcc/avr/4.3.2/avr51\libgcc.a(_clear_bss.o)
 .text          0x0001619c       0x3c d:/winavr-20090313/bin/../lib/gcc/avr/4.3.2/../../../../avr/lib/avr51\libc.a(atoi.o)
                0x0001619c                atoi
 .text          0x000161d8        0xe d:/winavr-20090313/bin/../lib/gcc/avr/4.3.2/../../../../avr/lib/avr51\libc.a(strcpy_P.o)
                0x000161d8                strcpy_P
 .text          0x000161e6       0x12 d:/winavr-20090313/bin/../lib/gcc/avr/4.3.2/../../../../avr/lib/avr51\libc.a(strcmp.o)
                0x000161e6                strcmp
 .text          0x000161f8       0x38 d:/winavr-20090313/bin/../lib/gcc/avr/4.3.2/../../../../avr/lib/avr51\libc.a(eerd_block.o)
                0x000161f8                __eerd_block
 .text          0x00016230       0x38 d:/winavr-20090313/bin/../lib/gcc/avr/4.3.2/../../../../avr/lib/avr51\libc.a(eewr_block.o)
                0x00016230                __eewr_block
 .text          0x00016268       0x10 d:/winavr-20090313/bin/../lib/gcc/avr/4.3.2/../../../../avr/lib/avr51\libc.a(mul10.o)
                0x00016268                __mulhi_const_10
 .text          0x00016278       0x48 d:/winavr-20090313/bin/../lib/gcc/avr/4.3.2/../../../../avr/lib/avr51\libc.a(sprintf_p.o)
                0x00016278                sprintf_P
 .text          0x000162c0      0x3ba d:/winavr-20090313/bin/../lib/gcc/avr/4.3.2/../../../../avr/lib/avr51\libc.a(vfprintf_std.o)
                0x000162c0                vfprintf
 .text          0x0001667a       0x16 d:/winavr-20090313/bin/../lib/gcc/avr/4.3.2/../../../../avr/lib/avr51\libc.a(strnlen_P.o)
                0x0001667a                strnlen_P
 .text          0x00016690       0x16 d:/winavr-20090313/bin/../lib/gcc/avr/4.3.2/../../../../avr/lib/avr51\libc.a(strnlen.o)
                0x00016690                strnlen
 .text          0x000166a6       0x58 d:/winavr-20090313/bin/../lib/gcc/avr/4.3.2/../../../../avr/lib/avr51\libc.a(fputc.o)
                0x000166a6                fputc
 .text          0x000166fe       0xbc d:/winavr-20090313/bin/../lib/gcc/avr/4.3.2/../../../../avr/lib/avr51\libc.a(ultoa_invert.o)
                0x000166fe                __ultoa_invert
 .text          0x000167ba        0x0 d:/winavr-20090313/bin/../lib/gcc/avr/4.3.2/avr51\libgcc.a(_prologue.o)
 .text          0x000167ba        0x0 d:/winavr-20090313/bin/../lib/gcc/avr/4.3.2/avr51\libgcc.a(_epilogue.o)
                0x000167ba                . = ALIGN (0x2)
 *(.text.*)
 .text.libgcc   0x000167ba       0x3e d:/winavr-20090313/bin/../lib/gcc/avr/4.3.2/avr51\libgcc.a(_mulsi3.o)
                0x000167ba                __mulsi3
 .text.libgcc   0x000167f8       0x18 d:/winavr-20090313/bin/../lib/gcc/avr/4.3.2/avr51\libgcc.a(_udivmodqi4.o)
                0x000167f8                __udivmodqi4
 .text.libgcc   0x00016810       0x1a d:/winavr-20090313/bin/../lib/gcc/avr/4.3.2/avr51\libgcc.a(_divmodqi4.o)
                0x00016810                __divmodqi4
 .text.libgcc   0x0001682a       0x28 d:/winavr-20090313/bin/../lib/gcc/avr/4.3.2/avr51\libgcc.a(_udivmodhi4.o)
                0x0001682a                __udivmodhi4
 .text.libgcc   0x00016852       0x26 d:/winavr-20090313/bin/../lib/gcc/avr/4.3.2/avr51\libgcc.a(_divmodhi4.o)
                0x00016852                __divmodhi4
                0x00016852                _div
 .text.libgcc   0x00016878       0x44 d:/winavr-20090313/bin/../lib/gcc/avr/4.3.2/avr51\libgcc.a(_udivmodsi4.o)
                0x00016878                __udivmodsi4
 .text.libgcc   0x000168bc        0x0 d:/winavr-20090313/bin/../lib/gcc/avr/4.3.2/avr51\libgcc.a(_exit.o)
 .text.libgcc   0x000168bc        0x0 d:/winavr-20090313/bin/../lib/gcc/avr/4.3.2/avr51\libgcc.a(_clear_bss.o)
 .text.libgcc   0x000168bc       0x38 d:/winavr-20090313/bin/../lib/gcc/avr/4.3.2/avr51\libgcc.a(_prologue.o)
                0x000168bc                __prologue_saves__
 .text.libgcc   0x000168f4       0x36 d:/winavr-20090313/bin/../lib/gcc/avr/4.3.2/avr51\libgcc.a(_epilogue.o)
                0x000168f4                __epilogue_restores__
                0x0001692a                . = ALIGN (0x2)
 *(.fini9)
 .fini9         0x0001692a        0x0 d:/winavr-20090313/bin/../lib/gcc/avr/4.3.2/avr51\libgcc.a(_exit.o)
                0x0001692a                exit
                0x0001692a                _exit
 *(.fini9)
 *(.fini8)
 *(.fini8)
 *(.fini7)
 *(.fini7)
 *(.fini6)
 *(.fini6)
 *(.fini5)
 *(.fini5)
 *(.fini4)
 *(.fini4)
 *(.fini3)
 *(.fini3)
 *(.fini2)
 *(.fini2)
 *(.fini1)
 *(.fini1)
 *(.fini0)
 .fini0         0x0001692a        0x4 d:/winavr-20090313/bin/../lib/gcc/avr/4.3.2/avr51\libgcc.a(_exit.o)
 *(.fini0)
                0x0001692e                _etext = .

.data           0x00800100       0x4e load address 0x0001692e
                0x00800100                PROVIDE (__data_start, .)
 *(.data)
 .data          0x00800100        0x0 d:/winavr-20090313/bin/../lib/gcc/avr/4.3.2/../../../../avr/lib/avr51/crtm128.o
 .data          0x00800100        0x0 master4.o
 .data          0x00800100       0x4d f_menu.o
                0x00800113                IsSetPumpType
                0x00800101                IsNewPumpStatus
                0x00800102                strPumpStatus
                0x00800100                IFType
                0x00800114                MsgCode
 .data          0x0080014d        0x0 LCD.o
 .data          0x0080014d        0x0 KEYPAD.o
 .data          0x0080014d        0x0 SPI.o
 .data          0x0080014d        0x0 RTC.o
 .data          0x0080014d        0x0 UART.o
 .data          0x0080014d        0x0 MMC.o
 .data          0x0080014d        0x0 d:/winavr-20090313/bin/../lib/gcc/avr/4.3.2/avr51\libgcc.a(_mulsi3.o)
 .data          0x0080014d        0x0 d:/winavr-20090313/bin/../lib/gcc/avr/4.3.2/avr51\libgcc.a(_udivmodqi4.o)
 .data          0x0080014d        0x0 d:/winavr-20090313/bin/../lib/gcc/avr/4.3.2/avr51\libgcc.a(_divmodqi4.o)
 .data          0x0080014d        0x0 d:/winavr-20090313/bin/../lib/gcc/avr/4.3.2/avr51\libgcc.a(_udivmodhi4.o)
 .data          0x0080014d        0x0 d:/winavr-20090313/bin/../lib/gcc/avr/4.3.2/avr51\libgcc.a(_divmodhi4.o)
 .data          0x0080014d        0x0 d:/winavr-20090313/bin/../lib/gcc/avr/4.3.2/avr51\libgcc.a(_udivmodsi4.o)
 .data          0x0080014d        0x0 d:/winavr-20090313/bin/../lib/gcc/avr/4.3.2/avr51\libgcc.a(_exit.o)
 .data          0x0080014d        0x0 d:/winavr-20090313/bin/../lib/gcc/avr/4.3.2/avr51\libgcc.a(_clear_bss.o)
 .data          0x0080014d        0x0 d:/winavr-20090313/bin/../lib/gcc/avr/4.3.2/../../../../avr/lib/avr51\libc.a(atoi.o)
 .data          0x0080014d        0x0 d:/winavr-20090313/bin/../lib/gcc/avr/4.3.2/../../../../avr/lib/avr51\libc.a(strcpy_P.o)
 .data          0x0080014d        0x0 d:/winavr-20090313/bin/../lib/gcc/avr/4.3.2/../../../../avr/lib/avr51\libc.a(strcmp.o)
 .data          0x0080014d        0x0 d:/winavr-20090313/bin/../lib/gcc/avr/4.3.2/../../../../avr/lib/avr51\libc.a(eerd_block.o)
 .data          0x0080014d        0x0 d:/winavr-20090313/bin/../lib/gcc/avr/4.3.2/../../../../avr/lib/avr51\libc.a(eewr_block.o)
 .data          0x0080014d        0x0 d:/winavr-20090313/bin/../lib/gcc/avr/4.3.2/../../../../avr/lib/avr51\libc.a(mul10.o)
 .data          0x0080014d        0x0 d:/winavr-20090313/bin/../lib/gcc/avr/4.3.2/../../../../avr/lib/avr51\libc.a(sprintf_p.o)
 .data          0x0080014d        0x0 d:/winavr-20090313/bin/../lib/gcc/avr/4.3.2/../../../../avr/lib/avr51\libc.a(vfprintf_std.o)
 .data          0x0080014d        0x0 d:/winavr-20090313/bin/../lib/gcc/avr/4.3.2/../../../../avr/lib/avr51\libc.a(strnlen_P.o)
 .data          0x0080014d        0x0 d:/winavr-20090313/bin/../lib/gcc/avr/4.3.2/../../../../avr/lib/avr51\libc.a(strnlen.o)
 .data          0x0080014d        0x0 d:/winavr-20090313/bin/../lib/gcc/avr/4.3.2/../../../../avr/lib/avr51\libc.a(fputc.o)
 .data          0x0080014d        0x0 d:/winavr-20090313/bin/../lib/gcc/avr/4.3.2/../../../../avr/lib/avr51\libc.a(ultoa_invert.o)
 .data          0x0080014d        0x0 d:/winavr-20090313/bin/../lib/gcc/avr/4.3.2/avr51\libgcc.a(_prologue.o)
 .data          0x0080014d        0x0 d:/winavr-20090313/bin/../lib/gcc/avr/4.3.2/avr51\libgcc.a(_epilogue.o)
 *(.data*)
 *(.rodata)
 *(.rodata*)
 *(.gnu.linkonce.d*)
                0x0080014e                . = ALIGN (0x2)
 *fill*         0x0080014d        0x1 00
                0x0080014e                _edata = .
                0x0080014e                PROVIDE (__data_end, .)

.bss            0x0080014e      0xd7e
                0x0080014e                PROVIDE (__bss_start, .)
 *(.bss)
 .bss           0x0080014e        0x0 d:/winavr-20090313/bin/../lib/gcc/avr/4.3.2/../../../../avr/lib/avr51/crtm128.o
 .bss           0x0080014e        0x0 master4.o
 .bss           0x0080014e      0x168 f_menu.o
                0x008001bb                Shift
                0x00800151                CurrentPumpStatus
                0x00800192                TimTicker
                0x008001a2                IsMessage11
                0x008001b7                cmdPrint
                0x008001bf                PumpID
                0x00800188                IsGenerateReport
                0x00800181                IsReprintTicket
                0x0080014e                PumpCountMax
                0x00800198                IsViewFillingFIP
                0x008001b9                StatusEDC
                0x0080018b                char_count
                0x00800186                IsControlPooling
                0x00800193                TimPressed
                0x008001a6                IsMessage10
                0x00800199                IsSendMessageEDC
                0x008001a9                IsMessage91
                0x008001b6                IsBusyFreePrinting
                0x008001a8                IsMessage81
                0x0080019a                IsRFIDDetected
                0x008001a4                IsMessage23
                0x008001ad                IsNoTransaction
                0x0080014f                ActivePump
                0x00800191                nLocalAccount
                0x0080019f                IsStandaloneTrans
                0x008001b4                IsBusyIdlePrinting
                0x00800171                ReprintReady
                0x008001ac                IsAdvanzStartupInfo
                0x00800196                IsClearMessage
                0x00800187                IsConfigFlow
                0x00800197                IsWaitDisplay
                0x0080018a                IsNewPacket
                0x008001af                IsBusyMsg11
                0x00800182                iSequencePooling
                0x008001b2                ConfigCommand
                0x008001a1                IsMessage99
                0x008001a5                IsMessage09
                0x008001bc                TimLocAcc
                0x00800150                DispenserBrand
                0x0080019c                IsPrintApprovalCode
                0x008001b1                IsTotalizerReceived
                0x008001a3                IsMessage21
                0x00800194                TimDisplay
                0x0080019e                IsStandAloneDetected
                0x00800161                PrintedStatus
                0x008001ab                IsCompleteFilling
                0x00800195                IsShowMessage
                0x008001b5                IsBusyPrint
                0x0080018f                LengthMessage81
                0x008001aa                IsFreePrinting
                0x008001c0                ActiveSector
                0x008001b0                SeqNum
                0x0080018d                transLength
                0x008001b3                IsPrintERROR
                0x00800185                IsPoolingRestarted
                0x008001be                TimBeep
                0x008001a7                IsMessage57
                0x008001a0                IsMessage00
                0x008001ae                IsPrinting
                0x00800189                IsFinishPrintingTotalizer
                0x008001ba                MOPType
                0x0080019b                IsEDCApproved
                0x008001bd                ProcTimeOut
                0x0080019d                IsVoidTransaction
                0x00800184                IsStandaloneAcknoledge
                0x008001b8                TimPrintBusy
                0x00800183                IsNewPoolingSequence
 .bss           0x008002b6        0x0 LCD.o
 .bss           0x008002b6        0x6 KEYPAD.o
                0x008002b9                __pad_loop
                0x008002b7                __key_light
                0x008002ba                __key_shift
                0x008002bb                __key_shfcnt
                0x008002b8                __key_lgtcnt
                0x008002b6                __lock_num
 .bss           0x008002bc        0x0 SPI.o
 .bss           0x008002bc        0x0 RTC.o
 .bss           0x008002bc        0x0 UART.o
 .bss           0x008002bc        0x0 MMC.o
 .bss           0x008002bc        0x0 d:/winavr-20090313/bin/../lib/gcc/avr/4.3.2/avr51\libgcc.a(_mulsi3.o)
 .bss           0x008002bc        0x0 d:/winavr-20090313/bin/../lib/gcc/avr/4.3.2/avr51\libgcc.a(_udivmodqi4.o)
 .bss           0x008002bc        0x0 d:/winavr-20090313/bin/../lib/gcc/avr/4.3.2/avr51\libgcc.a(_divmodqi4.o)
 .bss           0x008002bc        0x0 d:/winavr-20090313/bin/../lib/gcc/avr/4.3.2/avr51\libgcc.a(_udivmodhi4.o)
 .bss           0x008002bc        0x0 d:/winavr-20090313/bin/../lib/gcc/avr/4.3.2/avr51\libgcc.a(_divmodhi4.o)
 .bss           0x008002bc        0x0 d:/winavr-20090313/bin/../lib/gcc/avr/4.3.2/avr51\libgcc.a(_udivmodsi4.o)
 .bss           0x008002bc        0x0 d:/winavr-20090313/bin/../lib/gcc/avr/4.3.2/avr51\libgcc.a(_exit.o)
 .bss           0x008002bc        0x0 d:/winavr-20090313/bin/../lib/gcc/avr/4.3.2/avr51\libgcc.a(_clear_bss.o)
 .bss           0x008002bc        0x0 d:/winavr-20090313/bin/../lib/gcc/avr/4.3.2/../../../../avr/lib/avr51\libc.a(atoi.o)
 .bss           0x008002bc        0x0 d:/winavr-20090313/bin/../lib/gcc/avr/4.3.2/../../../../avr/lib/avr51\libc.a(strcpy_P.o)
 .bss           0x008002bc        0x0 d:/winavr-20090313/bin/../lib/gcc/avr/4.3.2/../../../../avr/lib/avr51\libc.a(strcmp.o)
 .bss           0x008002bc        0x0 d:/winavr-20090313/bin/../lib/gcc/avr/4.3.2/../../../../avr/lib/avr51\libc.a(eerd_block.o)
 .bss           0x008002bc        0x0 d:/winavr-20090313/bin/../lib/gcc/avr/4.3.2/../../../../avr/lib/avr51\libc.a(eewr_block.o)
 .bss           0x008002bc        0x0 d:/winavr-20090313/bin/../lib/gcc/avr/4.3.2/../../../../avr/lib/avr51\libc.a(mul10.o)
 .bss           0x008002bc        0x0 d:/winavr-20090313/bin/../lib/gcc/avr/4.3.2/../../../../avr/lib/avr51\libc.a(sprintf_p.o)
 .bss           0x008002bc        0x0 d:/winavr-20090313/bin/../lib/gcc/avr/4.3.2/../../../../avr/lib/avr51\libc.a(vfprintf_std.o)
 .bss           0x008002bc        0x0 d:/winavr-20090313/bin/../lib/gcc/avr/4.3.2/../../../../avr/lib/avr51\libc.a(strnlen_P.o)
 .bss           0x008002bc        0x0 d:/winavr-20090313/bin/../lib/gcc/avr/4.3.2/../../../../avr/lib/avr51\libc.a(strnlen.o)
 .bss           0x008002bc        0x0 d:/winavr-20090313/bin/../lib/gcc/avr/4.3.2/../../../../avr/lib/avr51\libc.a(fputc.o)
 .bss           0x008002bc        0x0 d:/winavr-20090313/bin/../lib/gcc/avr/4.3.2/../../../../avr/lib/avr51\libc.a(ultoa_invert.o)
 .bss           0x008002bc        0x0 d:/winavr-20090313/bin/../lib/gcc/avr/4.3.2/avr51\libgcc.a(_prologue.o)
 .bss           0x008002bc        0x0 d:/winavr-20090313/bin/../lib/gcc/avr/4.3.2/avr51\libgcc.a(_epilogue.o)
 *(.bss*)
 *(COMMON)
 COMMON         0x008002bc        0x8 master4.o
                0x008002bc                __timercount
                0x008002bd                __sec_flag
                0x008002be                __sec_sign
                0x008002bf                __sec_count
                0x008002c0                __timer
                0x008002c1                __timeout
                0x008002c2                __sec_par
                0x008002c3                IsPowerOn
 COMMON         0x008002c4      0xc08 f_menu.o
                0x008002c4                strGainPoints
                0x008002cd                strLoyCardHolder
                0x008002ec                strPresetType
                0x008002ee                strBalanceCode
                0x008002f0                strLoyCardID
                0x00800305                strSurcharge
                0x0080030f                strStandReceived
                0x0080032d                strCardHolder
                0x00800356                strTime
                0x0080035f                LocalAccountFIP
                0x00800364                strBalanceTypePrint
                0x0080037e                strVolume
                0x00800387                strLoyCurrMonConsumeA
                0x00800392                CardType
                0x00800393                strStatus
                0x00800395                strMeterVolume
                0x008003a3                strLoyRedeemPoints
                0x008003ac                strBalanceType
                0x008003ae                strRef4
                0x008003c3                strSystemDate
                0x008003cc                strOdometer
                0x008003d6                strCorporateName
                0x008003f5                PrintBuffer
                0x00800586                strMOPName
                0x0080059b                strGeniusCode
                0x008005a6                AcknoledgeCommand
                0x008005a7                strPrice
                0x008005b0                PoolCmd
                0x008005b1                RecPumpData
                0x00800759                strPaymentType
                0x0080075c                strInvoiceNumber
                0x00800767                strProduct
                0x00800776                NozzleID
                0x00800777                strDate
                0x00800782                strCompName
                0x00800797                CurrentShiftDateTime
                0x008007ab                CurrentShift
                0x008007ac                strFreeMessageLine2
                0x008007c2                strFIP_ID
                0x008007c5                strCurrentTime
                0x008007d9                strKeyStamp
                0x008007e4                strSurchargeDesc
                0x008007f9                strApprovalCode
                0x00800800                strTotalVolume
                0x00800814                EDCType
                0x00800815                strDescription
                0x00800825                strFreeMessageLine3
                0x0080083b                strNozzle
                0x0080083e                strLoyCurrentPoints
                0x00800847                ShiftDateTime
                0x0080085b                strSurchargeAmount
                0x00800866                strSerialFlow
                0x0080087a                strProductID
                0x0080087d                strSystemTime
                0x00800886                strRef3
                0x0080089b                strFreeMessageLine1
                0x008008b1                strTotalMoney
                0x008008c5                strPrint
                0x008008f2                strMeterAmount
                0x00800900                strIslandID
                0x00800903                strLicPlate
                0x0080090e                strDeltaVolume
                0x0080091d                MMC_Buffer
                0x00800b1d                strPrevPoints
                0x00800b26                rcv_trans
                0x00800d92                strCardID
                0x00800da7                strRef2
                0x00800dbc                strAmount
                0x00800dc7                IsMessage03
                0x00800dc8                strDateTime
                0x00800ddc                IsRead
                0x00800de0                PoolMsg
                0x00800de1                IncomingTransaction
                0x00800de3                strFreeMessageLine4
                0x00800df9                AcknoledgePump
                0x00800dfa                strLoyCurrMonConsumeV
                0x00800e05                strBalance
                0x00800e17                IsWrite
                0x00800e1b                strCorporateID
                0x00800e30                strBalanceValue
                0x00800e3e                strDeltaMoney
                0x00800e4d                __totalblocks
                0x00800e51                strVoucherNum
                0x00800e66                strRFID
                0x00800e70                __startblock
                0x00800e74                strRestoreCode
                0x00800e7f                strMOPType
                0x00800e81                strShift
                0x00800e83                strReceiptNum
                0x00800e8a                strAprovalCode
                0x00800e91                TimSend
                0x00800e92                strLoyExpiry
                0x00800e9d                strPrintCount
                0x00800ea0                strTranNo
                0x00800ea7                strRef1
                0x00800ebc                strCardType
                0x00800ecc                PROVIDE (__bss_end, .)
                0x0001692e                __data_load_start = LOADADDR (.data)
                0x0001697c                __data_load_end = (__data_load_start + SIZEOF (.data))

.noinit         0x00800ecc        0x0
                0x00800ecc                PROVIDE (__noinit_start, .)
 *(.noinit*)
                0x00800ecc                PROVIDE (__noinit_end, .)
                0x00800ecc                _end = .
                0x00800ecc                PROVIDE (__heap_start, .)

.eeprom         0x00810000      0x857
 *(.eeprom*)
 .eeprom        0x00810000      0x857 f_menu.o
                0x00810032                DefPrintScrollSpace
                0x0081003f                DefCurrencyMark
                0x008100bb                DefProductName
                0x0081014b                DefLoyaltyLabel
                0x00810001                DefSpvPassword
                0x00810030                DefPrinterType
                0x00810227                DefHeaderFooter
                0x00810028                DefClientIP
                0x00810055                DefNozzleMap
                0x00810843                DefLastShiftDateTime
                0x0081004d                DefPumpLabel
                0x00810147                DefPoolingSendTimeout
                0x008103c3                TotalVolume
                0x0081002c                DefServerIP
                0x008103c2                DefHGMode
                0x00810033                DefPrintAutoCut
                0x00810603                TotalMoney
                0x00810039                DefDecimalPrice
                0x00810031                DefPrintScrollEnd
                0x00810140                DefBaudrate
                0x0081014a                DefSequenceTimeout
                0x00810137                DefDispenserBrand
                0x00810034                DefPrintLogo
                0x00810135                DefPrintInitialize
                0x00810085                DefProductPrice
                0x00810038                DefNotifScreen
                0x00810146                DefPoolingTryResend
                0x0081000b                DefSysPassword
                0x00810138                DefTransactionNumber
                0x00810136                DefInitIFT
                0x00810045                DefPumpMap
                0x00810015                DefOperatorName
                0x00810109                DefBankName
                0x0081003d                DefDecimalTotalMoney
                0x00810149                DefActivePump
                0x008103c1                DefPrintMoney
                0x00810000                DefIFT_ID
                0x0081003c                DefDecimalTotalVolume
                0x0081013f                DefShift
                0x00810037                DefShowDateTime
                0x0081003a                DefDecimalVolume
                0x00810144                DefPoolingPumpMax
                0x00810040                DefMarkMap
                0x0081003b                DefDecimalMoney
                0x00810145                DefPoolingNoPumpCount
                0x0081003e                DefDecimalMark
                0x00810036                DefConnectionHost
                0x00810035                DefPrintSize
                0x00810148                DefPoolingDelayNextPump
                0x00810857                __eeprom_end = .

.fuse
 *(.fuse)
 *(.lfuse)
 *(.hfuse)
 *(.efuse)

.lock
 *(.lock*)

.signature
 *(.signature*)

.stab
 *(.stab)

.stabstr
 *(.stabstr)

.stab.excl
 *(.stab.excl)

.stab.exclstr
 *(.stab.exclstr)

.stab.index
 *(.stab.index)

.stab.indexstr
 *(.stab.indexstr)

.comment
 *(.comment)

.debug
 *(.debug)

.line
 *(.line)

.debug_srcinfo
 *(.debug_srcinfo)

.debug_sfnames
 *(.debug_sfnames)

.debug_aranges  0x00000000      0x100
 *(.debug_aranges)
 .debug_aranges
                0x00000000       0x20 master4.o
 .debug_aranges
                0x00000020       0x20 f_menu.o
 .debug_aranges
                0x00000040       0x20 LCD.o
 .debug_aranges
                0x00000060       0x20 KEYPAD.o
 .debug_aranges
                0x00000080       0x20 SPI.o
 .debug_aranges
                0x000000a0       0x20 RTC.o
 .debug_aranges
                0x000000c0       0x20 UART.o
 .debug_aranges
                0x000000e0       0x20 MMC.o

.debug_pubnames
                0x00000000     0x2625
 *(.debug_pubnames)
 .debug_pubnames
                0x00000000       0xb1 master4.o
 .debug_pubnames
                0x000000b1     0x21f8 f_menu.o
 .debug_pubnames
                0x000022a9       0xa4 LCD.o
 .debug_pubnames
                0x0000234d      0x114 KEYPAD.o
 .debug_pubnames
                0x00002461       0x44 SPI.o
 .debug_pubnames
                0x000024a5       0x32 RTC.o
 .debug_pubnames
                0x000024d7       0x72 UART.o
 .debug_pubnames
                0x00002549       0xdc MMC.o

.debug_info     0x00000000    0x1352c
 *(.debug_info)
 .debug_info    0x00000000      0x403 master4.o
 .debug_info    0x00000403    0x116e4 f_menu.o
 .debug_info    0x00011ae7      0x759 LCD.o
 .debug_info    0x00012240      0x552 KEYPAD.o
 .debug_info    0x00012792      0x1dd SPI.o
 .debug_info    0x0001296f      0x173 RTC.o
 .debug_info    0x00012ae2      0x3de UART.o
 .debug_info    0x00012ec0      0x66c MMC.o
 *(.gnu.linkonce.wi.*)

.debug_abbrev   0x00000000      0xdd8
 *(.debug_abbrev)
 .debug_abbrev  0x00000000      0x168 master4.o
 .debug_abbrev  0x00000168      0x436 f_menu.o
 .debug_abbrev  0x0000059e      0x151 LCD.o
 .debug_abbrev  0x000006ef      0x1a3 KEYPAD.o
 .debug_abbrev  0x00000892       0xf0 SPI.o
 .debug_abbrev  0x00000982       0xe0 RTC.o
 .debug_abbrev  0x00000a62      0x137 UART.o
 .debug_abbrev  0x00000b99      0x23f MMC.o

.debug_line     0x00000000     0xe32a
 *(.debug_line)
 .debug_line    0x00000000      0x2e5 master4.o
 .debug_line    0x000002e5     0xc852 f_menu.o
 .debug_line    0x0000cb37      0x464 LCD.o
 .debug_line    0x0000cf9b      0x3fb KEYPAD.o
 .debug_line    0x0000d396      0x1e4 SPI.o
 .debug_line    0x0000d57a      0x2c5 RTC.o
 .debug_line    0x0000d83f      0x35b UART.o
 .debug_line    0x0000db9a      0x790 MMC.o

.debug_frame    0x00000000     0x1270
 *(.debug_frame)
 .debug_frame   0x00000000       0x40 master4.o
 .debug_frame   0x00000040      0xf60 f_menu.o
 .debug_frame   0x00000fa0       0xc0 LCD.o
 .debug_frame   0x00001060       0x60 KEYPAD.o
 .debug_frame   0x000010c0       0x50 SPI.o
 .debug_frame   0x00001110       0x40 RTC.o
 .debug_frame   0x00001150       0x80 UART.o
 .debug_frame   0x000011d0       0xa0 MMC.o

.debug_str      0x00000000     0x547d
 *(.debug_str)
 .debug_str     0x00000000      0x42a master4.o
                                0x463 (size before relaxing)
 .debug_str     0x0000042a     0x4cf4 f_menu.o
                               0x5411 (size before relaxing)
 .debug_str     0x0000511e       0x81 LCD.o
                                0x1a7 (size before relaxing)
 .debug_str     0x0000519f       0xb4 KEYPAD.o
                                0x217 (size before relaxing)
 .debug_str     0x00005253       0x39 SPI.o
                                0x13f (size before relaxing)
 .debug_str     0x0000528c       0x3f RTC.o
                                0x109 (size before relaxing)
 .debug_str     0x000052cb       0x97 UART.o
                                0x1cf (size before relaxing)
 .debug_str     0x00005362      0x11b MMC.o
                                0x264 (size before relaxing)

.debug_loc      0x00000000     0x7d44
 *(.debug_loc)
 .debug_loc     0x00000000       0x30 master4.o
 .debug_loc     0x00000030     0x691c f_menu.o
 .debug_loc     0x0000694c      0x486 LCD.o
 .debug_loc     0x00006dd2      0x41e KEYPAD.o
 .debug_loc     0x000071f0       0x72 SPI.o
 .debug_loc     0x00007262      0x13e RTC.o
 .debug_loc     0x000073a0      0x4a9 UART.o
 .debug_loc     0x00007849      0x4fb MMC.o

.debug_macinfo
 *(.debug_macinfo)
OUTPUT(master4.elf elf32-avr)
LOAD linker stubs

.debug_ranges   0x00000000      0x750
 .debug_ranges  0x00000000      0x5e8 f_menu.o
 .debug_ranges  0x000005e8       0xd8 KEYPAD.o
 .debug_ranges  0x000006c0       0x90 MMC.o
