Archive member included because of file (symbol)

d:/winavr-20090313/bin/../lib/gcc/avr/4.3.2/avr51\libgcc.a(_mulsi3.o)
                              UART.o (__mulsi3)
d:/winavr-20090313/bin/../lib/gcc/avr/4.3.2/avr51\libgcc.a(_udivmodqi4.o)
                              f_menu.o (__udivmodqi4)
d:/winavr-20090313/bin/../lib/gcc/avr/4.3.2/avr51\libgcc.a(_divmodqi4.o)
                              f_menu.o (__divmodqi4)
d:/winavr-20090313/bin/../lib/gcc/avr/4.3.2/avr51\libgcc.a(_udivmodhi4.o)
                              f_menu.o (__udivmodhi4)
d:/winavr-20090313/bin/../lib/gcc/avr/4.3.2/avr51\libgcc.a(_divmodhi4.o)
                              f_menu.o (__divmodhi4)
d:/winavr-20090313/bin/../lib/gcc/avr/4.3.2/avr51\libgcc.a(_udivmodsi4.o)
                              UART.o (__udivmodsi4)
d:/winavr-20090313/bin/../lib/gcc/avr/4.3.2/avr51\libgcc.a(_exit.o)
                              d:/winavr-20090313/bin/../lib/gcc/avr/4.3.2/../../../../avr/lib/avr51/crtm128.o (exit)
d:/winavr-20090313/bin/../lib/gcc/avr/4.3.2/avr51\libgcc.a(_clear_bss.o)
                              master4.o (__do_clear_bss)
d:/winavr-20090313/bin/../lib/gcc/avr/4.3.2/../../../../avr/lib/avr51\libc.a(atoi.o)
                              f_menu.o (atoi)
d:/winavr-20090313/bin/../lib/gcc/avr/4.3.2/../../../../avr/lib/avr51\libc.a(strcpy_P.o)
                              f_menu.o (strcpy_P)
d:/winavr-20090313/bin/../lib/gcc/avr/4.3.2/../../../../avr/lib/avr51\libc.a(strcmp.o)
                              f_menu.o (strcmp)
d:/winavr-20090313/bin/../lib/gcc/avr/4.3.2/../../../../avr/lib/avr51\libc.a(eerd_block.o)
                              f_menu.o (__eerd_block)
d:/winavr-20090313/bin/../lib/gcc/avr/4.3.2/../../../../avr/lib/avr51\libc.a(eewr_block.o)
                              f_menu.o (__eewr_block)
d:/winavr-20090313/bin/../lib/gcc/avr/4.3.2/../../../../avr/lib/avr51\libc.a(mul10.o)
                              d:/winavr-20090313/bin/../lib/gcc/avr/4.3.2/../../../../avr/lib/avr51\libc.a(atoi.o) (__mulhi_const_10)
d:/winavr-20090313/bin/../lib/gcc/avr/4.3.2/../../../../avr/lib/avr51\libc.a(sprintf_p.o)
                              f_menu.o (sprintf_P)
d:/winavr-20090313/bin/../lib/gcc/avr/4.3.2/../../../../avr/lib/avr51\libc.a(vfprintf_std.o)
                              d:/winavr-20090313/bin/../lib/gcc/avr/4.3.2/../../../../avr/lib/avr51\libc.a(sprintf_p.o) (vfprintf)
d:/winavr-20090313/bin/../lib/gcc/avr/4.3.2/../../../../avr/lib/avr51\libc.a(strnlen_P.o)
                              d:/winavr-20090313/bin/../lib/gcc/avr/4.3.2/../../../../avr/lib/avr51\libc.a(vfprintf_std.o) (strnlen_P)
d:/winavr-20090313/bin/../lib/gcc/avr/4.3.2/../../../../avr/lib/avr51\libc.a(strnlen.o)
                              d:/winavr-20090313/bin/../lib/gcc/avr/4.3.2/../../../../avr/lib/avr51\libc.a(vfprintf_std.o) (strnlen)
d:/winavr-20090313/bin/../lib/gcc/avr/4.3.2/../../../../avr/lib/avr51\libc.a(fputc.o)
                              d:/winavr-20090313/bin/../lib/gcc/avr/4.3.2/../../../../avr/lib/avr51\libc.a(vfprintf_std.o) (fputc)
d:/winavr-20090313/bin/../lib/gcc/avr/4.3.2/../../../../avr/lib/avr51\libc.a(ultoa_invert.o)
                              d:/winavr-20090313/bin/../lib/gcc/avr/4.3.2/../../../../avr/lib/avr51\libc.a(vfprintf_std.o) (__ultoa_invert)
d:/winavr-20090313/bin/../lib/gcc/avr/4.3.2/avr51\libgcc.a(_prologue.o)
                              d:/winavr-20090313/bin/../lib/gcc/avr/4.3.2/../../../../avr/lib/avr51\libc.a(eerd_block.o) (__prologue_saves__)
d:/winavr-20090313/bin/../lib/gcc/avr/4.3.2/avr51\libgcc.a(_epilogue.o)
                              d:/winavr-20090313/bin/../lib/gcc/avr/4.3.2/../../../../avr/lib/avr51\libc.a(eerd_block.o) (__epilogue_restores__)

Allocating common symbols
Common symbol       size              file

strGainPoints       0x9               f_menu.o
strLoyCardHolder    0x1f              f_menu.o
strPresetType       0x2               f_menu.o
strBalanceCode      0x2               f_menu.o
strLoyCardID        0x15              f_menu.o
__timercount        0x1               master4.o
strSurcharge        0xa               f_menu.o
__sec_flag          0x1               master4.o
strStandReceived    0x1e              f_menu.o
__sec_sign          0x1               master4.o
strCardHolder       0x29              f_menu.o
strTime             0x9               f_menu.o
LocalAccountFIP     0x5               f_menu.o
strBalanceTypePrint
                    0x1a              f_menu.o
strVolume           0x9               f_menu.o
strLoyCurrMonConsumeA
                    0xb               f_menu.o
CardType            0x1               f_menu.o
strStatus           0x2               f_menu.o
strMeterVolume      0xe               f_menu.o
strLoyRedeemPoints  0x9               f_menu.o
strBalanceType      0x2               f_menu.o
strRef4             0x15              f_menu.o
strSystemDate       0x9               f_menu.o
strOdometer         0xa               f_menu.o
strCorporateName    0x1f              f_menu.o
PrintBuffer         0x191             f_menu.o
strMOPName          0x15              f_menu.o
strGeniusCode       0xb               f_menu.o
AcknoledgeCommand   0x1               f_menu.o
strPrice            0x9               f_menu.o
PoolCmd             0x1               f_menu.o
RecPumpData         0x1a8             f_menu.o
strPaymentType      0x3               f_menu.o
strInvoiceNumber    0xb               f_menu.o
strProduct          0xf               f_menu.o
NozzleID            0x1               f_menu.o
strDate             0xb               f_menu.o
__sec_count         0x1               master4.o
strCompName         0x15              f_menu.o
CurrentShiftDateTime
                    0x14              f_menu.o
CurrentShift        0x1               f_menu.o
strFreeMessageLine2
                    0x16              f_menu.o
strFIP_ID           0x3               f_menu.o
__timer             0x1               master4.o
strCurrentTime      0x14              f_menu.o
strKeyStamp         0xb               f_menu.o
strSurchargeDesc    0x15              f_menu.o
strApprovalCode     0x7               f_menu.o
strTotalVolume      0x14              f_menu.o
EDCType             0x1               f_menu.o
strDescription      0x10              f_menu.o
strFreeMessageLine3
                    0x16              f_menu.o
strNozzle           0x3               f_menu.o
strLoyCurrentPoints
                    0x9               f_menu.o
ShiftDateTime       0x14              f_menu.o
strSurchargeAmount  0xb               f_menu.o
strSerialFlow       0x14              f_menu.o
__timeout           0x1               master4.o
strProductID        0x3               f_menu.o
strSystemTime       0x9               f_menu.o
strRef3             0x15              f_menu.o
strFreeMessageLine1
                    0x16              f_menu.o
strTotalMoney       0x14              f_menu.o
strPrint            0x2d              f_menu.o
strMeterAmount      0xe               f_menu.o
strIslandID         0x3               f_menu.o
strLicPlate         0xb               f_menu.o
strDeltaVolume      0xf               f_menu.o
strPrevPoints       0x9               f_menu.o
rcv_trans           0x26c             f_menu.o
strCardID           0x15              f_menu.o
strRef2             0x15              f_menu.o
strAmount           0xb               f_menu.o
IsMessage03         0x1               f_menu.o
strDateTime         0x14              f_menu.o
PoolMsg             0x1               f_menu.o
IncomingTransaction
                    0x2               f_menu.o
strFreeMessageLine4
                    0x16              f_menu.o
AcknoledgePump      0x1               f_menu.o
strLoyCurrMonConsumeV
                    0xb               f_menu.o
strBalance          0x12              f_menu.o
strCorporateID      0x15              f_menu.o
strBalanceValue     0xe               f_menu.o
strDeltaMoney       0xf               f_menu.o
strVoucherNum       0x15              f_menu.o
strRFID             0xa               f_menu.o
strRestoreCode      0xb               f_menu.o
strMOPType          0x2               f_menu.o
strShift            0x2               f_menu.o
strReceiptNum       0x7               f_menu.o
strAprovalCode      0x7               f_menu.o
TimSend             0x1               f_menu.o
strLoyExpiry        0xb               f_menu.o
strPrintCount       0x3               f_menu.o
__sec_par           0x1               master4.o
strTranNo           0x7               f_menu.o
IsPowerOn           0x1               master4.o
strRef1             0x15              f_menu.o
strCardType         0x10              f_menu.o

Memory Configuration

Name             Origin             Length             Attributes
text             0x00000000         0x00020000         xr
data             0x00800060         0x0000ffa0         rw !x
eeprom           0x00810000         0x00010000         rw !x
fuse             0x00820000         0x00000400         rw !x
lock             0x00830000         0x00000400         rw !x
signature        0x00840000         0x00000400         rw !x
*default*        0x00000000         0xffffffff

Linker script and memory map

Address of section .data set to 0x800100
LOAD d:/winavr-20090313/bin/../lib/gcc/avr/4.3.2/../../../../avr/lib/avr51/crtm128.o
LOAD master4.o
LOAD f_menu.o
LOAD LCD.o
LOAD KEYPAD.o
LOAD SPI.o
LOAD RTC.o
LOAD UART.o
LOAD d:/winavr-20090313/bin/../lib/gcc/avr/4.3.2/avr51\libgcc.a
LOAD d:/winavr-20090313/bin/../lib/gcc/avr/4.3.2/../../../../avr/lib/avr51\libc.a
LOAD d:/winavr-20090313/bin/../lib/gcc/avr/4.3.2/avr51\libgcc.a

.hash
 *(.hash)

.dynsym
 *(.dynsym)

.dynstr
 *(.dynstr)

.gnu.version
 *(.gnu.version)

.gnu.version_d
 *(.gnu.version_d)

.gnu.version_r
 *(.gnu.version_r)

.rel.init
 *(.rel.init)

.rela.init
 *(.rela.init)

.rel.text
 *(.rel.text)
 *(.rel.text.*)
 *(.rel.gnu.linkonce.t*)

.rela.text
 *(.rela.text)
 *(.rela.text.*)
 *(.rela.gnu.linkonce.t*)

.rel.fini
 *(.rel.fini)

.rela.fini
 *(.rela.fini)

.rel.rodata
 *(.rel.rodata)
 *(.rel.rodata.*)
 *(.rel.gnu.linkonce.r*)

.rela.rodata
 *(.rela.rodata)
 *(.rela.rodata.*)
 *(.rela.gnu.linkonce.r*)

.rel.data
 *(.rel.data)
 *(.rel.data.*)
 *(.rel.gnu.linkonce.d*)

.rela.data
 *(.rela.data)
 *(.rela.data.*)
 *(.rela.gnu.linkonce.d*)

.rel.ctors
 *(.rel.ctors)

.rela.ctors
 *(.rela.ctors)

.rel.dtors
 *(.rel.dtors)

.rela.dtors
 *(.rela.dtors)

.rel.got
 *(.rel.got)

.rela.got
 *(.rela.got)

.rel.bss
 *(.rel.bss)

.rela.bss
 *(.rela.bss)

.rel.plt
 *(.rel.plt)

.rela.plt
 *(.rela.plt)

.text           0x00000000    0x16640
 *(.vectors)
 .vectors       0x00000000       0x8c d:/winavr-20090313/bin/../lib/gcc/avr/4.3.2/../../../../avr/lib/avr51/crtm128.o
                0x00000000                __vectors
                0x00000000                __vector_default
 *(.vectors)
 *(.progmem.gcc*)
 .progmem.gcc_sw_table
                0x0000008c      0x1f0 f_menu.o
 *(.progmem*)
 .progmem.data  0x0000027c       0x32 master4.o
 .progmem.data  0x000002ae     0x226c f_menu.o
                0x000002ae                __prodloc
                0x000002ef                strDispenserName3
                0x000002ba                __prntloc
                0x000002d2                __hostloc
                0x000002fa                strDispenserName4
                0x00000302                strDispenserName5
                0x000002c6                __prntlmt
                0x000002e6                strDispenserName2
                0x000002cc                __prntstr
                0x000002e2                strDispenserName1
                0x000002d8                MaxKeyHit
                0x00000305                DefListDispenserName
 .progmem.data  0x0000251a       0x54 LCD.o
 .progmem.data  0x0000256e       0x82 KEYPAD.o
                0x000025e6                __maxchar
                0x0000256e                __alphanum
                0x000025f0                . = ALIGN (0x2)
                0x000025f0                __trampolines_start = .
 *(.trampolines)
 .trampolines   0x000025f0        0x0 linker stubs
 *(.trampolines*)
                0x000025f0                __trampolines_end = .
 *(.jumptables)
 *(.jumptables*)
 *(.lowtext)
 *(.lowtext*)
                0x000025f0                __ctors_start = .
 *(.ctors)
                0x000025f0                __ctors_end = .
                0x000025f0                __dtors_start = .
 *(.dtors)
                0x000025f0                __dtors_end = .
 SORT(*)(.ctors)
 SORT(*)(.dtors)
 *(.init0)
 .init0         0x000025f0        0x0 d:/winavr-20090313/bin/../lib/gcc/avr/4.3.2/../../../../avr/lib/avr51/crtm128.o
                0x000025f0                __init
 *(.init0)
 *(.init1)
 *(.init1)
 *(.init2)
 .init2         0x000025f0        0xc d:/winavr-20090313/bin/../lib/gcc/avr/4.3.2/../../../../avr/lib/avr51/crtm128.o
 *(.init2)
 *(.init3)
 *(.init3)
 *(.init4)
 .init4         0x000025fc       0x1a d:/winavr-20090313/bin/../lib/gcc/avr/4.3.2/../../../../avr/lib/avr51/crtm128.o
                0x000025fc                __do_copy_data
 .init4         0x00002616       0x10 d:/winavr-20090313/bin/../lib/gcc/avr/4.3.2/avr51\libgcc.a(_clear_bss.o)
                0x00002616                __do_clear_bss
 *(.init4)
 *(.init5)
 *(.init5)
 *(.init6)
 *(.init6)
 *(.init7)
 *(.init7)
 *(.init8)
 *(.init8)
 *(.init9)
 .init9         0x00002626        0x8 d:/winavr-20090313/bin/../lib/gcc/avr/4.3.2/../../../../avr/lib/avr51/crtm128.o
 *(.init9)
 *(.text)
 .text          0x0000262e        0x4 d:/winavr-20090313/bin/../lib/gcc/avr/4.3.2/../../../../avr/lib/avr51/crtm128.o
                0x0000262e                __vector_22
                0x0000262e                __vector_28
                0x0000262e                __vector_1
                0x0000262e                __vector_32
                0x0000262e                __vector_34
                0x0000262e                __vector_24
                0x0000262e                __bad_interrupt
                0x0000262e                __vector_6
                0x0000262e                __vector_31
                0x0000262e                __vector_3
                0x0000262e                __vector_23
                0x0000262e                __vector_25
                0x0000262e                __vector_11
                0x0000262e                __vector_13
                0x0000262e                __vector_19
                0x0000262e                __vector_7
                0x0000262e                __vector_27
                0x0000262e                __vector_5
                0x0000262e                __vector_33
                0x0000262e                __vector_4
                0x0000262e                __vector_9
                0x0000262e                __vector_2
                0x0000262e                __vector_21
                0x0000262e                __vector_15
                0x0000262e                __vector_29
                0x0000262e                __vector_8
                0x0000262e                __vector_26
                0x0000262e                __vector_14
                0x0000262e                __vector_10
                0x0000262e                __vector_16
                0x0000262e                __vector_20
 .text          0x00002632      0x172 master4.o
                0x0000279a                main
                0x000026e2                SystemInit
                0x00002632                systemOnReset
 .text          0x000027a4    0x129f4 f_menu.o
                0x00012176                FMenuReprint
                0x00004a50                CreateReport
                0x00012de4                FreePrinting
                0x00002c58                charToHex
                0x00003332                IdentifyMessage
                0x0000291e                ScanEDCFlow
                0x00008f5a                InitPrinter
                0x00002f94                StrPosPaste
                0x00002dfa                InitStandalone
                0x0000cc16                _menu_pump
                0x00002a9e                ScanRFIDFlow
                0x0000583e                ResetTotalizer
                0x0000547a                GetTotalizerMoney
                0x0000a014                FSettingHost
                0x00002d08                UpdateClientIP
                0x00004e30                PstrCopy
                0x00004e66                SpaceOnly
                0x000035d4                SetIncomingTransStatus
                0x0000c698                SendSlaveCommand
                0x0000e256                FSettingProduct
                0x0000f5a4                SetBaudRate
                0x0000a01c                _menu_printer
                0x0000526a                procMessage57
                0x00010572                sendMessage92
                0x000045c4                GenerateStandaloneTransData
                0x00008f14                SendPrint
                0x00009cce                _menu_host
                0x000035d2                GeniusSendPumpPreset
                0x000035ca                TestUserInput
                0x00002d0e                UpdateSeqNum
                0x00006820                WrapCode
                0x00004d7e                IsMoreThan
                0x00002d90                TestLocalAccount
                0x0000905e                PrintDoubleHeight
                0x00004b2c                AddList
                0x00012a70                sendMessage10
                0x000027cc                __vector_12
                0x00002d34                StringCopy
                0x00005758                SaveTotalizerCurrentToLast
                0x00002d0c                UpdateIFT_ID
                0x00003804                leadingZero
                0x00006716                CountTotalizerSatus
                0x00004d1a                IsMinus
                0x00008a64                procMessage99
                0x00003224                FillChar
                0x0000c6c6                FSettingPumpID
                0x0000abd8                FMenuShift
                0x00002dfc                DisplayQueueFIP
                0x00006052                NormalizeOverflow
                0x00006f58                FormatPrice
                0x000035d0                GeniusSendResumePump
                0x00004546                SelectMark
                0x000054ee                GetTransactionMoney
                0x000034ba                Chr
                0x00002c3e                Str
                0x00002e04                systemEDC
                0x00002ea4                FCloseDay
                0x0000f424                FMenuPassword
                0x0001057a                sendMessage90
                0x0000a398                _menu_pumpprodinput
                0x0000cc70                FMenuPumpType
                0x0000bdfe                FSettingPumpPooling
                0x000034d0                FTestCalculation
                0x000031b8                procMessage81
                0x0001216e                sendMessage28
                0x0000e662                FMenuSettingFooter
                0x0000323e                ProcMessage91
                0x00004918                SumChecksum
                0x00005eec                CalcMultiply
                0x000051d6                RemSpaceLag
                0x000066e2                AddCharLag
                0x00012ddc                sendMessage04
                0x000090cc                procMessage11
                0x0000a812                FSettingDec
                0x00003638                GetIncomingTransStatus
                0x0000f610                FSettingSystem
                0x0000383e                MasterReset
                0x00002c38                High
                0x00006772                RemoveChar
                0x000042a0                GetFIPAddr
                0x000123f4                FMenuAdmin
                0x0000893e                __vector_30
                0x00002ca2                strToInt
                0x00002f50                GetLocAccStatus
                0x00002fd4                CharPosCopy
                0x000044de                SaveToEEPROM
                0x00002e06                GeniusCalc
                0x000034fa                GetBorderValue
                0x00002f60                FTestRemZero
                0x00010754                sendMessage58
                0x000035cc                GeniusSendPumpStatus
                0x00002c32                systemRestart
                0x00002ea8                FMenuSettingPassword
                0x000058ee                AddZeroLag
                0x000034d2                GetTabSpace
                0x0000902a                PrintNormalHeight
                0x0000ed06                FMenuAdminSettings
                0x0000500e                FormatDate
                0x000065c2                StrAlignCenter
                0x0000c2a8                DisplayIdle
                0x000064ea                systemGeniusProtocol
                0x0000ee14                FMenuMaster
                0x0000290e                SendPoolingCommand
                0x00006f72                systemGenerateReport
                0x000093ce                _scr_pump
                0x00006f24                FormatVolume
                0x00005140                RemSpaceLead
                0x0000983a                FCloseShift
                0x0000d5b8                __vector_17
                0x000118fe                FMenuChangeMOP
                0x00005384                clearString
                0x0000441e                GetTotalizerData
                0x000125aa                sendMessage22
                0x0001493a                SaveConfigParameter
                0x000050b0                RemZeroLead
                0x00003670                SetDispenser
                0x00002d92                BackLightTrig
                0x00005924                StrCalc
                0x000035ce                GeniusSendStopPump
                0x00009360                ValidateGeniusCode
                0x0000b042                FSettingDatetime
                0x00004958                IsGeniusCommand
                0x00009092                PaperCut
                0x00002ffe                procMessage09
                0x00014d7c                FMenuIdle
                0x00003718                ComposeDatetime
                0x000125b2                FMenuLoyalty
                0x00002eae                IncValue
                0x00002e6a                CountNoPumpSatus
                0x000043ca                GetPumpID
                0x000053ac                AddZeroLead
                0x0000cdf8                FSettingPump
                0x0000c580                SendEDCMessage
                0x00002c28                system_beep
                0x0000d46c                ScanStandaloneFlow
                0x00008ed6                GetMessageID
                0x000125a2                sendMessage24
                0x00006dfc                FormatDecimal
                0x00002dfe                ShowMessage
                0x00014506                SendConfigParamater
                0x0000fae0                InitComport
                0x00002da8                GetBaudrate
                0x0000969c                DisplayScreenIdle
                0x00002ed2                zeroIP
                0x00009556                FTestChar
                0x00003452                RawToStr
                0x00006f0a                FormatTotalizerMoney
                0x00013576                PrintIdle
                0x00002ec0                DecValue
                0x0000862c                GenerateTransactionNum
                0x00002eac                menu_product
                0x00004d24                RemoveMinus
                0x00003094                procMessage23
                0x00002d60                StringCopyPos
                0x0000b35a                FMenuSettingServerIP
                0x000062ca                GeniusSendLastTransaction
                0x00002d10                ViewCardID
                0x00006616                AddCharLead
                0x000118f6                sendMessage32
                0x0000486c                PrintStandalone
                0x000061be                AddSpaceLag
                0x00002e00                CalcLRC
                0x00004b92                ClearList
                0x0000931c                ValidateRestoreCode
                0x00002fde                procMessage00
                0x00012a7e                InitializeConnection
                0x000034aa                CalcPlus
                0x000085d8                UpdateCardID
                0x0001075c                sendMessage56
                0x000028a0                RePrintStandalone
                0x00004bba                CalcSegmen
                0x00010764                FMenuLocalAccount
                0x000061f4                GetProductName
                0x00004206                procMessage21
                0x00006ba2                GeneratePrintInit
                0x00003416                StrToRaw
                0x00004dfe                IsZerroAll
                0x00002cb4                intToStr
                0x00006f3e                FormatMoney
                0x000054b4                GetTotalizerVolume
                0x0000fbee                IFTSendMessage
                0x0000349e                CalcMinus
                0x00006ee6                NormalizeDecimal
                0x00002b42                ScanCommand
                0x000028a4                GetPumpStatusLabel
                0x000068f4                GenerateKeyStamp
                0x0000c536                systemMaster
                0x0000ac94                system_stop
                0x0000acc4                systemForceType
                0x00004ea0                RemDecimal
                0x0000a626                FMenuPumpLabel
                0x00002b46                ConfigProtocol
                0x0000a600                _menu_pumpprod
                0x00008844                GeniusProtocol
                0x00005562                GetTransactionVolume
                0x0000976e                DisplayPumpStatus
                0x00010286                sendMessage98
                0x0000ad0c                _menu_datetime
                0x000144fc                systemPrinting
                0x0000c56a                EDCSendByte
                0x0000f94e                FMenuSettings
                0x0000d34e                StoreStandaloneTotalizerData
                0x00006a1c                GenerateGeniusCode
                0x00003572                InserBorder
                0x0000b04a                menu_FIP
                0x00004ee0                GetProductPrice
                0x000060f0                AddSpaceLead
                0x00008714                GetParameter
                0x0001056a                sendMessage94
                0x00006c90                FormatCurrency
                0x0000c274                DisplayTicker
                0x0000ce80                StoreStandaloneTransData
                0x0000a390                FSettingPrinter
                0x0000dc7c                FSettingOperator
                0x00002c34                Low
                0x000095ee                DisplayDateTime
                0x0000cc0c                _menu_pumpid
                0x000034c6                Ord
                0x00004ce4                GetMinusPos
                0x00006ef0                FormatTotalizerVolume
                0x0000430e                UpdateStandaloneStatus
                0x000102d4                FMenuTicket
                0x00002e66                FSubMenuAdmin
                0x00002f62                StrPosCopy
                0x00002ea6                FLockPump
                0x0000e9b4                FMenuSettingHeader
                0x000124de                FMenuAuthorization
                0x000055d6                SetTotalizerData
                0x0000c54c                systemSlave
                0x00010582                FMenuEDCTransaction
                0x00002b00                __vector_18
                0x000049e2                Pos
                0x000033fc                Tab
                0x00014d30                systemConfigProtocol
                0x0000b876                FMenuSettingClientIP
                0x000094e2                FViewFreeMessage
                0x0000bd92                DisplayStandaloneSequence
                0x0000d62a                UserInput
                0x00008f44                CarriegeReturn
                0x00002dd0                InitMemory
                0x00002d0a                UpdateServerIP
                0x00002a9c                ScanHiddenKeyFlow
 .text          0x00015198      0x2c8 LCD.o
                0x000152c8                lcd_xy
                0x00015358                lcd_printf
                0x000153b2                lcd_clear
                0x000152ae                lcd_string
                0x000153f6                lcd_cgram
                0x00015300                lcd_print
                0x000151f4                lcd_init
                0x0001527c                _lcd
                0x000153e4                lcd_put
                0x00015432                ClearMem
                0x00015198                lcd_command
 .text          0x00015460      0x384 KEYPAD.o
                0x000155a2                _table_alphanum
                0x000154ba                _key_crr
                0x00015460                _key_hit
                0x000154fe                _key_btn
                0x0001563c                _key_scan
 .text          0x000157e4       0x5e SPI.o
                0x00015838                _spi
                0x000157e4                _spi_init
                0x0001580a                _spi_enable
 .text          0x00015842      0x30a RTC.o
                0x000159c6                _datetime
                0x00015b06                _day
                0x00015842                _rtc
 .text          0x00015b4c      0x362 UART.o
                0x00015caa                Int2Str
                0x00015c08                uart_print
                0x00015d88                Str2Int
                0x00015ba8                uart_init
                0x00015b4c                uart_baudrate
                0x00015c58                uart_printf
                0x00015bce                uart
 .text          0x00015eae        0x0 d:/winavr-20090313/bin/../lib/gcc/avr/4.3.2/avr51\libgcc.a(_mulsi3.o)
 .text          0x00015eae        0x0 d:/winavr-20090313/bin/../lib/gcc/avr/4.3.2/avr51\libgcc.a(_udivmodqi4.o)
 .text          0x00015eae        0x0 d:/winavr-20090313/bin/../lib/gcc/avr/4.3.2/avr51\libgcc.a(_divmodqi4.o)
 .text          0x00015eae        0x0 d:/winavr-20090313/bin/../lib/gcc/avr/4.3.2/avr51\libgcc.a(_udivmodhi4.o)
 .text          0x00015eae        0x0 d:/winavr-20090313/bin/../lib/gcc/avr/4.3.2/avr51\libgcc.a(_divmodhi4.o)
 .text          0x00015eae        0x0 d:/winavr-20090313/bin/../lib/gcc/avr/4.3.2/avr51\libgcc.a(_udivmodsi4.o)
 .text          0x00015eae        0x0 d:/winavr-20090313/bin/../lib/gcc/avr/4.3.2/avr51\libgcc.a(_exit.o)
 .text          0x00015eae        0x0 d:/winavr-20090313/bin/../lib/gcc/avr/4.3.2/avr51\libgcc.a(_clear_bss.o)
 .text          0x00015eae       0x3c d:/winavr-20090313/bin/../lib/gcc/avr/4.3.2/../../../../avr/lib/avr51\libc.a(atoi.o)
                0x00015eae                atoi
 .text          0x00015eea        0xe d:/winavr-20090313/bin/../lib/gcc/avr/4.3.2/../../../../avr/lib/avr51\libc.a(strcpy_P.o)
                0x00015eea                strcpy_P
 .text          0x00015ef8       0x12 d:/winavr-20090313/bin/../lib/gcc/avr/4.3.2/../../../../avr/lib/avr51\libc.a(strcmp.o)
                0x00015ef8                strcmp
 .text          0x00015f0a       0x38 d:/winavr-20090313/bin/../lib/gcc/avr/4.3.2/../../../../avr/lib/avr51\libc.a(eerd_block.o)
                0x00015f0a                __eerd_block
 .text          0x00015f42       0x38 d:/winavr-20090313/bin/../lib/gcc/avr/4.3.2/../../../../avr/lib/avr51\libc.a(eewr_block.o)
                0x00015f42                __eewr_block
 .text          0x00015f7a       0x10 d:/winavr-20090313/bin/../lib/gcc/avr/4.3.2/../../../../avr/lib/avr51\libc.a(mul10.o)
                0x00015f7a                __mulhi_const_10
 .text          0x00015f8a       0x48 d:/winavr-20090313/bin/../lib/gcc/avr/4.3.2/../../../../avr/lib/avr51\libc.a(sprintf_p.o)
                0x00015f8a                sprintf_P
 .text          0x00015fd2      0x3ba d:/winavr-20090313/bin/../lib/gcc/avr/4.3.2/../../../../avr/lib/avr51\libc.a(vfprintf_std.o)
                0x00015fd2                vfprintf
 .text          0x0001638c       0x16 d:/winavr-20090313/bin/../lib/gcc/avr/4.3.2/../../../../avr/lib/avr51\libc.a(strnlen_P.o)
                0x0001638c                strnlen_P
 .text          0x000163a2       0x16 d:/winavr-20090313/bin/../lib/gcc/avr/4.3.2/../../../../avr/lib/avr51\libc.a(strnlen.o)
                0x000163a2                strnlen
 .text          0x000163b8       0x58 d:/winavr-20090313/bin/../lib/gcc/avr/4.3.2/../../../../avr/lib/avr51\libc.a(fputc.o)
                0x000163b8                fputc
 .text          0x00016410       0xbc d:/winavr-20090313/bin/../lib/gcc/avr/4.3.2/../../../../avr/lib/avr51\libc.a(ultoa_invert.o)
                0x00016410                __ultoa_invert
 .text          0x000164cc        0x0 d:/winavr-20090313/bin/../lib/gcc/avr/4.3.2/avr51\libgcc.a(_prologue.o)
 .text          0x000164cc        0x0 d:/winavr-20090313/bin/../lib/gcc/avr/4.3.2/avr51\libgcc.a(_epilogue.o)
                0x000164cc                . = ALIGN (0x2)
 *(.text.*)
 .text.libgcc   0x000164cc       0x3e d:/winavr-20090313/bin/../lib/gcc/avr/4.3.2/avr51\libgcc.a(_mulsi3.o)
                0x000164cc                __mulsi3
 .text.libgcc   0x0001650a       0x18 d:/winavr-20090313/bin/../lib/gcc/avr/4.3.2/avr51\libgcc.a(_udivmodqi4.o)
                0x0001650a                __udivmodqi4
 .text.libgcc   0x00016522       0x1a d:/winavr-20090313/bin/../lib/gcc/avr/4.3.2/avr51\libgcc.a(_divmodqi4.o)
                0x00016522                __divmodqi4
 .text.libgcc   0x0001653c       0x28 d:/winavr-20090313/bin/../lib/gcc/avr/4.3.2/avr51\libgcc.a(_udivmodhi4.o)
                0x0001653c                __udivmodhi4
 .text.libgcc   0x00016564       0x26 d:/winavr-20090313/bin/../lib/gcc/avr/4.3.2/avr51\libgcc.a(_divmodhi4.o)
                0x00016564                __divmodhi4
                0x00016564                _div
 .text.libgcc   0x0001658a       0x44 d:/winavr-20090313/bin/../lib/gcc/avr/4.3.2/avr51\libgcc.a(_udivmodsi4.o)
                0x0001658a                __udivmodsi4
 .text.libgcc   0x000165ce        0x0 d:/winavr-20090313/bin/../lib/gcc/avr/4.3.2/avr51\libgcc.a(_exit.o)
 .text.libgcc   0x000165ce        0x0 d:/winavr-20090313/bin/../lib/gcc/avr/4.3.2/avr51\libgcc.a(_clear_bss.o)
 .text.libgcc   0x000165ce       0x38 d:/winavr-20090313/bin/../lib/gcc/avr/4.3.2/avr51\libgcc.a(_prologue.o)
                0x000165ce                __prologue_saves__
 .text.libgcc   0x00016606       0x36 d:/winavr-20090313/bin/../lib/gcc/avr/4.3.2/avr51\libgcc.a(_epilogue.o)
                0x00016606                __epilogue_restores__
                0x0001663c                . = ALIGN (0x2)
 *(.fini9)
 .fini9         0x0001663c        0x0 d:/winavr-20090313/bin/../lib/gcc/avr/4.3.2/avr51\libgcc.a(_exit.o)
                0x0001663c                exit
                0x0001663c                _exit
 *(.fini9)
 *(.fini8)
 *(.fini8)
 *(.fini7)
 *(.fini7)
 *(.fini6)
 *(.fini6)
 *(.fini5)
 *(.fini5)
 *(.fini4)
 *(.fini4)
 *(.fini3)
 *(.fini3)
 *(.fini2)
 *(.fini2)
 *(.fini1)
 *(.fini1)
 *(.fini0)
 .fini0         0x0001663c        0x4 d:/winavr-20090313/bin/../lib/gcc/avr/4.3.2/avr51\libgcc.a(_exit.o)
 *(.fini0)
                0x00016640                _etext = .

.data           0x00800100       0x5c load address 0x00016640
                0x00800100                PROVIDE (__data_start, .)
 *(.data)
 .data          0x00800100        0x0 d:/winavr-20090313/bin/../lib/gcc/avr/4.3.2/../../../../avr/lib/avr51/crtm128.o
 .data          0x00800100        0x0 master4.o
 .data          0x00800100       0x5c f_menu.o
                0x00800123                IsSetPumpType
                0x00800113                ReprintReady
                0x00800101                IsNewPumpStatus
                0x00800102                strPumpStatus
                0x00800100                IFType
                0x00800124                MsgCode
 .data          0x0080015c        0x0 LCD.o
 .data          0x0080015c        0x0 KEYPAD.o
 .data          0x0080015c        0x0 SPI.o
 .data          0x0080015c        0x0 RTC.o
 .data          0x0080015c        0x0 UART.o
 .data          0x0080015c        0x0 d:/winavr-20090313/bin/../lib/gcc/avr/4.3.2/avr51\libgcc.a(_mulsi3.o)
 .data          0x0080015c        0x0 d:/winavr-20090313/bin/../lib/gcc/avr/4.3.2/avr51\libgcc.a(_udivmodqi4.o)
 .data          0x0080015c        0x0 d:/winavr-20090313/bin/../lib/gcc/avr/4.3.2/avr51\libgcc.a(_divmodqi4.o)
 .data          0x0080015c        0x0 d:/winavr-20090313/bin/../lib/gcc/avr/4.3.2/avr51\libgcc.a(_udivmodhi4.o)
 .data          0x0080015c        0x0 d:/winavr-20090313/bin/../lib/gcc/avr/4.3.2/avr51\libgcc.a(_divmodhi4.o)
 .data          0x0080015c        0x0 d:/winavr-20090313/bin/../lib/gcc/avr/4.3.2/avr51\libgcc.a(_udivmodsi4.o)
 .data          0x0080015c        0x0 d:/winavr-20090313/bin/../lib/gcc/avr/4.3.2/avr51\libgcc.a(_exit.o)
 .data          0x0080015c        0x0 d:/winavr-20090313/bin/../lib/gcc/avr/4.3.2/avr51\libgcc.a(_clear_bss.o)
 .data          0x0080015c        0x0 d:/winavr-20090313/bin/../lib/gcc/avr/4.3.2/../../../../avr/lib/avr51\libc.a(atoi.o)
 .data          0x0080015c        0x0 d:/winavr-20090313/bin/../lib/gcc/avr/4.3.2/../../../../avr/lib/avr51\libc.a(strcpy_P.o)
 .data          0x0080015c        0x0 d:/winavr-20090313/bin/../lib/gcc/avr/4.3.2/../../../../avr/lib/avr51\libc.a(strcmp.o)
 .data          0x0080015c        0x0 d:/winavr-20090313/bin/../lib/gcc/avr/4.3.2/../../../../avr/lib/avr51\libc.a(eerd_block.o)
 .data          0x0080015c        0x0 d:/winavr-20090313/bin/../lib/gcc/avr/4.3.2/../../../../avr/lib/avr51\libc.a(eewr_block.o)
 .data          0x0080015c        0x0 d:/winavr-20090313/bin/../lib/gcc/avr/4.3.2/../../../../avr/lib/avr51\libc.a(mul10.o)
 .data          0x0080015c        0x0 d:/winavr-20090313/bin/../lib/gcc/avr/4.3.2/../../../../avr/lib/avr51\libc.a(sprintf_p.o)
 .data          0x0080015c        0x0 d:/winavr-20090313/bin/../lib/gcc/avr/4.3.2/../../../../avr/lib/avr51\libc.a(vfprintf_std.o)
 .data          0x0080015c        0x0 d:/winavr-20090313/bin/../lib/gcc/avr/4.3.2/../../../../avr/lib/avr51\libc.a(strnlen_P.o)
 .data          0x0080015c        0x0 d:/winavr-20090313/bin/../lib/gcc/avr/4.3.2/../../../../avr/lib/avr51\libc.a(strnlen.o)
 .data          0x0080015c        0x0 d:/winavr-20090313/bin/../lib/gcc/avr/4.3.2/../../../../avr/lib/avr51\libc.a(fputc.o)
 .data          0x0080015c        0x0 d:/winavr-20090313/bin/../lib/gcc/avr/4.3.2/../../../../avr/lib/avr51\libc.a(ultoa_invert.o)
 .data          0x0080015c        0x0 d:/winavr-20090313/bin/../lib/gcc/avr/4.3.2/avr51\libgcc.a(_prologue.o)
 .data          0x0080015c        0x0 d:/winavr-20090313/bin/../lib/gcc/avr/4.3.2/avr51\libgcc.a(_epilogue.o)
 *(.data*)
 *(.rodata)
 *(.rodata*)
 *(.gnu.linkonce.d*)
                0x0080015c                . = ALIGN (0x2)
                0x0080015c                _edata = .
                0x0080015c                PROVIDE (__data_end, .)

.bss            0x0080015c      0xb57
                0x0080015c                PROVIDE (__bss_start, .)
 *(.bss)
 .bss           0x0080015c        0x0 d:/winavr-20090313/bin/../lib/gcc/avr/4.3.2/../../../../avr/lib/avr51/crtm128.o
 .bss           0x0080015c        0x0 master4.o
 .bss           0x0080015c      0x151 f_menu.o
                0x008001b9                Shift
                0x0080015f                CurrentPumpStatus
                0x00800190                TimTicker
                0x008001a0                IsMessage11
                0x008001b5                cmdPrint
                0x008001bd                PumpID
                0x00800186                IsGenerateReport
                0x0080017f                IsReprintTicket
                0x0080015c                PumpCountMax
                0x00800196                IsViewFillingFIP
                0x008001b7                StatusEDC
                0x00800189                char_count
                0x00800184                IsControlPooling
                0x00800191                TimPressed
                0x008001a4                IsMessage10
                0x00800197                IsSendMessageEDC
                0x008001a7                IsMessage91
                0x008001b4                IsBusyFreePrinting
                0x008001a6                IsMessage81
                0x00800198                IsRFIDDetected
                0x008001a2                IsMessage23
                0x008001ab                IsNoTransaction
                0x0080015d                ActivePump
                0x0080018f                nLocalAccount
                0x0080019d                IsStandaloneTrans
                0x008001b2                IsBusyIdlePrinting
                0x008001aa                IsAdvanzStartupInfo
                0x00800194                IsClearMessage
                0x00800185                IsConfigFlow
                0x00800195                IsWaitDisplay
                0x00800188                IsNewPacket
                0x008001ad                IsBusyMsg11
                0x00800180                iSequencePooling
                0x008001b0                ConfigCommand
                0x0080019f                IsMessage99
                0x008001a3                IsMessage09
                0x008001ba                TimLocAcc
                0x0080015e                DispenserBrand
                0x0080019a                IsPrintApprovalCode
                0x008001af                IsTotalizerReceived
                0x008001a1                IsMessage21
                0x00800192                TimDisplay
                0x0080019c                IsStandAloneDetected
                0x0080016f                PrintedStatus
                0x008001a9                IsCompleteFilling
                0x00800193                IsShowMessage
                0x008001b3                IsBusyPrint
                0x0080018d                LengthMessage81
                0x008001a8                IsFreePrinting
                0x008001ae                SeqNum
                0x0080018b                transLength
                0x008001b1                IsPrintERROR
                0x00800183                IsPoolingRestarted
                0x008001bc                TimBeep
                0x008001a5                IsMessage57
                0x0080019e                IsMessage00
                0x008001ac                IsPrinting
                0x00800187                IsFinishPrintingTotalizer
                0x008001b8                MOPType
                0x00800199                IsEDCApproved
                0x008001bb                ProcTimeOut
                0x0080019b                IsVoidTransaction
                0x00800182                IsStandaloneAcknoledge
                0x008001b6                TimPrintBusy
                0x00800181                IsNewPoolingSequence
 .bss           0x008002ad        0x0 LCD.o
 .bss           0x008002ad        0x6 KEYPAD.o
                0x008002b0                __pad_loop
                0x008002ae                __key_light
                0x008002b1                __key_shift
                0x008002b2                __key_shfcnt
                0x008002af                __key_lgtcnt
                0x008002ad                __lock_num
 .bss           0x008002b3        0x0 SPI.o
 .bss           0x008002b3        0x0 RTC.o
 .bss           0x008002b3        0x0 UART.o
 .bss           0x008002b3        0x0 d:/winavr-20090313/bin/../lib/gcc/avr/4.3.2/avr51\libgcc.a(_mulsi3.o)
 .bss           0x008002b3        0x0 d:/winavr-20090313/bin/../lib/gcc/avr/4.3.2/avr51\libgcc.a(_udivmodqi4.o)
 .bss           0x008002b3        0x0 d:/winavr-20090313/bin/../lib/gcc/avr/4.3.2/avr51\libgcc.a(_divmodqi4.o)
 .bss           0x008002b3        0x0 d:/winavr-20090313/bin/../lib/gcc/avr/4.3.2/avr51\libgcc.a(_udivmodhi4.o)
 .bss           0x008002b3        0x0 d:/winavr-20090313/bin/../lib/gcc/avr/4.3.2/avr51\libgcc.a(_divmodhi4.o)
 .bss           0x008002b3        0x0 d:/winavr-20090313/bin/../lib/gcc/avr/4.3.2/avr51\libgcc.a(_udivmodsi4.o)
 .bss           0x008002b3        0x0 d:/winavr-20090313/bin/../lib/gcc/avr/4.3.2/avr51\libgcc.a(_exit.o)
 .bss           0x008002b3        0x0 d:/winavr-20090313/bin/../lib/gcc/avr/4.3.2/avr51\libgcc.a(_clear_bss.o)
 .bss           0x008002b3        0x0 d:/winavr-20090313/bin/../lib/gcc/avr/4.3.2/../../../../avr/lib/avr51\libc.a(atoi.o)
 .bss           0x008002b3        0x0 d:/winavr-20090313/bin/../lib/gcc/avr/4.3.2/../../../../avr/lib/avr51\libc.a(strcpy_P.o)
 .bss           0x008002b3        0x0 d:/winavr-20090313/bin/../lib/gcc/avr/4.3.2/../../../../avr/lib/avr51\libc.a(strcmp.o)
 .bss           0x008002b3        0x0 d:/winavr-20090313/bin/../lib/gcc/avr/4.3.2/../../../../avr/lib/avr51\libc.a(eerd_block.o)
 .bss           0x008002b3        0x0 d:/winavr-20090313/bin/../lib/gcc/avr/4.3.2/../../../../avr/lib/avr51\libc.a(eewr_block.o)
 .bss           0x008002b3        0x0 d:/winavr-20090313/bin/../lib/gcc/avr/4.3.2/../../../../avr/lib/avr51\libc.a(mul10.o)
 .bss           0x008002b3        0x0 d:/winavr-20090313/bin/../lib/gcc/avr/4.3.2/../../../../avr/lib/avr51\libc.a(sprintf_p.o)
 .bss           0x008002b3        0x0 d:/winavr-20090313/bin/../lib/gcc/avr/4.3.2/../../../../avr/lib/avr51\libc.a(vfprintf_std.o)
 .bss           0x008002b3        0x0 d:/winavr-20090313/bin/../lib/gcc/avr/4.3.2/../../../../avr/lib/avr51\libc.a(strnlen_P.o)
 .bss           0x008002b3        0x0 d:/winavr-20090313/bin/../lib/gcc/avr/4.3.2/../../../../avr/lib/avr51\libc.a(strnlen.o)
 .bss           0x008002b3        0x0 d:/winavr-20090313/bin/../lib/gcc/avr/4.3.2/../../../../avr/lib/avr51\libc.a(fputc.o)
 .bss           0x008002b3        0x0 d:/winavr-20090313/bin/../lib/gcc/avr/4.3.2/../../../../avr/lib/avr51\libc.a(ultoa_invert.o)
 .bss           0x008002b3        0x0 d:/winavr-20090313/bin/../lib/gcc/avr/4.3.2/avr51\libgcc.a(_prologue.o)
 .bss           0x008002b3        0x0 d:/winavr-20090313/bin/../lib/gcc/avr/4.3.2/avr51\libgcc.a(_epilogue.o)
 *(.bss*)
 *(COMMON)
 COMMON         0x008002b3        0x8 master4.o
                0x008002b3                __timercount
                0x008002b4                __sec_flag
                0x008002b5                __sec_sign
                0x008002b6                __sec_count
                0x008002b7                __timer
                0x008002b8                __timeout
                0x008002b9                __sec_par
                0x008002ba                IsPowerOn
 COMMON         0x008002bb      0x9f8 f_menu.o
                0x008002bb                strGainPoints
                0x008002c4                strLoyCardHolder
                0x008002e3                strPresetType
                0x008002e5                strBalanceCode
                0x008002e7                strLoyCardID
                0x008002fc                strSurcharge
                0x00800306                strStandReceived
                0x00800324                strCardHolder
                0x0080034d                strTime
                0x00800356                LocalAccountFIP
                0x0080035b                strBalanceTypePrint
                0x00800375                strVolume
                0x0080037e                strLoyCurrMonConsumeA
                0x00800389                CardType
                0x0080038a                strStatus
                0x0080038c                strMeterVolume
                0x0080039a                strLoyRedeemPoints
                0x008003a3                strBalanceType
                0x008003a5                strRef4
                0x008003ba                strSystemDate
                0x008003c3                strOdometer
                0x008003cd                strCorporateName
                0x008003ec                PrintBuffer
                0x0080057d                strMOPName
                0x00800592                strGeniusCode
                0x0080059d                AcknoledgeCommand
                0x0080059e                strPrice
                0x008005a7                PoolCmd
                0x008005a8                RecPumpData
                0x00800750                strPaymentType
                0x00800753                strInvoiceNumber
                0x0080075e                strProduct
                0x0080076d                NozzleID
                0x0080076e                strDate
                0x00800779                strCompName
                0x0080078e                CurrentShiftDateTime
                0x008007a2                CurrentShift
                0x008007a3                strFreeMessageLine2
                0x008007b9                strFIP_ID
                0x008007bc                strCurrentTime
                0x008007d0                strKeyStamp
                0x008007db                strSurchargeDesc
                0x008007f0                strApprovalCode
                0x008007f7                strTotalVolume
                0x0080080b                EDCType
                0x0080080c                strDescription
                0x0080081c                strFreeMessageLine3
                0x00800832                strNozzle
                0x00800835                strLoyCurrentPoints
                0x0080083e                ShiftDateTime
                0x00800852                strSurchargeAmount
                0x0080085d                strSerialFlow
                0x00800871                strProductID
                0x00800874                strSystemTime
                0x0080087d                strRef3
                0x00800892                strFreeMessageLine1
                0x008008a8                strTotalMoney
                0x008008bc                strPrint
                0x008008e9                strMeterAmount
                0x008008f7                strIslandID
                0x008008fa                strLicPlate
                0x00800905                strDeltaVolume
                0x00800914                strPrevPoints
                0x0080091d                rcv_trans
                0x00800b89                strCardID
                0x00800b9e                strRef2
                0x00800bb3                strAmount
                0x00800bbe                IsMessage03
                0x00800bbf                strDateTime
                0x00800bd3                PoolMsg
                0x00800bd4                IncomingTransaction
                0x00800bd6                strFreeMessageLine4
                0x00800bec                AcknoledgePump
                0x00800bed                strLoyCurrMonConsumeV
                0x00800bf8                strBalance
                0x00800c0a                strCorporateID
                0x00800c1f                strBalanceValue
                0x00800c2d                strDeltaMoney
                0x00800c3c                strVoucherNum
                0x00800c51                strRFID
                0x00800c5b                strRestoreCode
                0x00800c66                strMOPType
                0x00800c68                strShift
                0x00800c6a                strReceiptNum
                0x00800c71                strAprovalCode
                0x00800c78                TimSend
                0x00800c79                strLoyExpiry
                0x00800c84                strPrintCount
                0x00800c87                strTranNo
                0x00800c8e                strRef1
                0x00800ca3                strCardType
                0x00800cb3                PROVIDE (__bss_end, .)
                0x00016640                __data_load_start = LOADADDR (.data)
                0x0001669c                __data_load_end = (__data_load_start + SIZEOF (.data))

.noinit         0x00800cb3        0x0
                0x00800cb3                PROVIDE (__noinit_start, .)
 *(.noinit*)
                0x00800cb3                PROVIDE (__noinit_end, .)
                0x00800cb3                _end = .
                0x00800cb3                PROVIDE (__heap_start, .)

.eeprom         0x00810000      0x857
 *(.eeprom*)
 .eeprom        0x00810000      0x857 f_menu.o
                0x00810032                DefPrintScrollSpace
                0x0081003f                DefCurrencyMark
                0x008100bb                DefProductName
                0x0081014b                DefLoyaltyLabel
                0x00810001                DefSpvPassword
                0x00810030                DefPrinterType
                0x00810227                DefHeaderFooter
                0x00810028                DefClientIP
                0x00810055                DefNozzleMap
                0x00810843                DefLastShiftDateTime
                0x0081004d                DefPumpLabel
                0x00810147                DefPoolingSendTimeout
                0x008103c3                TotalVolume
                0x0081002c                DefServerIP
                0x008103c2                DefHGMode
                0x00810033                DefPrintAutoCut
                0x00810603                TotalMoney
                0x00810039                DefDecimalPrice
                0x00810031                DefPrintScrollEnd
                0x00810140                DefBaudrate
                0x0081014a                DefSequenceTimeout
                0x00810137                DefDispenserBrand
                0x00810034                DefPrintLogo
                0x00810135                DefPrintInitialize
                0x00810085                DefProductPrice
                0x00810038                DefNotifScreen
                0x00810146                DefPoolingTryResend
                0x0081000b                DefSysPassword
                0x00810138                DefTransactionNumber
                0x00810136                DefInitIFT
                0x00810045                DefPumpMap
                0x00810015                DefOperatorName
                0x00810109                DefBankName
                0x0081003d                DefDecimalTotalMoney
                0x00810149                DefActivePump
                0x008103c1                DefPrintMoney
                0x00810000                DefIFT_ID
                0x0081003c                DefDecimalTotalVolume
                0x0081013f                DefShift
                0x00810037                DefShowDateTime
                0x0081003a                DefDecimalVolume
                0x00810144                DefPoolingPumpMax
                0x00810040                DefMarkMap
                0x0081003b                DefDecimalMoney
                0x00810145                DefPoolingNoPumpCount
                0x0081003e                DefDecimalMark
                0x00810036                DefConnectionHost
                0x00810035                DefPrintSize
                0x00810148                DefPoolingDelayNextPump
                0x00810857                __eeprom_end = .

.fuse
 *(.fuse)
 *(.lfuse)
 *(.hfuse)
 *(.efuse)

.lock
 *(.lock*)

.signature
 *(.signature*)

.stab
 *(.stab)

.stabstr
 *(.stabstr)

.stab.excl
 *(.stab.excl)

.stab.exclstr
 *(.stab.exclstr)

.stab.index
 *(.stab.index)

.stab.indexstr
 *(.stab.indexstr)

.comment
 *(.comment)

.debug
 *(.debug)

.line
 *(.line)

.debug_srcinfo
 *(.debug_srcinfo)

.debug_sfnames
 *(.debug_sfnames)

.debug_aranges  0x00000000       0xe0
 *(.debug_aranges)
 .debug_aranges
                0x00000000       0x20 master4.o
 .debug_aranges
                0x00000020       0x20 f_menu.o
 .debug_aranges
                0x00000040       0x20 LCD.o
 .debug_aranges
                0x00000060       0x20 KEYPAD.o
 .debug_aranges
                0x00000080       0x20 SPI.o
 .debug_aranges
                0x000000a0       0x20 RTC.o
 .debug_aranges
                0x000000c0       0x20 UART.o

.debug_pubnames
                0x00000000     0x24d7
 *(.debug_pubnames)
 .debug_pubnames
                0x00000000       0xb1 master4.o
 .debug_pubnames
                0x000000b1     0x2191 f_menu.o
 .debug_pubnames
                0x00002242       0xa4 LCD.o
 .debug_pubnames
                0x000022e6      0x114 KEYPAD.o
 .debug_pubnames
                0x000023fa       0x39 SPI.o
 .debug_pubnames
                0x00002433       0x32 RTC.o
 .debug_pubnames
                0x00002465       0x72 UART.o

.debug_info     0x00000000    0x1331c
 *(.debug_info)
 .debug_info    0x00000000      0x460 master4.o
 .debug_info    0x00000460    0x11b01 f_menu.o
 .debug_info    0x00011f61      0x76c LCD.o
 .debug_info    0x000126cd      0x552 KEYPAD.o
 .debug_info    0x00012c1f      0x1ac SPI.o
 .debug_info    0x00012dcb      0x173 RTC.o
 .debug_info    0x00012f3e      0x3de UART.o
 *(.gnu.linkonce.wi.*)

.debug_abbrev   0x00000000      0xbae
 *(.debug_abbrev)
 .debug_abbrev  0x00000000      0x168 master4.o
 .debug_abbrev  0x00000168      0x436 f_menu.o
 .debug_abbrev  0x0000059e      0x168 LCD.o
 .debug_abbrev  0x00000706      0x1a3 KEYPAD.o
 .debug_abbrev  0x000008a9       0xee SPI.o
 .debug_abbrev  0x00000997       0xe0 RTC.o
 .debug_abbrev  0x00000a77      0x137 UART.o

.debug_line     0x00000000     0xdfb2
 *(.debug_line)
 .debug_line    0x00000000      0x335 master4.o
 .debug_line    0x00000335     0xcc2a f_menu.o
 .debug_line    0x0000cf5f      0x476 LCD.o
 .debug_line    0x0000d3d5      0x3fb KEYPAD.o
 .debug_line    0x0000d7d0      0x1c2 SPI.o
 .debug_line    0x0000d992      0x2c5 RTC.o
 .debug_line    0x0000dc57      0x35b UART.o

.debug_frame    0x00000000     0x11b0
 *(.debug_frame)
 .debug_frame   0x00000000       0x40 master4.o
 .debug_frame   0x00000040      0xf50 f_menu.o
 .debug_frame   0x00000f90       0xc0 LCD.o
 .debug_frame   0x00001050       0x60 KEYPAD.o
 .debug_frame   0x000010b0       0x40 SPI.o
 .debug_frame   0x000010f0       0x40 RTC.o
 .debug_frame   0x00001130       0x80 UART.o

.debug_str      0x00000000     0x52b6
 *(.debug_str)
 .debug_str     0x00000000      0x497 master4.o
                                0x4d8 (size before relaxing)
 .debug_str     0x00000497     0x4bdd f_menu.o
                               0x5360 (size before relaxing)
 .debug_str     0x00005074       0x81 LCD.o
                                0x1a3 (size before relaxing)
 .debug_str     0x000050f5       0xb4 KEYPAD.o
                                0x213 (size before relaxing)
 .debug_str     0x000051a9       0x3e SPI.o
                                0x133 (size before relaxing)
 .debug_str     0x000051e7       0x38 RTC.o
                                0x105 (size before relaxing)
 .debug_str     0x0000521f       0x97 UART.o
                                0x1cb (size before relaxing)

.debug_loc      0x00000000     0x78c8
 *(.debug_loc)
 .debug_loc     0x00000000       0x30 master4.o
 .debug_loc     0x00000030     0x6963 f_menu.o
 .debug_loc     0x00006993      0x4be LCD.o
 .debug_loc     0x00006e51      0x41e KEYPAD.o
 .debug_loc     0x0000726f       0x72 SPI.o
 .debug_loc     0x000072e1      0x13e RTC.o
 .debug_loc     0x0000741f      0x4a9 UART.o

.debug_macinfo
 *(.debug_macinfo)
OUTPUT(master4.elf elf32-avr)
LOAD linker stubs

.debug_ranges   0x00000000      0x720
 .debug_ranges  0x00000000      0x648 f_menu.o
 .debug_ranges  0x00000648       0xd8 KEYPAD.o
